Component: ARM Compiler 5.06 update 6 (build 750) Tool: armlink [4d35ed]

==============================================================================

Section Cross References

    main.o(i.Appli_Exti_CB) refers to main.o(.data) for .data
    main.o(i.Fatal_Error) refers to sdk_eval_led.o(i.SdkEvalLedInit) for SdkEvalLedInit
    main.o(i.Fatal_Error) refers to sdk_eval_timers.o(i.SdkDelayMs) for SdkDelayMs
    main.o(i.Fatal_Error) refers to sdk_eval_led.o(i.SdkEvalLedToggle) for SdkEvalLedToggle
    main.o(i.HAL_ADC_MspInit) refers to stm32l0xx_hal_gpio.o(i.HAL_GPIO_Init) for HAL_GPIO_Init
    main.o(i.HAL_Delay) refers to sdk_eval_timers.o(i.SdkDelayMs) for SdkDelayMs
    main.o(i.HAL_GetTick) refers to sdk_eval_timers.o(.data) for lSystickCounter
    main.o(i.HAL_I2C_MspInit) refers to stm32l0xx_hal_gpio.o(i.HAL_GPIO_Init) for HAL_GPIO_Init
    main.o(i.HAL_I2C_MspInit) refers to stm32l0xx_hal_cortex.o(i.HAL_NVIC_SetPriority) for HAL_NVIC_SetPriority
    main.o(i.HAL_I2C_MspInit) refers to stm32l0xx_hal_cortex.o(i.HAL_NVIC_EnableIRQ) for HAL_NVIC_EnableIRQ
    main.o(i.HAL_IncTick) refers to sdk_eval_timers.o(.data) for lSystickCounter
    main.o(i.HAL_RTCEx_AlarmBEventCallback) refers to main.o(.data) for .data
    main.o(i.HAL_RTCEx_AlarmBEventCallback) refers to main.o(.bss) for .bss
    main.o(i.HAL_RTC_AlarmAEventCallback) refers to main.o(.data) for .data
    main.o(i.HAL_RTC_MspInit) refers to stm32l0xx_hal_cortex.o(i.HAL_NVIC_SetPriority) for HAL_NVIC_SetPriority
    main.o(i.HAL_RTC_MspInit) refers to stm32l0xx_hal_cortex.o(i.HAL_NVIC_EnableIRQ) for HAL_NVIC_EnableIRQ
    main.o(i.HAL_TIM_Base_MspInit) refers to stm32l0xx_hal_cortex.o(i.HAL_NVIC_SetPriority) for HAL_NVIC_SetPriority
    main.o(i.HAL_TIM_Base_MspInit) refers to stm32l0xx_hal_cortex.o(i.HAL_NVIC_EnableIRQ) for HAL_NVIC_EnableIRQ
    main.o(i.HAL_UART_MspInit) refers to stm32l0xx_hal_gpio.o(i.HAL_GPIO_Init) for HAL_GPIO_Init
    main.o(i.HAL_UART_MspInit) refers to stm32l0xx_hal_cortex.o(i.HAL_NVIC_SetPriority) for HAL_NVIC_SetPriority
    main.o(i.HAL_UART_MspInit) refers to stm32l0xx_hal_cortex.o(i.HAL_NVIC_EnableIRQ) for HAL_NVIC_EnableIRQ
    main.o(i.HAL_WWDG_MspInit) refers to stm32l0xx_hal_cortex.o(i.HAL_NVIC_SetPriority) for HAL_NVIC_SetPriority
    main.o(i.HAL_WWDG_MspInit) refers to stm32l0xx_hal_cortex.o(i.HAL_NVIC_EnableIRQ) for HAL_NVIC_EnableIRQ
    main.o(i.LedBlink) refers to sdk_eval_led.o(i.SdkEvalLedInit) for SdkEvalLedInit
    main.o(i.LedBlink) refers to sdk_eval_led.o(i.SdkEvalLedToggle) for SdkEvalLedToggle
    main.o(i.LedBlink) refers to sdk_eval_timers.o(i.SdkDelayMs) for SdkDelayMs
    main.o(i.LedBlink) refers to main.o(.bss) for .bss
    main.o(i.MX_ADC_Init) refers to stm32l0xx_hal_adc.o(i.HAL_ADC_Init) for HAL_ADC_Init
    main.o(i.MX_ADC_Init) refers to stm32l0xx_hal_adc.o(i.HAL_ADC_ConfigChannel) for HAL_ADC_ConfigChannel
    main.o(i.MX_ADC_Init) refers to main.o(.bss) for .bss
    main.o(i.MX_GPIO_Init) refers to stm32l0xx_hal_gpio.o(i.HAL_GPIO_WritePin) for HAL_GPIO_WritePin
    main.o(i.MX_GPIO_Init) refers to stm32l0xx_hal_gpio.o(i.HAL_GPIO_Init) for HAL_GPIO_Init
    main.o(i.MX_GPIO_Init) refers to stm32l0xx_hal_cortex.o(i.HAL_NVIC_SetPriority) for HAL_NVIC_SetPriority
    main.o(i.MX_GPIO_Init) refers to stm32l0xx_hal_cortex.o(i.HAL_NVIC_EnableIRQ) for HAL_NVIC_EnableIRQ
    main.o(i.MX_I2C1_Init) refers to stm32l0xx_hal_i2c.o(i.HAL_I2C_Init) for HAL_I2C_Init
    main.o(i.MX_I2C1_Init) refers to stm32l0xx_hal_i2c_ex.o(i.HAL_I2CEx_ConfigAnalogFilter) for HAL_I2CEx_ConfigAnalogFilter
    main.o(i.MX_I2C1_Init) refers to stm32l0xx_hal_i2c_ex.o(i.HAL_I2CEx_ConfigDigitalFilter) for HAL_I2CEx_ConfigDigitalFilter
    main.o(i.MX_I2C1_Init) refers to main.o(.bss) for .bss
    main.o(i.MX_RTC_Init) refers to main.o(i.rtc_time_reset) for rtc_time_reset
    main.o(i.MX_RTC_Init) refers to main.o(i.rtc_date_reset) for rtc_date_reset
    main.o(i.MX_RTC_Init) refers to stm32l0xx_hal_rtc.o(i.HAL_RTC_Init) for HAL_RTC_Init
    main.o(i.MX_RTC_Init) refers to stm32l0xx_hal_rtc.o(i.HAL_RTC_SetTime) for HAL_RTC_SetTime
    main.o(i.MX_RTC_Init) refers to stm32l0xx_hal_rtc.o(i.HAL_RTC_SetDate) for HAL_RTC_SetDate
    main.o(i.MX_RTC_Init) refers to stm32l0xx_hal_rtc_ex.o(i.HAL_RTCEx_EnableBypassShadow) for HAL_RTCEx_EnableBypassShadow
    main.o(i.MX_RTC_Init) refers to main.o(.bss) for .bss
    main.o(i.MX_TIM6_Init) refers to stm32l0xx_hal_tim.o(i.HAL_TIM_Base_Init) for HAL_TIM_Base_Init
    main.o(i.MX_TIM6_Init) refers to stm32l0xx_hal_tim_ex.o(i.HAL_TIMEx_MasterConfigSynchronization) for HAL_TIMEx_MasterConfigSynchronization
    main.o(i.MX_TIM6_Init) refers to stm32l0xx_hal_tim.o(i.HAL_TIM_Base_Start_IT) for HAL_TIM_Base_Start_IT
    main.o(i.MX_TIM6_Init) refers to main.o(.bss) for .bss
    main.o(i.MX_USART1_UART_Init) refers to stm32l0xx_hal_uart.o(i.HAL_UART_Init) for HAL_UART_Init
    main.o(i.MX_USART1_UART_Init) refers to main.o(.bss) for .bss
[...]
    MCU_API_get_nv_mem                       0x0800b81f   Thumb Code    10  mcu_api.o(i.MCU_API_get_nv_mem)
    MCU_API_get_version                      0x0800b829   Thumb Code    12  mcu_api.o(i.MCU_API_get_version)
    MCU_API_get_voltage_temperature          0x0800b839   Thumb Code    40  mcu_api.o(i.MCU_API_get_voltage_temperature)
    MCU_API_malloc                           0x0800b869   Thumb Code    20  mcu_api.o(i.MCU_API_malloc)
    MCU_API_report_test_result               0x0800b881   Thumb Code    10  mcu_api.o(i.MCU_API_report_test_result)
    MCU_API_set_nv_mem                       0x0800b88b   Thumb Code    10  mcu_api.o(i.MCU_API_set_nv_mem)
    MCU_API_timer_start                      0x0800b895   Thumb Code   110  mcu_api.o(i.MCU_API_timer_start)
    MCU_API_timer_start_carrier_sense        0x0800b915   Thumb Code   168  mcu_api.o(i.MCU_API_timer_start_carrier_sense)
    MCU_API_timer_stop                       0x0800b9cd   Thumb Code    18  mcu_api.o(i.MCU_API_timer_stop)
    MCU_API_timer_stop_carrier_sense         0x0800b9e5   Thumb Code    40  mcu_api.o(i.MCU_API_timer_stop_carrier_sense)
    MCU_API_timer_wait_for_end               0x0800ba11   Thumb Code    28  mcu_api.o(i.MCU_API_timer_wait_for_end)
    NMI_Handler                              0x0800bd25   Thumb Code     2  stm32l0xx_it.o(i.NMI_Handler)
    NVM_Read                                 0x0800bd29   Thumb Code    34  nvm_api.o(i.NVM_Read)
    NVM_ReadBoardData                        0x0800bd51   Thumb Code    26  nvm_api.o(i.NVM_ReadBoardData)
    NVM_ReadRecord                           0x0800bd71   Thumb Code   168  nvm_api.o(i.NVM_ReadRecord)
    NVM_Write                                0x0800be21   Thumb Code    34  nvm_api.o(i.NVM_Write)
    NVM_WriteRecord                          0x0800be49   Thumb Code   126  nvm_api.o(i.NVM_WriteRecord)
    PendSV_Handler                           0x0800bed1   Thumb Code     2  stm32l0xx_it.o(i.PendSV_Handler)
    RTC_Bcd2ToByte                           0x0800bf45   Thumb Code    16  stm32l0xx_hal_rtc.o(i.RTC_Bcd2ToByte)
    RTC_ByteToBcd2                           0x0800bf55   Thumb Code    22  stm32l0xx_hal_rtc.o(i.RTC_ByteToBcd2)
    RTC_EnterInitMode                        0x0800bf6b   Thumb Code    56  stm32l0xx_hal_rtc.o(i.RTC_EnterInitMode)
    RTC_IRQHandler                           0x0800bfa5   Thumb Code    84  mcu_api.o(i.RTC_IRQHandler)
    S2LPManagementGetOffset                  0x0800c001   Thumb Code     6  s2lp_sdk_util.o(i.S2LPManagementGetOffset)
    S2LPManagementGetRangeExtender           0x0800c00d   Thumb Code     6  s2lp_sdk_util.o(i.S2LPManagementGetRangeExtender)
    S2LPManagementGetTcxo                    0x0800c019   Thumb Code     6  s2lp_sdk_util.o(i.S2LPManagementGetTcxo)
    S2LPManagementSetOffset                  0x0800c025   Thumb Code     6  s2lp_sdk_util.o(i.S2LPManagementSetOffset)
    ST_MANUF_report_CB                       0x0800c283   Thumb Code     2  main.o(i.ST_MANUF_report_CB)
    ST_MCU_API_GpioIRQ                       0x0800c285   Thumb Code   128  mcu_api.o(i.ST_MCU_API_GpioIRQ)
    ST_MCU_API_SetSysClock                   0x0800c309   Thumb Code    96  mcu_api.o(i.ST_MCU_API_SetSysClock)
    ST_MCU_API_Shutdown                      0x0800c371   Thumb Code    30  mcu_api.o(i.ST_MCU_API_Shutdown)
    ST_MCU_API_SpiRaw                        0x0800c38f   Thumb Code    10  mcu_api.o(i.ST_MCU_API_SpiRaw)
    ST_MCU_API_TimerCalibration              0x0800c399   Thumb Code   162  mcu_api.o(i.ST_MCU_API_TimerCalibration)
    ST_MCU_API_WaitForInterrupt              0x0800c459   Thumb Code   158  mcu_api.o(i.ST_MCU_API_WaitForInterrupt)
    SVC_Handler                              0x0800c515   Thumb Code     2  stm32l0xx_it.o(i.SVC_Handler)
    SdkDelayMs                               0x0800c519   Thumb Code    38  sdk_eval_timers.o(i.SdkDelayMs)
    SdkEvalEnterShutdown                     0x0800c545   Thumb Code    16  sdk_eval_gpio.o(i.SdkEvalEnterShutdown)
    SdkEvalExitShutdown                      0x0800c555   Thumb Code    34  sdk_eval_gpio.o(i.SdkEvalExitShutdown)
    SdkEvalGpioGetPin                        0x0800c579   Thumb Code     8  sdk_eval_gpio.o(i.SdkEvalGpioGetPin)
    SdkEvalLedInit                           0x0800c585   Thumb Code     2  sdk_eval_led.o(i.SdkEvalLedInit)
    SdkEvalLedToggle                         0x0800c589   Thumb Code    12  sdk_eval_led.o(i.SdkEvalLedToggle)
    SdkEvalM2SGpioInit                       0x0800c599   Thumb Code   144  sdk_eval_gpio.o(i.SdkEvalM2SGpioInit)
    SdkEvalM2SGpioInterruptCmd               0x0800c635   Thumb Code    38  sdk_eval_gpio.o(i.SdkEvalM2SGpioInterruptCmd)
    SdkEvalM2SGpioTriggerFalling             0x0800c661   Thumb Code    24  sdk_eval_gpio.o(i.SdkEvalM2SGpioTriggerFalling)
    SdkEvalM2SGpioTriggerRising              0x0800c681   Thumb Code    24  sdk_eval_gpio.o(i.SdkEvalM2SGpioTriggerRising)
    SdkEvalPushButtonInit                    0x0800c6a1   Thumb Code    82  sdk_eval_button.o(i.SdkEvalPushButtonInit)
    SdkEvalSpiInit                           0x0800c701   Thumb Code   310  sdk_eval_spi_driver_dma.o(i.SdkEvalSpiInit)
    SdkEvalSpiRaw                            0x0800c849   Thumb Code   246  sdk_eval_spi_driver_dma.o(i.SdkEvalSpiRaw)
    SdkEvalSpiRawTC                          0x0800c951   Thumb Code     2  sdk_eval_spi_driver_dma.o(i.SdkEvalSpiRawTC)
    SdkEvalTcxoInit                          0x0800c955   Thumb Code    46  sdk_eval_gpio.o(i.SdkEvalTcxoInit)
    SdkEvalTcxoOff                           0x0800c98d   Thumb Code     2  sdk_eval_gpio.o(i.SdkEvalTcxoOff)
    SdkEvalTcxoOn                            0x0800c98f   Thumb Code     2  sdk_eval_gpio.o(i.SdkEvalTcxoOn)
    SdkEvalTimersFindFactors                 0x0800c991   Thumb Code   148  sdk_eval_timers.o(i.SdkEvalTimersFindFactors)
    SdkEvalTimersTimConfig                   0x0800ca29   Thumb Code   166  sdk_eval_timers.o(i.SdkEvalTimersTimConfig)
    SetNVMInitial                            0x0800cae1   Thumb Code    62  nvm_api.o(i.SetNVMInitial)
    SysTick_Handler                          0x0800cb25   Thumb Code    10  sdk_eval_timers.o(i.SysTick_Handler)
    SystemClock_Config                       0x0800cb35   Thumb Code   158  main.o(i.SystemClock_Config)
    SystemInit                               0x0800cbdd   Thumb Code    66  system_stm32l0xx.o(i.SystemInit)
    TIM6_IRQHandler                          0x0800cc31   Thumb Code    20  stm32l0xx_it.o(i.TIM6_IRQHandler)
    UART_AdvFeatureConfig                    0x0800cc9d   Thumb Code   202  stm32l0xx_hal_uart.o(i.UART_AdvFeatureConfig)
    UART_CheckIdleState                      0x0800cd69   Thumb Code    90  stm32l0xx_hal_uart.o(i.UART_CheckIdleState)
    UART_SetConfig                           0x0800ce79   Thumb Code   498  stm32l0xx_hal_uart.o(i.UART_SetConfig)
    UART_WaitOnFlagUntilTimeout              0x0800d0fb   Thumb Code    96  stm32l0xx_hal_uart.o(i.UART_WaitOnFlagUntilTimeout)
    USART1_IRQHandler                        0x0800d15d   Thumb Code    40  stm32l0xx_it.o(i.USART1_IRQHandler)
    WWDG_IRQHandler                          0x0800d195   Thumb Code    10  stm32l0xx_it.o(i.WWDG_IRQHandler)
    __ARM_clz                                0x0800d1a5   Thumb Code    46  depilogue.o(i.__ARM_clz)
    __ARM_common_switch8                     0x0800d1d3   Thumb Code    26  main.o(i.__ARM_common_switch8)
    __aeabi_errno_addr                       0x0800d231   Thumb Code     4  errno.o(i.__aeabi_errno_addr)
    __rt_errno_addr                          0x0800d231   Thumb Code     0  errno.o(i.__aeabi_errno_addr)
    __scatterload_copy                       0x0800d239   Thumb Code    14  handlers.o(i.__scatterload_copy)
    __scatterload_null                       0x0800d247   Thumb Code     2  handlers.o(i.__scatterload_null)
    __scatterload_zeroinit                   0x0800d249   Thumb Code    14  handlers.o(i.__scatterload_zeroinit)
    accel_dur_set                            0x0800d2c9   Thumb Code    94  main.o(i.accel_dur_set)
    accel_i2c_rx                             0x0800d335   Thumb Code    44  lis2de.o(i.accel_i2c_rx)
    accel_i2c_tx                             0x0800d365   Thumb Code    34  lis2de.o(i.accel_i2c_tx)
    accel_init                               0x0800d38d   Thumb Code    28  lis2de.o(i.accel_init)
    accel_reset_act_int2                     0x0800d3b1   Thumb Code    98  lis2de.o(i.accel_reset_act_int2)
    accel_sleep                              0x0800d419   Thumb Code    28  lis2de.o(i.accel_sleep)
    accel_test                               0x0800d43d   Thumb Code    44  lis2de.o(i.accel_test)
    alarm_a_set                              0x0800d469   Thumb Code   264  main.o(i.alarm_a_set)
    alarm_b_set                              0x0800d581   Thumb Code   196  main.o(i.alarm_b_set)
    alarm_b_set_off                          0x0800d651   Thumb Code    70  main.o(i.alarm_b_set_off)
    ascii2hex                                0x0800d6a5   Thumb Code   100  gps.o(i.ascii2hex)
    decodeNext                               0x0800d709   Thumb Code    32  gps.o(i.decodeNext)
    delay_seconds                            0x0800d72d   Thumb Code    32  main.o(i.delay_seconds)
    eeprom_load_para                         0x0800d751   Thumb Code    76  main.o(i.eeprom_load_para)
    eeprom_save_para                         0x0800d7a1   Thumb Code   298  main.o(i.eeprom_save_para)
    get_bat                                  0x0800d8d9   Thumb Code   100  main.o(i.get_bat)
    get_bat_adc                              0x0800d945   Thumb Code    10  main.o(i.get_bat_adc)
    get_bat_en                               0x0800d955   Thumb Code    64  main.o(i.get_bat_en)
    get_now_timestamp                        0x0800d9a5   Thumb Code    84  main.o(i.get_now_timestamp)
    get_temp                                 0x0800d9fd   Thumb Code   112  main.o(i.get_temp)
    getfix                                   0x0800da85   Thumb Code    34  gps.o(i.getfix)
    gps_baud_set                             0x0800daad   Thumb Code    80  gps.o(i.gps_baud_set)
    gps_decode                               0x0800db05   Thumb Code    86  gps.o(i.gps_decode)
    gps_en                                   0x0800db69   Thumb Code    58  gps.o(i.gps_en)
    gps_fill_dataframe                       0x0800dba5   Thumb Code    90  gps.o(i.gps_fill_dataframe)
    gps_get_lat_long                         0x0800dc09   Thumb Code   118  gps.o(i.gps_get_lat_long)
    gps_get_time_date                        0x0800dc89   Thumb Code   126  gps.o(i.gps_get_time_date)
    gps_gnss_config                          0x0800dd0d   Thumb Code    62  gps.o(i.gps_gnss_config)
    gps_init                                 0x0800dd55   Thumb Code   102  gps.o(i.gps_init)
    gps_nema_uart_tx                         0x0800ddc9   Thumb Code    96  gps.o(i.gps_nema_uart_tx)
    gps_nmea_checksum                        0x0800de31   Thumb Code    26  gps.o(i.gps_nmea_checksum)
    gps_parameter_reset                      0x0800de51   Thumb Code    50  gps.o(i.gps_parameter_reset)
    gps_pms_config                           0x0800de91   Thumb Code    56  gps.o(i.gps_pms_config)
    gps_rst_config                           0x0800ded1   Thumb Code    60  gps.o(i.gps_rst_config)
    gps_strcpy                               0x0800df15   Thumb Code   394  gps.o(i.gps_strcpy)
    gps_test                                 0x0800e0c5   Thumb Code    44  gps.o(i.gps_test)
    gps_uart_tx                              0x0800e0f5   Thumb Code    26  gps.o(i.gps_uart_tx)
    gps_ubx_checksum                         0x0800e119   Thumb Code    42  gps.o(i.gps_ubx_checksum)
    hex2ascii                                0x0800e149   Thumb Code    94  gps.o(i.hex2ascii)
    led_en                                   0x0800e1a9   Thumb Code    46  main.o(i.led_en)
    main                                     0x0800e1dd   Thumb Code  1804  main.o(i.main)
    mcu_accel_int2_setting                   0x0800e91d   Thumb Code    86  main.o(i.mcu_accel_int2_setting)
    mcu_system_init                          0x0800e985   Thumb Code   144  main.o(i.mcu_system_init)
    pack_ul_gps_payload                      0x0800ea25   Thumb Code   116  linkdata.o(i.pack_ul_gps_payload)
    pack_ul_setup_payload                    0x0800ea99   Thumb Code   196  linkdata.o(i.pack_ul_setup_payload)
    pack_ul_ubignss_payload                  0x0800eb5d   Thumb Code    82  linkdata.o(i.pack_ul_ubignss_payload)
    rf_en                                    0x0800ebc5   Thumb Code    78  main.o(i.rf_en)
    rtc_date_reset                           0x0800ec19   Thumb Code    12  main.o(i.rtc_date_reset)
    rtc_time_reset                           0x0800ec25   Thumb Code    24  main.o(i.rtc_time_reset)
    set_time                                 0x0800ec3d   Thumb Code    94  main.o(i.set_time)
    sigfox_boot_dl                           0x0800eca1   Thumb Code   106  main.o(i.sigfox_boot_dl)
    sigfox_gps_uldl                          0x0800ed15   Thumb Code   202  main.o(i.sigfox_gps_uldl)
    sigfox_library_setup                     0x0800eded   Thumb Code   280  main.o(i.sigfox_library_setup)
    sigfox_set_rf_power                      0x0800ef0d   Thumb Code    48  main.o(i.sigfox_set_rf_power)
    sigfox_setup_uldl                        0x0800ef3d   Thumb Code   182  main.o(i.sigfox_setup_uldl)
    sigfox_ubi_uldl                          0x0800effd   Thumb Code   178  main.o(i.sigfox_ubi_uldl)
    stop_mode_config                         0x0800f0bd   Thumb Code   272  main.o(i.stop_mode_config)
    stop_mode_enter                          0x0800f1ed   Thumb Code   202  main.o(i.stop_mode_enter)
    time_different                           0x0800f2dd   Thumb Code    12  main.o(i.time_different)
    ubignss_get_time                         0x0800f2e9   Thumb Code    74  ubignss.o(i.ubignss_get_time)
    ubignss_timer_create                     0x0800f33d   Thumb Code    16  timer_driver.o(i.ubignss_timer_create)
    ubignss_timer_start                      0x0800f351   Thumb Code    20  timer_driver.o(i.ubignss_timer_start)
    ubignss_timer_stop                       0x0800f369   Thumb Code    18  timer_driver.o(i.ubignss_timer_stop)
    ubignss_uart_configure                   0x0800f381   Thumb Code    22  uart_driver.o(i.ubignss_uart_configure)
    ubignss_uart_read_char                   0x0800f39d   Thumb Code    22  uart_driver.o(i.ubignss_uart_read_char)
    ubignss_uart_send                        0x0800f3b9   Thumb Code    18  uart_driver.o(i.ubignss_uart_send)
    ul_freq_to_sec                           0x0800f3cd   Thumb Code    38  main.o(i.ul_freq_to_sec)
    unpack_dl_payload                        0x0800f3f9   Thumb Code   106  linkdata.o(i.unpack_dl_payload)
    AHBPrescTable                            0x0800f590   Data          16  system_stm32l0xx.o(.constdata)
    PLLMulTable                              0x0800f5a0   Data           9  system_stm32l0xx.o(.constdata)
    APBPrescTable                            0x0800f5a9   Data           8  system_stm32l0xx.o(.constdata)
    GPS_RST_GNSS_STOP                        0x0800f5b1   Data           4  gps.o(.constdata)
    GPS_RST_COLDSTART                        0x0800f5b5   Data           4  gps.o(.constdata)
    GPS_RST_WARMSTART                        0x0800f5b9   Data           4  gps.o(.constdata)
    GPS_RST_HOTSTART                         0x0800f5bd   Data           4  gps.o(.constdata)
    GPS_PMS_CFG                              0x0800f5c1   Data           6  gps.o(.constdata)
    baudset9600                              0x0800f5c7   Data          29  gps.o(.constdata)
    baudset19200                             0x0800f5e4   Data          30  gps.o(.constdata)
    baudset115200                            0x0800f602   Data          31  gps.o(.constdata)
    baudset921600                            0x0800f621   Data          31  gps.o(.constdata)
    GPS_DCDC_ENABLE                          0x0800f640   Data          20  gps.o(.constdata)
    GPS_GNSS_GPS_Only                        0x0800f654   Data          60  gps.o(.constdata)
    __ctype_table                            0x0800f69c   Data         129  ctype_o.o(.constdata)
    Region$$Table$$Base                      0x0800fc58   Number         0  anon$$obj.o(Region$$Table)
    Region$$Table$$Limit                     0x0800fc78   Number         0  anon$$obj.o(Region$$Table)
    rcz                                      0x20000000   Data           1  main.o(.data)
    use_public_key                           0x20000001   Data           1  main.o(.data)
    gps_fixed                                0x20000002   Data           1  main.o(.data)
    move_flag                                0x20000003   Data           1  main.o(.data)
    nomove_ths                               0x20000004   Data           1  main.o(.data)
    accel_int2_next_edge                     0x20000005   Data           1  main.o(.data)
    accel_init_required                      0x20000006   Data           1  main.o(.data)
    timer_calibrated                         0x20000007   Data           1  main.o(.data)
    boot_flag                                0x20000008   Data           1  main.o(.data)
    s_state                                  0x20000009   Data           1  main.o(.data)
    lp_mode                                  0x2000000a   Data           1  main.o(.data)
    last_state                               0x2000000b   Data           1  main.o(.data)
    rst_state                                0x2000000c   Data           1  main.o(.data)
    test_mode                                0x2000000d   Data           1  main.o(.data)
    ul_counter                               0x2000000e   Data           1  main.o(.data)
    rc_sel                                   0x2000000f   Data           1  main.o(.data)
    cw_power                                 0x20000010   Data           1  main.o(.data)
    move_counter                             0x20000011   Data           1  main.o(.data)
    move_ths                                 0x20000012   Data           1  main.o(.data)
    nomove_sub                               0x20000013   Data           1  main.o(.data)
    wake_src                                 0x20000014   Data           1  main.o(.data)
    rtc_int                                  0x20000015   Data           1  main.o(.data)
    ubi_init_required                        0x20000016   Data           1  main.o(.data)
    ubi_state                                0x20000018   Data           1  main.o(.data)
    retr_err                                 0x20000019   Data           1  main.o(.data)
    random_x                                 0x2000001a   Data           1  main.o(.data)
    random_y                                 0x2000001b   Data           1  main.o(.data)
    mid_night                                0x2000001c   Data           1  main.o(.data)
    starttime                                0x20000020   Data           4  main.o(.data)
    nowtime                                  0x20000024   Data           4  main.o(.data)
    rs_time                                  0x20000028   Data           4  main.o(.data)
    ubi_count                                0x2000002c   Data           4  main.o(.data)
    bat_idle                                 0x20000030   Data           4  main.o(.data)
    mytimestampA                             0x20000034   Data           4  main.o(.data)
    mytimestampB                             0x20000038   Data           4  main.o(.data)
    id                                       0x2000003c   Data           4  main.o(.data)
    mytime_temp                              0x20000040   Data           4  main.o(.data)
    old_dl_payload                           0x20000044   Data           8  main.o(.data)
    pac                                      0x2000004c   Data           8  main.o(.data)
    bat_count                                0x2000006c   Data           1  mcu_api.o(.data)
    led_nowtime                              0x20000078   Data           4  mcu_api.o(.data)
    bat_tx_raw                               0x2000007c   Data           4  mcu_api.o(.data)
    vectpxM2SGpioPort                        0x2000010c   Data          20  sdk_eval_gpio.o(.data)
    lSystickCounter                          0x20000124   Data           4  sdk_eval_timers.o(.data)
    PAGEError                                0x20000128   Data           4  sdk_eval_emb_flash.o(.data)
    SystemCoreClock                          0x2000012c   Data           4  system_stm32l0xx.o(.data)
    gps_error                                0x20000130   Data           1  gps.o(.data)
    CK_A                                     0x20000131   Data           1  gps.o(.data)
    CK_B                                     0x20000132   Data           1  gps.o(.data)
    nmea_checksum                            0x20000133   Data           1  gps.o(.data)
    ubx_bytecount                            0x20000134   Data           1  gps.o(.data)
    num                                      0x20000135   Data           1  gps.o(.data)
    len                                      0x20000136   Data           1  gps.o(.data)
    get                                      0x20000137   Data           1  gps.o(.data)
    rxbytecount                              0x20000138   Data           1  gps.o(.data)
    count                                    0x2000013c   Data           4  gps.o(.data)
    ptime                                    0x20000140   Data           4  gps.o(.data)
    pdate                                    0x20000144   Data           4  gps.o(.data)
    pnumMsg                                  0x20000148   Data           4  gps.o(.data)
    pMsgnum                                  0x2000014c   Data           4  gps.o(.data)
    pnumSV                                   0x20000150   Data           4  gps.o(.data)
    pSignalID                                0x20000154   Data           4  gps.o(.data)
    psv                                      0x20000158   Data           4  gps.o(.data)
    pcno_26                                  0x2000015c   Data           4  gps.o(.data)
    pstatus                                  0x20000160   Data           4  gps.o(.data)
    plat                                     0x20000164   Data           4  gps.o(.data)
    pNS                                      0x20000168   Data           4  gps.o(.data)
    plong                                    0x2000016c   Data           4  gps.o(.data)
    pEW                                      0x20000170   Data           4  gps.o(.data)
    pposMode                                 0x20000174   Data           4  gps.o(.data)
    xyz_status                               0x20000178   Data           1  lis2de.o(.data)
    temp_status                              0x20000179   Data           1  lis2de.o(.data)
    X_H                                      0x2000017a   Data           1  lis2de.o(.data)
    Y_H                                      0x2000017b   Data           1  lis2de.o(.data)
    Z_H                                      0x2000017c   Data           1  lis2de.o(.data)
    accel_temp_reg                           0x2000017d   Data           2  lis2de.o(.data)
    accel_xyz_reg                            0x2000017f   Data           3  lis2de.o(.data)
    accel_init_reg                           0x20000182   Data          38  lis2de.o(.data)
    accel_sleep_reg                          0x200001a8   Data          38  lis2de.o(.data)
    ubi_timer_callback_id                    0x200001d0   Data           4  timer_driver.o(.data)
    ubi_uart_callback_id                     0x200001d4   Data           4  uart_driver.o(.data)
    l45                                      0x200002e8   Data          16  asfd32.o(.data)
    fj6sm                                    0x20000348   Data        1760  libubignsscore.o(.data)
    ubi_time                                 0x20000a2c   Data          12  main.o(.bss)
    ubi_payload                              0x20000a38   Data          10  main.o(.bss)
    tracker_data                             0x20000a42   Data          21  main.o(.bss)
    sensor_data                              0x20000a58   Data          12  main.o(.bss)
    mytime                                   0x20000a64   Data          44  main.o(.bss)
    hrtc                                     0x20000a90   Data          36  main.o(.bss)
    hi2c1                                    0x20000ab4   Data          76  main.o(.bss)
    huart1                                   0x20000b00   Data         112  main.o(.bss)
    sAlarmA                                  0x20000b70   Data          40  main.o(.bss)
    sAlarmB                                  0x20000b98   Data          40  main.o(.bss)
    hadc                                     0x20000bc0   Data          96  main.o(.bss)
    htim6                                    0x20000c20   Data          56  main.o(.bss)
    hwwdg                                    0x20000c58   Data          20  main.o(.bss)
    pFlash                                   0x2000109c   Data          24  stm32l0xx_hal_flash.o(.bss)
    txbuf                                    0x200010b4   Data          64  gps.o(.bss)
    sendbuf                                  0x200010f4   Data          64  gps.o(.bss)
    RMC                                      0x20001134   Data          64  gps.o(.bss)
    GSV                                      0x20001174   Data         128  gps.o(.bss)
    TXT                                      0x200011f4   Data          64  gps.o(.bss)
    g_state                                  0x200012e4   Data           1  sigfox_api.o(.bss)
    rs                                       0x200012e8   Data           4  sigfox_api.o(.bss)
    aes_in                                   0x20001678   Data          32  sigfox_hmac.o(.bss)
    __initial_sp                             0x20001ac8   Data           0  startup_stm32l051xx.o(STACK)
    fjkr21f                                  0x20001ac8   Data           1  anon$$obj.o(fjkr21f)
    fl4aks                                   0x20001acc   Data           4  anon$$obj.o(fl4aks)
    ftfst                                    0x20001ad0   Data           1  anon$$obj.o(ftfst)
    gtsp5                                    0x20001ad4   Data          12  anon$$obj.o(gtsp5)
    nbv89                                    0x20001ae0   Data           1  anon$$obj.o(nbv89)
    nf8ye                                    0x20001ae8   Data           8  anon$$obj.o(nf8ye)
    p5fh                                     0x20001af0   Data         252  anon$$obj.o(p5fh)
    uy8tn                                    0x20001bec   Data           1  anon$$obj.o(uy8tn)
    x56lk                                    0x20001bf0   Data          32  anon$$obj.o(x56lk)



==============================================================================

Memory Map of the image

  Image Entry point : 0x080000c1

  Load Region LR_IROM1 (Base: 0x08000000, Size: 0x000106a4, Max: 0x00010000, ABSOLUTE, COMPRESSED[0x0000febc])

    Execution Region ER_IROM1 (Exec base: 0x08000000, Load base: 0x08000000, Size: 0x0000fc78, Max: 0x00010000, ABSOLUTE)

    Exec Addr    Load Addr    Size         Type   Attr      Idx    E Section Name        Object

    0x08000000   0x08000000   0x000000c0   Data   RO         5037    RESET               startup_stm32l051xx.o
    0x080000c0   0x080000c0   0x00000000   Code   RO         5658  * .ARM.Collect$$$$00000000  mc_p.l(entry.o)
    0x080000c0   0x080000c0   0x00000004   Code   RO         5716    .ARM.Collect$$$$00000001  mc_p.l(entry2.o)
    0x080000c4   0x080000c4   0x00000004   Code   RO         5719    .ARM.Collect$$$$00000004  mc_p.l(entry5.o)
    0x080000c8   0x080000c8   0x00000000   Code   RO         5721    .ARM.Collect$$$$00000008  mc_p.l(entry7b.o)
    0x080000c8   0x080000c8   0x00000000   Code   RO         5723    .ARM.Collect$$$$0000000A  mc_p.l(entry8b.o)
    0x080000c8   0x080000c8   0x00000008   Code   RO         5724    .ARM.Collect$$$$0000000B  mc_p.l(entry9a.o)
    0x080000d0   0x080000d0   0x00000000   Code   RO         5726    .ARM.Collect$$$$0000000D  mc_p.l(entry10a.o)
    0x080000d0   0x080000d0   0x00000000   Code   RO         5728    .ARM.Collect$$$$0000000F  mc_p.l(entry11a.o)
    0x080000d0   0x080000d0   0x00000004   Code   RO         5717    .ARM.Collect$$$$00002712  mc_p.l(entry2.o)
    0x080000d4   0x080000d4   0x0000001c   Code   RO         5038    .text               startup_stm32l051xx.o
    0x080000f0   0x080000f0   0x0000100e   Code   RO         5434    .text               ST_RF_LIB_ALL_CM0+.a(rf_api.o)
    0x080010fe   0x080010fe   0x00000002   PAD
    0x08001100   0x08001100   0x00000dfc   Code   RO         5484    .text               ID_KEY_RETRIEVER_CM0+.a(asfd32.o)
    0x08001efc   0x08001efc   0x0000054c   Code   RO         5518    .text               SFX_LIB_V2.5.0_FDL_Cortex_M0+.a(sigfox_api.o)
    0x08002448   0x08002448   0x00000f02   Code   RO         5601    .text               SFX_LIB_V2.5.0_FDL_Cortex_M0+.a(sigfox_internal.o)
    0x0800334a   0x0800334a   0x00000002   PAD
    0x0800334c   0x0800334c   0x0000007e   Code   RO         5628    .text               SFX_LIB_V2.5.0_FDL_Cortex_M0+.a(sigfox_crc.o)
    0x080033ca   0x080033ca   0x00000002   PAD
    0x080033cc   0x080033cc   0x00000204   Code   RO         5635    .text               SFX_LIB_V2.5.0_FDL_Cortex_M0+.a(sigfox_decode.o)
    0x080035d0   0x080035d0   0x0000006c   Code   RO         5643    .text               SFX_LIB_V2.5.0_FDL_Cortex_M0+.a(sigfox_hmac.o)
    0x0800363c   0x0800363c   0x00000064   Code   RO         5648    .text               SFX_LIB_V2.5.0_FDL_Cortex_M0+.a(sigfox_pn.o)
    0x080036a0   0x080036a0   0x0000008c   Code   RO         5653    .text               SFX_LIB_V2.5.0_FDL_Cortex_M0+.a(sigfox_scramb.o)
    0x0800372c   0x0800372c   0x0000002c   Code   RO         5661    .text               mc_p.l(uidiv.o)
    0x08003758   0x08003758   0x00000028   Code   RO         5663    .text               mc_p.l(idiv.o)
    0x08003780   0x08003780   0x00000060   Code   RO         5665    .text               mc_p.l(uldiv.o)
    0x080037e0   0x080037e0   0x0000007a   Code   RO         5667    .text               mc_p.l(llmul.o)
    0x0800385a   0x0800385a   0x00000002   PAD
    0x0800385c   0x0800385c   0x0000008c   Code   RO         5673    .text               mc_p.l(mktime.o)
    0x080038e8   0x080038e8   0x00000024   Code   RO         5676    .text               mc_p.l(memcpya.o)
    0x0800390c   0x0800390c   0x00000024   Code   RO         5678    .text               mc_p.l(memseta.o)
    0x08003930   0x08003930   0x0000001a   Code   RO         5680    .text               mc_p.l(strncpy.o)
    0x0800394a   0x0800394a   0x0000000e   Code   RO         5682    .text               mc_p.l(strlen.o)
    0x08003958   0x08003958   0x0000001c   Code   RO         5684    .text               mc_p.l(strcmp.o)
    0x08003974   0x08003974   0x0000001a   Code   RO         5686    .text               mc_p.l(memcmp.o)
    0x0800398e   0x0800398e   0x00000012   Code   RO         5688    .text               mc_p.l(strcpy.o)
    0x080039a0   0x080039a0   0x00000022   Code   RO         5690    .text               mc_p.l(strcspn.o)
    0x080039c2   0x080039c2   0x00000002   PAD
    0x080039c4   0x080039c4   0x00000070   Code   RO         5694    .text               mc_p.l(strtol.o)
    0x08003a34   0x08003a34   0x0000001a   Code   RO         5696    .text               mc_p.l(atoi.o)
    0x08003a4e   0x08003a4e   0x0000007a   Code   RO         5698    .text               mf_p.l(fmul.o)
    0x08003ac8   0x08003ac8   0x00000164   Code   RO         5702    .text               mf_p.l(dadd.o)
    0x08003c2c   0x08003c2c   0x000000d0   Code   RO         5704    .text               mf_p.l(dmul.o)
    0x08003cfc   0x08003cfc   0x0000001c   Code   RO         5708    .text               mf_p.l(dfltui.o)
    0x08003d18   0x08003d18   0x00000032   Code   RO         5710    .text               mf_p.l(ffixi.o)
    0x08003d4a   0x08003d4a   0x00000028   Code   RO         5712    .text               mf_p.l(ffixui.o)
    0x08003d72   0x08003d72   0x00000038   Code   RO         5714    .text               mf_p.l(d2f.o)
    0x08003daa   0x08003daa   0x00000020   Code   RO         5730    .text               mc_p.l(llshl.o)
    0x08003dca   0x08003dca   0x00000022   Code   RO         5732    .text               mc_p.l(llushr.o)
    0x08003dec   0x08003dec   0x00000026   Code   RO         5734    .text               mc_p.l(llsshr.o)
    0x08003e12   0x08003e12   0x00000002   PAD
    0x08003e14   0x08003e14   0x00000008   Code   RO         5736    .text               mc_p.l(ctype_o.o)
    0x08003e1c   0x08003e1c   0x00000010   Code   RO         5764    .text               mc_p.l(localtime_w.o)
    0x08003e2c   0x08003e2c   0x00000074   Code   RO         5767    .text               mc_p.l(localtime_i.o)
    0x08003ea0   0x08003ea0   0x000000a6   Code   RO         5777    .text               mc_p.l(_strtoul.o)
    0x08003f46   0x08003f46   0x00000000   Code   RO         5779    .text               mc_p.l(iusefp.o)
    0x08003f46   0x08003f46   0x00000082   Code   RO         5780    .text               mf_p.l(fepilogue.o)
    0x08003fc8   0x08003fc8   0x000000be   Code   RO         5782    .text               mf_p.l(depilogue.o)
    0x08004086   0x08004086   0x00000002   PAD
    0x08004088   0x08004088   0x00000024   Code   RO         5786    .text               mc_p.l(init.o)
    0x080040ac   0x080040ac   0x0000001e   Code   RO         5788    .text               mc_p.l(_chval.o)
    0x080040ca   0x080040ca   0x00000060   Code   RO         5808    .text               mc_p.l(__dclz77c.o)
    0x0800412a   0x0800412a   0x00000002   PAD
    0x0800412c   0x0800412c   0x000000d0   Code   RO         5575    .text.aalm          libubignsscore.a(libubignsscore.o)
    0x080041fc   0x080041fc   0x000000b4   Code   RO         5588    .text.bpdj          libubignsscore.a(libubignsscore.o)
    0x080042b0   0x080042b0   0x000000c4   Code   RO         5563    .text.cd830         libubignsscore.a(libubignsscore.o)
    0x08004374   0x08004374   0x000000d8   Code   RO         5593    .text.cfg2          libubignsscore.a(libubignsscore.o)
    0x0800444c   0x0800444c   0x0000011c   Code   RO         5578    .text.cje53         libubignsscore.a(libubignsscore.o)
    0x08004568   0x08004568   0x00000014   Code   RO         5557    .text.cnd44         libubignsscore.a(libubignsscore.o)
    0x0800457c   0x0800457c   0x00000050   Code   RO         5567    .text.d666          libubignsscore.a(libubignsscore.o)
    0x080045cc   0x080045cc   0x000002d4   Code   RO         5579    .text.del8          libubignsscore.a(libubignsscore.o)
    0x080048a0   0x080048a0   0x000000a0   Code   RO         5591    .text.dlgn3         libubignsscore.a(libubignsscore.o)
    0x08004940   0x08004940   0x00000028   Code   RO         5562    .text.dro1p         libubignsscore.a(libubignsscore.o)
    0x08004968   0x08004968   0x00000028   Code   RO         5581    .text.fgh22         libubignsscore.a(libubignsscore.o)
    0x08004990   0x08004990   0x00000014   Code   RO         5561    .text.flat852       libubignsscore.a(libubignsscore.o)
    0x080049a4   0x080049a4   0x00000034   Code   RO         5592    .text.gfm41         libubignsscore.a(libubignsscore.o)
    0x080049d8   0x080049d8   0x0000007c   Code   RO         5586    .text.ghkdf         libubignsscore.a(libubignsscore.o)
    0x08004a54   0x08004a54   0x00000038   Code   RO         5580    .text.glek4         libubignsscore.a(libubignsscore.o)
    0x08004a8c   0x08004a8c   0x00000094   Code   RO         5570    .text.gsproc        libubignsscore.a(libubignsscore.o)
    0x08004b20   0x08004b20   0x00000068   Code   RO         5569    .text.gstpss        libubignsscore.a(libubignsscore.o)
    0x08004b88   0x08004b88   0x00000244   Code   RO         5582    .text.hhg3          libubignsscore.a(libubignsscore.o)
    0x08004dcc   0x08004dcc   0x00000030   Code   RO         5573    .text.jt568z        libubignsscore.a(libubignsscore.o)
    0x08004dfc   0x08004dfc   0x00000288   Code   RO         5590    .text.k55f          libubignsscore.a(libubignsscore.o)
    0x08005084   0x08005084   0x00000078   Code   RO         5589    .text.ljf85         libubignsscore.a(libubignsscore.o)
    0x080050fc   0x080050fc   0x00000014   Code   RO         5556    .text.merf2         libubignsscore.a(libubignsscore.o)
    0x08005110   0x08005110   0x00000084   Code   RO         5566    .text.mzt3          libubignsscore.a(libubignsscore.o)
    0x08005194   0x08005194   0x000001a8   Code   RO         5565    .text.ofn82         libubignsscore.a(libubignsscore.o)
    0x0800533c   0x0800533c   0x000001f8   Code   RO         5564    .text.pib40         libubignsscore.a(libubignsscore.o)
    0x08005534   0x08005534   0x00000038   Code   RO         5571    .text.raz_qi_array  libubignsscore.a(libubignsscore.o)
    0x0800556c   0x0800556c   0x00000190   Code   RO         5574    .text.re788         libubignsscore.a(libubignsscore.o)
    0x080056fc   0x080056fc   0x00000028   Code   RO         5568    .text.reset_all_time_fileds  libubignsscore.a(libubignsscore.o)
    0x08005724   0x08005724   0x00000bc8   Code   RO         5585    .text.rll4e         libubignsscore.a(libubignsscore.o)
    0x080062ec   0x080062ec   0x0000011c   Code   RO         5584    .text.ro7fg         libubignsscore.a(libubignsscore.o)
    0x08006408   0x08006408   0x000002f8   Code   RO         5576    .text.soup4         libubignsscore.a(libubignsscore.o)
    0x08006700   0x08006700   0x00000020   Code   RO         5552    .text.treis         libubignsscore.a(libubignsscore.o)
    0x08006720   0x08006720   0x000000fc   Code   RO         5560    .text.truq3         libubignsscore.a(libubignsscore.o)
    0x0800681c   0x0800681c   0x00000274   Code   RO         5544    .text.ubignss_fix   libubignsscore.a(libubignsscore.o)
    0x08006a90   0x08006a90   0x000000d8   Code   RO         5543    .text.ubignss_init_after_gps_power_on  libubignsscore.a(libubignsscore.o)
    0x08006b68   0x08006b68   0x00000014   Code   RO         5554    .text.vnv5          libubignsscore.a(libubignsscore.o)
    0x08006b7c   0x08006b7c   0x00000068   Code   RO         5587    .text.vpano         libubignsscore.a(libubignsscore.o)
    0x08006be4   0x08006be4   0x000001b4   Code   RO         5577    .text.zerr12        libubignsscore.a(libubignsscore.o)
    0x08006d98   0x08006d98   0x00000052   Code   RO         4666    i.ADC_ConversionStop  stm32l0xx_hal_adc.o
    0x08006dea   0x08006dea   0x00000002   PAD
    0x08006dec   0x08006dec   0x00000024   Code   RO         4670    i.ADC_DelayMicroSecond  stm32l0xx_hal_adc.o
    0x08006e10   0x08006e10   0x00000060   Code   RO         4671    i.ADC_Disable       stm32l0xx_hal_adc.o
    0x08006e70   0x08006e70   0x00000064   Code   RO         4672    i.ADC_Enable        stm32l0xx_hal_adc.o
    0x08006ed4   0x08006ed4   0x00000014   Code   RO            3    i.Appli_Exti_CB     main.o
    0x08006ee8   0x08006ee8   0x00000050   Code   RO          908    i.Configure_RTC_Clock  mcu_api.o
    0x08006f38   0x08006f38   0x00000018   Code   RO         1544    i.DMA1_Channel2_3_IRQHandler  sdk_eval_spi_driver_dma.o
    0x08006f50   0x08006f50   0x0000001e   Code   RO         1996    i.DMA_SetConfig     stm32l0xx_hal_dma.o
    0x08006f6e   0x08006f6e   0x00000002   PAD
    0x08006f70   0x08006f70   0x00000044   Code   RO          795    i.EXTI0_1_IRQHandler  stm32l0xx_it.o
    0x08006fb4   0x08006fb4   0x00000024   Code   RO          796    i.EXTI2_3_IRQHandler  stm32l0xx_it.o
    0x08006fd8   0x08006fd8   0x00000028   Code   RO         1298    i.EepromSPICSHigh   sdk_eval_eeprom.o
    0x08007000   0x08007000   0x00000080   Data   RO         1687    .ARM.__AT_0x08007000  sdk_eval_emb_flash.o
    0x08007080   0x08007080   0x00000080   Data   RO         1688    .ARM.__AT_0x08007080  sdk_eval_emb_flash.o
    0x08007100   0x08007100   0x000006b0   Code   RO         5583    .text.uret10        libubignsscore.a(libubignsscore.o)
    0x080077b0   0x080077b0   0x000003e8   Code   RO         5572    .text.zo6o          libubignsscore.a(libubignsscore.o)
    0x08007b98   0x08007b98   0x000000f0   Code   RO          797    i.EXTI4_15_IRQHandler  stm32l0xx_it.o
    0x08007c88   0x08007c88   0x0000005c   Code   RO         1296    i.EepromRead        sdk_eval_eeprom.o
    0x08007ce4   0x08007ce4   0x0000002c   Code   RO         1299    i.EepromSPICSLow    sdk_eval_eeprom.o
    0x08007d10   0x08007d10   0x0000000c   Code   RO         1303    i.EepromWaitEndWriteOperation  sdk_eval_eeprom.o
    0x08007d1c   0x08007d1c   0x00000070   Code   RO         1304    i.EepromWrite       sdk_eval_eeprom.o
    0x08007d8c   0x08007d8c   0x00000028   Code   RO         1305    i.EepromWriteEnable  sdk_eval_eeprom.o
    0x08007db4   0x08007db4   0x0000002c   Code   RO         3792    i.FLASH_PageErase   stm32l0xx_hal_flash_ex.o
    0x08007de0   0x08007de0   0x00000090   Code   RO         3697    i.FLASH_SetErrorCode  stm32l0xx_hal_flash.o
    0x08007e70   0x08007e70   0x00000070   Code   RO         3698    i.FLASH_WaitForLastOperation  stm32l0xx_hal_flash.o
    0x08007ee0   0x08007ee0   0x00000014   Code   RO            4    i.Fatal_Error       main.o
    0x08007ef4   0x08007ef4   0x00000040   Code   RO         1683    i.FlashErase        sdk_eval_emb_flash.o
    0x08007f34   0x08007f34   0x0000003a   Code   RO         1684    i.FlashRead         sdk_eval_emb_flash.o
    0x08007f6e   0x08007f6e   0x00000092   Code   RO         1685    i.FlashWrite        sdk_eval_emb_flash.o
    0x08008000   0x08008000   0x0000000e   Code   RO         1686    i.GetNumberOfPagesByBytes  sdk_eval_emb_flash.o
    0x0800800e   0x0800800e   0x00000002   PAD
    0x08008010   0x08008010   0x00000094   Code   RO         4674    i.HAL_ADC_ConfigChannel  stm32l0xx_hal_adc.o
    0x080080a4   0x080080a4   0x000000b4   Code   RO         4677    i.HAL_ADC_DeInit    stm32l0xx_hal_adc.o
    0x08008158   0x08008158   0x00000006   Code   RO         4681    i.HAL_ADC_GetValue  stm32l0xx_hal_adc.o
    0x0800815e   0x0800815e   0x00000002   PAD
    0x08008160   0x08008160   0x000001c4   Code   RO         4683    i.HAL_ADC_Init      stm32l0xx_hal_adc.o
    0x08008324   0x08008324   0x00000002   Code   RO         4685    i.HAL_ADC_MspDeInit  stm32l0xx_hal_adc.o
    0x08008326   0x08008326   0x00000002   PAD
    0x08008328   0x08008328   0x0000003c   Code   RO            5    i.HAL_ADC_MspInit   main.o
    0x08008364   0x08008364   0x000000be   Code   RO         4687    i.HAL_ADC_PollForConversion  stm32l0xx_hal_adc.o
    0x08008422   0x08008422   0x00000002   PAD
    0x08008424   0x08008424   0x0000005c   Code   RO         4689    i.HAL_ADC_Start     stm32l0xx_hal_adc.o
    0x08008480   0x08008480   0x0000003e   Code   RO         4692    i.HAL_ADC_Stop      stm32l0xx_hal_adc.o
    0x080084be   0x080084be   0x00000002   PAD
    0x080084c0   0x080084c0   0x00000098   Code   RO         1998    i.HAL_DMA_Abort_IT  stm32l0xx_hal_dma.o
    0x08008558   0x08008558   0x00000280   Code   RO         2002    i.HAL_DMA_IRQHandler  stm32l0xx_hal_dma.o
    0x080087d8   0x080087d8   0x00000108   Code   RO         2003    i.HAL_DMA_Init      stm32l0xx_hal_dma.o
    0x080088e0   0x080088e0   0x0000004e   Code   RO         2006    i.HAL_DMA_Start_IT  stm32l0xx_hal_dma.o
    0x0800892e   0x0800892e   0x0000000a   Code   RO            6    i.HAL_Delay         main.o
    0x08008938   0x08008938   0x00000014   Code   RO         3798    i.HAL_FLASHEx_DATAEEPROM_Lock  stm32l0xx_hal_flash_ex.o
    0x0800894c   0x0800894c   0x00000054   Code   RO         3799    i.HAL_FLASHEx_DATAEEPROM_Program  stm32l0xx_hal_flash_ex.o
    0x080089a0   0x080089a0   0x00000024   Code   RO         3800    i.HAL_FLASHEx_DATAEEPROM_Unlock  stm32l0xx_hal_flash_ex.o
    0x080089c4   0x080089c4   0x00000074   Code   RO         3801    i.HAL_FLASHEx_Erase  stm32l0xx_hal_flash_ex.o
    0x08008a38   0x08008a38   0x0000000c   Code   RO         3700    i.HAL_FLASH_GetError  stm32l0xx_hal_flash.o
    0x08008a44   0x08008a44   0x00000014   Code   RO         3702    i.HAL_FLASH_Lock    stm32l0xx_hal_flash.o
    0x08008a58   0x08008a58   0x0000003c   Code   RO         3707    i.HAL_FLASH_Program  stm32l0xx_hal_flash.o
    0x08008a94   0x08008a94   0x0000003c   Code   RO         3709    i.HAL_FLASH_Unlock  stm32l0xx_hal_flash.o
    0x08008ad0   0x08008ad0   0x000000dc   Code   RO         2075    i.HAL_GPIO_DeInit   stm32l0xx_hal_gpio.o
    0x08008bac   0x08008bac   0x00000038   Code   RO          909    i.HAL_GPIO_EXTI_Callback  mcu_api.o
    0x08008be4   0x08008be4   0x00000018   Code   RO         2077    i.HAL_GPIO_EXTI_IRQHandler  stm32l0xx_hal_gpio.o
    0x08008bfc   0x08008bfc   0x00000154   Code   RO         2078    i.HAL_GPIO_Init     stm32l0xx_hal_gpio.o
    0x08008d50   0x08008d50   0x0000000a   Code   RO         2080    i.HAL_GPIO_ReadPin  stm32l0xx_hal_gpio.o
    0x08008d5a   0x08008d5a   0x00000008   Code   RO         2081    i.HAL_GPIO_TogglePin  stm32l0xx_hal_gpio.o
    0x08008d62   0x08008d62   0x0000000c   Code   RO         2082    i.HAL_GPIO_WritePin  stm32l0xx_hal_gpio.o
    0x08008d6e   0x08008d6e   0x00000002   PAD
    0x08008d70   0x08008d70   0x0000000c   Code   RO            7    i.HAL_GetTick       main.o
    0x08008d7c   0x08008d7c   0x0000004a   Code   RO         4909    i.HAL_I2CEx_ConfigAnalogFilter  stm32l0xx_hal_i2c_ex.o
    0x08008dc6   0x08008dc6   0x00000048   Code   RO         4910    i.HAL_I2CEx_ConfigDigitalFilter  stm32l0xx_hal_i2c_ex.o
    0x08008e0e   0x08008e0e   0x00000002   Code   RO         3900    i.HAL_I2C_AbortCpltCallback  stm32l0xx_hal_i2c.o
    0x08008e10   0x08008e10   0x00000002   Code   RO         3901    i.HAL_I2C_AddrCallback  stm32l0xx_hal_i2c.o
    0x08008e12   0x08008e12   0x00000030   Code   RO         3902    i.HAL_I2C_DeInit    stm32l0xx_hal_i2c.o
    0x08008e42   0x08008e42   0x00000058   Code   RO         3904    i.HAL_I2C_ER_IRQHandler  stm32l0xx_hal_i2c.o
    0x08008e9a   0x08008e9a   0x00000010   Code   RO         3905    i.HAL_I2C_EV_IRQHandler  stm32l0xx_hal_i2c.o
    0x08008eaa   0x08008eaa   0x00000002   Code   RO         3907    i.HAL_I2C_ErrorCallback  stm32l0xx_hal_i2c.o
    0x08008eac   0x08008eac   0x000000b4   Code   RO         3911    i.HAL_I2C_Init      stm32l0xx_hal_i2c.o
    0x08008f60   0x08008f60   0x00000002   Code   RO         3913    i.HAL_I2C_ListenCpltCallback  stm32l0xx_hal_i2c.o
    0x08008f62   0x08008f62   0x00000002   Code   RO         3914    i.HAL_I2C_MasterRxCpltCallback  stm32l0xx_hal_i2c.o
    0x08008f64   0x08008f64   0x00000002   Code   RO         3915    i.HAL_I2C_MasterTxCpltCallback  stm32l0xx_hal_i2c.o
    0x08008f66   0x08008f66   0x00000002   PAD
    0x08008f68   0x08008f68   0x0000007c   Code   RO         3919    i.HAL_I2C_Master_Receive_IT  stm32l0xx_hal_i2c.o
    0x08008fe4   0x08008fe4   0x0000007c   Code   RO         3924    i.HAL_I2C_Master_Transmit_IT  stm32l0xx_hal_i2c.o
    0x08009060   0x08009060   0x00000002   Code   RO         3925    i.HAL_I2C_MemRxCpltCallback  stm32l0xx_hal_i2c.o
    0x08009062   0x08009062   0x00000002   Code   RO         3926    i.HAL_I2C_MemTxCpltCallback  stm32l0xx_hal_i2c.o
    0x08009064   0x08009064   0x00000002   Code   RO         3933    i.HAL_I2C_MspDeInit  stm32l0xx_hal_i2c.o
    0x08009066   0x08009066   0x00000002   PAD
    0x08009068   0x08009068   0x00000054   Code   RO            8    i.HAL_I2C_MspInit   main.o
    0x080090bc   0x080090bc   0x00000002   Code   RO         3935    i.HAL_I2C_SlaveRxCpltCallback  stm32l0xx_hal_i2c.o
    0x080090be   0x080090be   0x00000002   Code   RO         3936    i.HAL_I2C_SlaveTxCpltCallback  stm32l0xx_hal_i2c.o
    0x080090c0   0x080090c0   0x00000028   Code   RO         1744    i.HAL_Init          stm32l0xx_hal.o
    0x080090e8   0x080090e8   0x00000028   Code   RO         1745    i.HAL_InitTick      stm32l0xx_hal.o
    0x08009110   0x08009110   0x00000002   Code   RO         1747    i.HAL_MspInit       stm32l0xx_hal.o
    0x08009112   0x08009112   0x00000002   PAD
    0x08009114   0x08009114   0x00000020   Code   RO         1898    i.HAL_NVIC_DisableIRQ  stm32l0xx_hal_cortex.o
    0x08009134   0x08009134   0x00000018   Code   RO         1899    i.HAL_NVIC_EnableIRQ  stm32l0xx_hal_cortex.o
    0x0800914c   0x0800914c   0x00000008   Code   RO         1903    i.HAL_NVIC_SetPriority  stm32l0xx_hal_cortex.o
    0x08009154   0x08009154   0x00000010   Code   RO         2256    i.HAL_PWREx_EnableFastWakeUp  stm32l0xx_hal_pwr_ex.o
    0x08009164   0x08009164   0x00000010   Code   RO         2258    i.HAL_PWREx_EnableUltraLowPower  stm32l0xx_hal_pwr_ex.o
    0x08009174   0x08009174   0x00000010   Code   RO         2144    i.HAL_PWR_EnableBkUpAccess  stm32l0xx_hal_pwr.o
    0x08009184   0x08009184   0x00000010   Code   RO         2148    i.HAL_PWR_EnableWakeUpPin  stm32l0xx_hal_pwr.o
    0x08009194   0x08009194   0x00000034   Code   RO         2151    i.HAL_PWR_EnterSTOPMode  stm32l0xx_hal_pwr.o
    0x080091c8   0x080091c8   0x00000148   Code   RO         2410    i.HAL_RCCEx_GetPeriphCLKFreq  stm32l0xx_hal_rcc_ex.o
    0x08009310   0x08009310   0x00000174   Code   RO         2413    i.HAL_RCCEx_PeriphCLKConfig  stm32l0xx_hal_rcc_ex.o
    0x08009484   0x08009484   0x00000168   Code   RO         2310    i.HAL_RCC_ClockConfig  stm32l0xx_hal_rcc.o
    0x080095ec   0x080095ec   0x0000000c   Code   RO         2314    i.HAL_RCC_GetHCLKFreq  stm32l0xx_hal_rcc.o
    0x080095f8   0x080095f8   0x00000020   Code   RO         2316    i.HAL_RCC_GetPCLK1Freq  stm32l0xx_hal_rcc.o
    0x08009618   0x08009618   0x00000020   Code   RO         2317    i.HAL_RCC_GetPCLK2Freq  stm32l0xx_hal_rcc.o
    0x08009638   0x08009638   0x0000007c   Code   RO         2318    i.HAL_RCC_GetSysClockFreq  stm32l0xx_hal_rcc.o
    0x080096b4   0x080096b4   0x000003ec   Code   RO         2321    i.HAL_RCC_OscConfig  stm32l0xx_hal_rcc.o
    0x08009aa0   0x08009aa0   0x00000018   Code   RO           10    i.HAL_RTCEx_AlarmBEventCallback  main.o
    0x08009ab8   0x08009ab8   0x0000007a   Code   RO         2608    i.HAL_RTCEx_DeactivateWakeUpTimer  stm32l0xx_hal_rtc_ex.o
    0x08009b32   0x08009b32   0x0000003c   Code   RO         2610    i.HAL_RTCEx_EnableBypassShadow  stm32l0xx_hal_rtc_ex.o
    0x08009b6e   0x08009b6e   0x00000002   PAD
    0x08009b70   0x08009b70   0x000000f0   Code   RO         2627    i.HAL_RTCEx_SetWakeUpTimer_IT  stm32l0xx_hal_rtc_ex.o
    0x08009c60   0x08009c60   0x00000002   Code   RO           11    i.HAL_RTCEx_WakeUpTimerEventCallback  main.o
    0x08009c62   0x08009c62   0x00000002   PAD
    0x08009c64   0x08009c64   0x00000038   Code   RO         2633    i.HAL_RTCEx_WakeUpTimerIRQHandler  stm32l0xx_hal_rtc_ex.o
    0x08009c9c   0x08009c9c   0x0000000c   Code   RO           12    i.HAL_RTC_AlarmAEventCallback  main.o
    0x08009ca8   0x08009ca8   0x00000060   Code   RO         2469    i.HAL_RTC_AlarmIRQHandler  stm32l0xx_hal_rtc.o
    0x08009d08   0x08009d08   0x000000d4   Code   RO         2470    i.HAL_RTC_DeInit    stm32l0xx_hal_rtc.o
    0x08009ddc   0x08009ddc   0x000000b0   Code   RO         2471    i.HAL_RTC_DeactivateAlarm  stm32l0xx_hal_rtc.o
    0x08009e8c   0x08009e8c   0x0000008c   Code   RO         2472    i.HAL_RTC_GetAlarm  stm32l0xx_hal_rtc.o
    0x08009f18   0x08009f18   0x00000044   Code   RO         2473    i.HAL_RTC_GetDate   stm32l0xx_hal_rtc.o
    0x08009f5c   0x08009f5c   0x0000005c   Code   RO         2475    i.HAL_RTC_GetTime   stm32l0xx_hal_rtc.o
    0x08009fb8   0x08009fb8   0x000000a4   Code   RO         2476    i.HAL_RTC_Init      stm32l0xx_hal_rtc.o
    0x0800a05c   0x0800a05c   0x00000002   Code   RO         2477    i.HAL_RTC_MspDeInit  stm32l0xx_hal_rtc.o
    0x0800a05e   0x0800a05e   0x00000002   PAD
    0x0800a060   0x0800a060   0x00000030   Code   RO           13    i.HAL_RTC_MspInit   main.o
    0x0800a090   0x0800a090   0x0000019c   Code   RO         2481    i.HAL_RTC_SetAlarm_IT  stm32l0xx_hal_rtc.o
    0x0800a22c   0x0800a22c   0x000000d0   Code   RO         2482    i.HAL_RTC_SetDate   stm32l0xx_hal_rtc.o
    0x0800a2fc   0x0800a2fc   0x000000f0   Code   RO         2483    i.HAL_RTC_SetTime   stm32l0xx_hal_rtc.o
    0x0800a3ec   0x0800a3ec   0x00000034   Code   RO         2484    i.HAL_RTC_WaitForSynchro  stm32l0xx_hal_rtc.o
    0x0800a420   0x0800a420   0x00000002   Code   RO         2817    i.HAL_SPI_ErrorCallback  stm32l0xx_hal_spi.o
    0x0800a422   0x0800a422   0x00000006   Code   RO         2819    i.HAL_SPI_GetState  stm32l0xx_hal_spi.o
    0x0800a428   0x0800a428   0x00000084   Code   RO         2821    i.HAL_SPI_Init      stm32l0xx_hal_spi.o
    0x0800a4ac   0x0800a4ac   0x00000002   Code   RO         2823    i.HAL_SPI_MspInit   stm32l0xx_hal_spi.o
    0x0800a4ae   0x0800a4ae   0x00000002   Code   RO         2827    i.HAL_SPI_RxCpltCallback  stm32l0xx_hal_spi.o
    0x0800a4b0   0x0800a4b0   0x00000002   Code   RO         2828    i.HAL_SPI_RxHalfCpltCallback  stm32l0xx_hal_spi.o
    0x0800a4b2   0x0800a4b2   0x000002ac   Code   RO         2830    i.HAL_SPI_TransmitReceive  stm32l0xx_hal_spi.o
    0x0800a75e   0x0800a75e   0x00000002   PAD
    0x0800a760   0x0800a760   0x00000100   Code   RO         2831    i.HAL_SPI_TransmitReceive_DMA  stm32l0xx_hal_spi.o
    0x0800a860   0x0800a860   0x00000024   Code   RO         1545    i.HAL_SPI_TxRxCpltCallback  sdk_eval_spi_driver_dma.o
    0x0800a884   0x0800a884   0x00000002   Code   RO         2838    i.HAL_SPI_TxRxHalfCpltCallback  stm32l0xx_hal_spi.o
    0x0800a886   0x0800a886   0x00000002   PAD
    0x0800a888   0x0800a888   0x00000018   Code   RO         1905    i.HAL_SYSTICK_CLKSourceConfig  stm32l0xx_hal_cortex.o
    0x0800a8a0   0x0800a8a0   0x00000030   Code   RO         1907    i.HAL_SYSTICK_Config  stm32l0xx_hal_cortex.o
    0x0800a8d0   0x0800a8d0   0x00000048   Code   RO         3671    i.HAL_TIMEx_MasterConfigSynchronization  stm32l0xx_hal_tim_ex.o
    0x0800a918   0x0800a918   0x0000002c   Code   RO         3048    i.HAL_TIM_Base_DeInit  stm32l0xx_hal_tim.o
    0x0800a944   0x0800a944   0x00000034   Code   RO         3050    i.HAL_TIM_Base_Init  stm32l0xx_hal_tim.o
    0x0800a978   0x0800a978   0x00000002   Code   RO         3051    i.HAL_TIM_Base_MspDeInit  stm32l0xx_hal_tim.o
    0x0800a97a   0x0800a97a   0x00000002   PAD
    0x0800a97c   0x0800a97c   0x00000030   Code   RO           14    i.HAL_TIM_Base_MspInit  main.o
    0x0800a9ac   0x0800a9ac   0x00000018   Code   RO         3053    i.HAL_TIM_Base_Start  stm32l0xx_hal_tim.o
    0x0800a9c4   0x0800a9c4   0x00000016   Code   RO         3055    i.HAL_TIM_Base_Start_IT  stm32l0xx_hal_tim.o
    0x0800a9da   0x0800a9da   0x00000002   PAD
    0x0800a9dc   0x0800a9dc   0x00000028   Code   RO         3056    i.HAL_TIM_Base_Stop  stm32l0xx_hal_tim.o
    0x0800aa04   0x0800aa04   0x00000024   Code   RO         3058    i.HAL_TIM_Base_Stop_IT  stm32l0xx_hal_tim.o
    0x0800aa28   0x0800aa28   0x0000000c   Code   RO         1111    i.HAL_TIM_IC_CaptureCallback  s2lp_sdk_util.o
    0x0800aa34   0x0800aa34   0x00000126   Code   RO         3092    i.HAL_TIM_IRQHandler  stm32l0xx_hal_tim.o
    0x0800ab5a   0x0800ab5a   0x00000002   Code   RO         3095    i.HAL_TIM_OC_DelayElapsedCallback  stm32l0xx_hal_tim.o
    0x0800ab5c   0x0800ab5c   0x00000002   Code   RO         3122    i.HAL_TIM_PWM_PulseFinishedCallback  stm32l0xx_hal_tim.o
    0x0800ab5e   0x0800ab5e   0x00000002   Code   RO         3129    i.HAL_TIM_PeriodElapsedCallback  stm32l0xx_hal_tim.o
    0x0800ab60   0x0800ab60   0x00000002   Code   RO         3133    i.HAL_TIM_TriggerCallback  stm32l0xx_hal_tim.o
    0x0800ab62   0x0800ab62   0x00000002   Code   RO         4854    i.HAL_UARTEx_WakeupCallback  stm32l0xx_hal_uart_ex.o
    0x0800ab64   0x0800ab64   0x0000003c   Code   RO         4345    i.HAL_UART_DeInit   stm32l0xx_hal_uart.o
    0x0800aba0   0x0800aba0   0x00000002   Code   RO         4346    i.HAL_UART_ErrorCallback  stm32l0xx_hal_uart.o
    0x0800aba2   0x0800aba2   0x00000002   PAD
    0x0800aba4   0x0800aba4   0x00000144   Code   RO         4349    i.HAL_UART_IRQHandler  stm32l0xx_hal_uart.o
    0x0800ace8   0x0800ace8   0x0000006c   Code   RO         4350    i.HAL_UART_Init     stm32l0xx_hal_uart.o
    0x0800ad54   0x0800ad54   0x00000002   Code   RO         4351    i.HAL_UART_MspDeInit  stm32l0xx_hal_uart.o
    0x0800ad56   0x0800ad56   0x00000002   PAD
    0x0800ad58   0x0800ad58   0x00000054   Code   RO           15    i.HAL_UART_MspInit  main.o
    0x0800adac   0x0800adac   0x00000002   Code   RO         4356    i.HAL_UART_RxCpltCallback  stm32l0xx_hal_uart.o
    0x0800adae   0x0800adae   0x000000c8   Code   RO         4358    i.HAL_UART_Transmit  stm32l0xx_hal_uart.o
    0x0800ae76   0x0800ae76   0x00000002   Code   RO         4361    i.HAL_UART_TxCpltCallback  stm32l0xx_hal_uart.o
    0x0800ae78   0x0800ae78   0x00000002   Code   RO         4959    i.HAL_WWDG_EarlyWakeupCallback  stm32l0xx_hal_wwdg.o
    0x0800ae7a   0x0800ae7a   0x0000001e   Code   RO         4960    i.HAL_WWDG_IRQHandler  stm32l0xx_hal_wwdg.o
    0x0800ae98   0x0800ae98   0x0000002a   Code   RO         4961    i.HAL_WWDG_Init     stm32l0xx_hal_wwdg.o
    0x0800aec2   0x0800aec2   0x00000002   PAD
    0x0800aec4   0x0800aec4   0x00000030   Code   RO           16    i.HAL_WWDG_MspInit  main.o
    0x0800aef4   0x0800aef4   0x0000000a   Code   RO         4963    i.HAL_WWDG_Refresh  stm32l0xx_hal_wwdg.o
    0x0800aefe   0x0800aefe   0x00000002   PAD
    0x0800af00   0x0800af00   0x00000028   Code   RO          798    i.HardFault_Handler  stm32l0xx_it.o
    0x0800af28   0x0800af28   0x00000020   Code   RO          799    i.I2C1_IRQHandler   stm32l0xx_it.o
    0x0800af48   0x0800af48   0x00000034   Code   RO         3945    i.I2C_DMAAbort      stm32l0xx_hal_i2c.o
    0x0800af7c   0x0800af7c   0x00000056   Code   RO         3951    i.I2C_Disable_IRQ   stm32l0xx_hal_i2c.o
    0x0800afd2   0x0800afd2   0x00000002   PAD
    0x0800afd4   0x0800afd4   0x00000064   Code   RO         3952    i.I2C_Enable_IRQ    stm32l0xx_hal_i2c.o
    0x0800b038   0x0800b038   0x00000022   Code   RO         3953    i.I2C_Flush_TXDR    stm32l0xx_hal_i2c.o
    0x0800b05a   0x0800b05a   0x0000007a   Code   RO         3954    i.I2C_ITAddrCplt    stm32l0xx_hal_i2c.o
    0x0800b0d4   0x0800b0d4   0x000000cc   Code   RO         3955    i.I2C_ITError       stm32l0xx_hal_i2c.o
    0x0800b1a0   0x0800b1a0   0x0000005c   Code   RO         3956    i.I2C_ITListenCplt  stm32l0xx_hal_i2c.o
    0x0800b1fc   0x0800b1fc   0x000000a0   Code   RO         3957    i.I2C_ITMasterCplt  stm32l0xx_hal_i2c.o
    0x0800b29c   0x0800b29c   0x00000046   Code   RO         3958    i.I2C_ITMasterSequentialCplt  stm32l0xx_hal_i2c.o
    0x0800b2e2   0x0800b2e2   0x00000002   PAD
    0x0800b2e4   0x0800b2e4   0x000000e8   Code   RO         3959    i.I2C_ITSlaveCplt   stm32l0xx_hal_i2c.o
    0x0800b3cc   0x0800b3cc   0x0000004a   Code   RO         3960    i.I2C_ITSlaveSequentialCplt  stm32l0xx_hal_i2c.o
    0x0800b416   0x0800b416   0x000000c2   Code   RO         3962    i.I2C_Master_ISR_DMA  stm32l0xx_hal_i2c.o
    0x0800b4d8   0x0800b4d8   0x00000128   Code   RO         3963    i.I2C_Master_ISR_IT  stm32l0xx_hal_i2c.o
    0x0800b600   0x0800b600   0x00000068   Code   RO         3966    i.I2C_Slave_ISR_DMA  stm32l0xx_hal_i2c.o
    0x0800b668   0x0800b668   0x00000118   Code   RO         3967    i.I2C_Slave_ISR_IT  stm32l0xx_hal_i2c.o
    0x0800b780   0x0800b780   0x00000024   Code   RO         3968    i.I2C_TransferConfig  stm32l0xx_hal_i2c.o
    0x0800b7a4   0x0800b7a4   0x0000000e   Code   RO          910    i.MCU_API_aes_128_cbc_encrypt  mcu_api.o
    0x0800b7b2   0x0800b7b2   0x00000002   PAD
    0x0800b7b4   0x0800b7b4   0x00000044   Code   RO          911    i.MCU_API_delay     mcu_api.o
    0x0800b7f8   0x0800b7f8   0x00000004   Code   RO          912    i.MCU_API_free      mcu_api.o
    0x0800b7fc   0x0800b7fc   0x00000018   Code   RO          913    i.MCU_API_get_device_id_and_payload_encryption_flag  mcu_api.o
    0x0800b814   0x0800b814   0x0000000a   Code   RO          914    i.MCU_API_get_initial_pac  mcu_api.o
    0x0800b81e   0x0800b81e   0x0000000a   Code   RO          915    i.MCU_API_get_nv_mem  mcu_api.o
    0x0800b828   0x0800b828   0x00000010   Code   RO          916    i.MCU_API_get_version  mcu_api.o
    0x0800b838   0x0800b838   0x00000030   Code   RO          917    i.MCU_API_get_voltage_temperature  mcu_api.o
    0x0800b868   0x0800b868   0x00000018   Code   RO          918    i.MCU_API_malloc    mcu_api.o
    0x0800b880   0x0800b880   0x0000000a   Code   RO          919    i.MCU_API_report_test_result  mcu_api.o
    0x0800b88a   0x0800b88a   0x0000000a   Code   RO          920    i.MCU_API_set_nv_mem  mcu_api.o
    0x0800b894   0x0800b894   0x00000080   Code   RO          921    i.MCU_API_timer_start  mcu_api.o
    0x0800b914   0x0800b914   0x000000b8   Code   RO          922    i.MCU_API_timer_start_carrier_sense  mcu_api.o
    0x0800b9cc   0x0800b9cc   0x00000018   Code   RO          923    i.MCU_API_timer_stop  mcu_api.o
    0x0800b9e4   0x0800b9e4   0x0000002c   Code   RO          924    i.MCU_API_timer_stop_carrier_sense  mcu_api.o
    0x0800ba10   0x0800ba10   0x00000024   Code   RO          925    i.MCU_API_timer_wait_for_end  mcu_api.o
    0x0800ba34   0x0800ba34   0x00000068   Code   RO           18    i.MX_ADC_Init       main.o
    0x0800ba9c   0x0800ba9c   0x00000100   Code   RO           19    i.MX_GPIO_Init      main.o
    0x0800bb9c   0x0800bb9c   0x00000054   Code   RO           20    i.MX_I2C1_Init      main.o
    0x0800bbf0   0x0800bbf0   0x00000088   Code   RO           21    i.MX_RTC_Init       main.o
    0x0800bc78   0x0800bc78   0x00000044   Code   RO           22    i.MX_TIM6_Init      main.o
    0x0800bcbc   0x0800bcbc   0x00000038   Code   RO           23    i.MX_USART1_UART_Init  main.o
    0x0800bcf4   0x0800bcf4   0x00000030   Code   RO           24    i.MX_WWDG_Init      main.o
    0x0800bd24   0x0800bd24   0x00000002   Code   RO          801    i.NMI_Handler       stm32l0xx_it.o
    0x0800bd26   0x0800bd26   0x00000002   PAD
    0x0800bd28   0x0800bd28   0x00000028   Code   RO          689    i.NVM_Read          nvm_api.o
    0x0800bd50   0x0800bd50   0x00000020   Code   RO          690    i.NVM_ReadBoardData  nvm_api.o
    0x0800bd70   0x0800bd70   0x000000b0   Code   RO          691    i.NVM_ReadRecord    nvm_api.o
    0x0800be20   0x0800be20   0x00000028   Code   RO          693    i.NVM_Write         nvm_api.o
    0x0800be48   0x0800be48   0x00000088   Code   RO          695    i.NVM_WriteRecord   nvm_api.o
    0x0800bed0   0x0800bed0   0x00000002   Code   RO          802    i.PendSV_Handler    stm32l0xx_it.o
    0x0800bed2   0x0800bed2   0x00000002   PAD
    0x0800bed4   0x0800bed4   0x00000070   Code   RO         2322    i.RCC_SetFlashLatencyFromMSIRange  stm32l0xx_hal_rcc.o
    0x0800bf44   0x0800bf44   0x00000010   Code   RO         2485    i.RTC_Bcd2ToByte    stm32l0xx_hal_rtc.o
    0x0800bf54   0x0800bf54   0x00000016   Code   RO         2486    i.RTC_ByteToBcd2    stm32l0xx_hal_rtc.o
    0x0800bf6a   0x0800bf6a   0x00000038   Code   RO         2487    i.RTC_EnterInitMode  stm32l0xx_hal_rtc.o
    0x0800bfa2   0x0800bfa2   0x00000002   PAD
    0x0800bfa4   0x0800bfa4   0x0000005c   Code   RO          926    i.RTC_IRQHandler    mcu_api.o
    0x0800c000   0x0800c000   0x0000000c   Code   RO         1118    i.S2LPManagementGetOffset  s2lp_sdk_util.o
    0x0800c00c   0x0800c00c   0x0000000c   Code   RO         1119    i.S2LPManagementGetRangeExtender  s2lp_sdk_util.o
    0x0800c018   0x0800c018   0x0000000c   Code   RO         1120    i.S2LPManagementGetTcxo  s2lp_sdk_util.o
    0x0800c024   0x0800c024   0x0000000c   Code   RO         1126    i.S2LPManagementSetOffset  s2lp_sdk_util.o
    0x0800c030   0x0800c030   0x0000001e   Code   RO         2840    i.SPI_DMAError      stm32l0xx_hal_spi.o
    0x0800c04e   0x0800c04e   0x0000000a   Code   RO         2841    i.SPI_DMAHalfReceiveCplt  stm32l0xx_hal_spi.o
    0x0800c058   0x0800c058   0x0000000a   Code   RO         2843    i.SPI_DMAHalfTransmitReceiveCplt  stm32l0xx_hal_spi.o
    0x0800c062   0x0800c062   0x000000bc   Code   RO         2844    i.SPI_DMAReceiveCplt  stm32l0xx_hal_spi.o
    0x0800c11e   0x0800c11e   0x000000c2   Code   RO         2846    i.SPI_DMATransmitReceiveCplt  stm32l0xx_hal_spi.o
    0x0800c1e0   0x0800c1e0   0x000000a2   Code   RO         2851    i.SPI_WaitOnFlagUntilTimeout  stm32l0xx_hal_spi.o
    0x0800c282   0x0800c282   0x00000002   Code   RO           26    i.ST_MANUF_report_CB  main.o
    0x0800c284   0x0800c284   0x00000084   Code   RO          927    i.ST_MCU_API_GpioIRQ  mcu_api.o
    0x0800c308   0x0800c308   0x00000068   Code   RO          930    i.ST_MCU_API_SetSysClock  mcu_api.o
    0x0800c370   0x0800c370   0x0000001e   Code   RO          931    i.ST_MCU_API_Shutdown  mcu_api.o
    0x0800c38e   0x0800c38e   0x0000000a   Code   RO          932    i.ST_MCU_API_SpiRaw  mcu_api.o
    0x0800c398   0x0800c398   0x000000c0   Code   RO          933    i.ST_MCU_API_TimerCalibration  mcu_api.o
    0x0800c458   0x0800c458   0x000000bc   Code   RO          934    i.ST_MCU_API_WaitForInterrupt  mcu_api.o
    0x0800c514   0x0800c514   0x00000002   Code   RO          803    i.SVC_Handler       stm32l0xx_it.o
    0x0800c516   0x0800c516   0x00000002   PAD
    0x0800c518   0x0800c518   0x0000002c   Code   RO         1627    i.SdkDelayMs        sdk_eval_timers.o
    0x0800c544   0x0800c544   0x00000010   Code   RO         1393    i.SdkEvalEnterShutdown  sdk_eval_gpio.o
    0x0800c554   0x0800c554   0x00000022   Code   RO         1394    i.SdkEvalExitShutdown  sdk_eval_gpio.o
    0x0800c576   0x0800c576   0x00000002   PAD
    0x0800c578   0x0800c578   0x0000000c   Code   RO         1396    i.SdkEvalGpioGetPin  sdk_eval_gpio.o
    0x0800c584   0x0800c584   0x00000002   Code   RO         1501    i.SdkEvalLedInit    sdk_eval_led.o
    0x0800c586   0x0800c586   0x00000002   PAD
    0x0800c588   0x0800c588   0x00000010   Code   RO         1504    i.SdkEvalLedToggle  sdk_eval_led.o
    0x0800c598   0x0800c598   0x0000009c   Code   RO         1400    i.SdkEvalM2SGpioInit  sdk_eval_gpio.o
    0x0800c634   0x0800c634   0x0000002c   Code   RO         1401    i.SdkEvalM2SGpioInterruptCmd  sdk_eval_gpio.o
    0x0800c660   0x0800c660   0x00000020   Code   RO         1402    i.SdkEvalM2SGpioTriggerFalling  sdk_eval_gpio.o
    0x0800c680   0x0800c680   0x00000020   Code   RO         1403    i.SdkEvalM2SGpioTriggerRising  sdk_eval_gpio.o
    0x0800c6a0   0x0800c6a0   0x00000060   Code   RO         1241    i.SdkEvalPushButtonInit  sdk_eval_button.o
    0x0800c700   0x0800c700   0x00000148   Code   RO         1548    i.SdkEvalSpiInit    sdk_eval_spi_driver_dma.o
    0x0800c848   0x0800c848   0x00000108   Code   RO         1549    i.SdkEvalSpiRaw     sdk_eval_spi_driver_dma.o
    0x0800c950   0x0800c950   0x00000002   Code   RO         1550    i.SdkEvalSpiRawTC   sdk_eval_spi_driver_dma.o
    0x0800c952   0x0800c952   0x00000002   PAD
    0x0800c954   0x0800c954   0x00000038   Code   RO         1404    i.SdkEvalTcxoInit   sdk_eval_gpio.o
    0x0800c98c   0x0800c98c   0x00000002   Code   RO         1405    i.SdkEvalTcxoOff    sdk_eval_gpio.o
    0x0800c98e   0x0800c98e   0x00000002   Code   RO         1406    i.SdkEvalTcxoOn     sdk_eval_gpio.o
    0x0800c990   0x0800c990   0x00000098   Code   RO         1628    i.SdkEvalTimersFindFactors  sdk_eval_timers.o
    0x0800ca28   0x0800ca28   0x000000b8   Code   RO         1629    i.SdkEvalTimersTimConfig  sdk_eval_timers.o
    0x0800cae0   0x0800cae0   0x00000044   Code   RO          696    i.SetNVMInitial     nvm_api.o
    0x0800cb24   0x0800cb24   0x00000010   Code   RO         1632    i.SysTick_Handler   sdk_eval_timers.o
    0x0800cb34   0x0800cb34   0x000000a8   Code   RO           28    i.SystemClock_Config  main.o
    0x0800cbdc   0x0800cbdc   0x00000054   Code   RO         5004    i.SystemInit        system_stm32l0xx.o
    0x0800cc30   0x0800cc30   0x0000001c   Code   RO          804    i.TIM6_IRQHandler   stm32l0xx_it.o
    0x0800cc4c   0x0800cc4c   0x00000050   Code   RO         3134    i.TIM_Base_SetConfig  stm32l0xx_hal_tim.o
    0x0800cc9c   0x0800cc9c   0x000000ca   Code   RO         4363    i.UART_AdvFeatureConfig  stm32l0xx_hal_uart.o
    0x0800cd66   0x0800cd66   0x00000002   PAD
    0x0800cd68   0x0800cd68   0x00000060   Code   RO         4364    i.UART_CheckIdleState  stm32l0xx_hal_uart.o
    0x0800cdc8   0x0800cdc8   0x00000014   Code   RO         4365    i.UART_DMAAbortOnError  stm32l0xx_hal_uart.o
    0x0800cddc   0x0800cddc   0x0000001e   Code   RO         4375    i.UART_EndRxTransfer  stm32l0xx_hal_uart.o
    0x0800cdfa   0x0800cdfa   0x0000007e   Code   RO         4377    i.UART_Receive_IT   stm32l0xx_hal_uart.o
    0x0800ce78   0x0800ce78   0x0000021c   Code   RO         4378    i.UART_SetConfig    stm32l0xx_hal_uart.o
    0x0800d094   0x0800d094   0x00000066   Code   RO         4379    i.UART_Transmit_IT  stm32l0xx_hal_uart.o
    0x0800d0fa   0x0800d0fa   0x00000060   Code   RO         4380    i.UART_WaitOnFlagUntilTimeout  stm32l0xx_hal_uart.o
    0x0800d15a   0x0800d15a   0x00000002   PAD
    0x0800d15c   0x0800d15c   0x00000038   Code   RO          805    i.USART1_IRQHandler  stm32l0xx_it.o
    0x0800d194   0x0800d194   0x00000010   Code   RO          807    i.WWDG_IRQHandler   stm32l0xx_it.o
    0x0800d1a4   0x0800d1a4   0x0000002e   Code   RO         5784    i.__ARM_clz         mf_p.l(depilogue.o)
    0x0800d1d2   0x0800d1d2   0x0000001a   Code   RO          410    i.__ARM_common_switch8  main.o
    0x0800d1ec   0x0800d1ec   0x00000044   Code   RO         1909    i.__NVIC_SetPriority  stm32l0xx_hal_cortex.o
    0x0800d230   0x0800d230   0x00000008   Code   RO         5770    i.__aeabi_errno_addr  mc_p.l(errno.o)
    0x0800d238   0x0800d238   0x0000000e   Code   RO         5802    i.__scatterload_copy  mc_p.l(handlers.o)
    0x0800d246   0x0800d246   0x00000002   Code   RO         5803    i.__scatterload_null  mc_p.l(handlers.o)
    0x0800d248   0x0800d248   0x0000000e   Code   RO         5804    i.__scatterload_zeroinit  mc_p.l(handlers.o)
    0x0800d256   0x0800d256   0x00000040   Code   RO          697    i._setBlockState    nvm_api.o
    0x0800d296   0x0800d296   0x00000032   Code   RO          698    i._writeRecordInternal  nvm_api.o
    0x0800d2c8   0x0800d2c8   0x0000006c   Code   RO           30    i.accel_dur_set     main.o
    0x0800d334   0x0800d334   0x00000030   Code   RO         5219    i.accel_i2c_rx      lis2de.o
    0x0800d364   0x0800d364   0x00000028   Code   RO         5220    i.accel_i2c_tx      lis2de.o
    0x0800d38c   0x0800d38c   0x00000024   Code   RO         5221    i.accel_init        lis2de.o
    0x0800d3b0   0x0800d3b0   0x00000068   Code   RO         5223    i.accel_reset_act_int2  lis2de.o
    0x0800d418   0x0800d418   0x00000024   Code   RO         5226    i.accel_sleep       lis2de.o
    0x0800d43c   0x0800d43c   0x0000002c   Code   RO         5227    i.accel_test        lis2de.o
    0x0800d468   0x0800d468   0x00000118   Code   RO           32    i.alarm_a_set       main.o
    0x0800d580   0x0800d580   0x000000d0   Code   RO           33    i.alarm_b_set       main.o
    0x0800d650   0x0800d650   0x00000054   Code   RO           34    i.alarm_b_set_off   main.o
    0x0800d6a4   0x0800d6a4   0x00000064   Code   RO         5044    i.ascii2hex         gps.o
    0x0800d708   0x0800d708   0x00000024   Code   RO         5045    i.decodeNext        gps.o
    0x0800d72c   0x0800d72c   0x00000024   Code   RO           36    i.delay_seconds     main.o
    0x0800d750   0x0800d750   0x00000050   Code   RO           37    i.eeprom_load_para  main.o
    0x0800d7a0   0x0800d7a0   0x00000138   Code   RO           38    i.eeprom_save_para  main.o
    0x0800d8d8   0x0800d8d8   0x0000006c   Code   RO           41    i.get_bat           main.o
    0x0800d944   0x0800d944   0x00000010   Code   RO           42    i.get_bat_adc       main.o
    0x0800d954   0x0800d954   0x00000050   Code   RO           43    i.get_bat_en        main.o
    0x0800d9a4   0x0800d9a4   0x00000058   Code   RO           44    i.get_now_timestamp  main.o
    0x0800d9fc   0x0800d9fc   0x00000088   Code   RO           45    i.get_temp          main.o
    0x0800da84   0x0800da84   0x00000028   Code   RO         5046    i.getfix            gps.o
    0x0800daac   0x0800daac   0x00000058   Code   RO         5047    i.gps_baud_set      gps.o
    0x0800db04   0x0800db04   0x00000064   Code   RO         5048    i.gps_decode        gps.o
    0x0800db68   0x0800db68   0x0000003a   Code   RO         5049    i.gps_en            gps.o
    0x0800dba2   0x0800dba2   0x00000002   PAD
    0x0800dba4   0x0800dba4   0x00000064   Code   RO         5050    i.gps_fill_dataframe  gps.o
    0x0800dc08   0x0800dc08   0x00000080   Code   RO         5051    i.gps_get_lat_long  gps.o
    0x0800dc88   0x0800dc88   0x00000084   Code   RO         5052    i.gps_get_time_date  gps.o
    0x0800dd0c   0x0800dd0c   0x00000048   Code   RO         5053    i.gps_gnss_config   gps.o
    0x0800dd54   0x0800dd54   0x00000074   Code   RO         5054    i.gps_init          gps.o
    0x0800ddc8   0x0800ddc8   0x00000068   Code   RO         5056    i.gps_nema_uart_tx  gps.o
    0x0800de30   0x0800de30   0x00000020   Code   RO         5057    i.gps_nmea_checksum  gps.o
    0x0800de50   0x0800de50   0x00000040   Code   RO         5058    i.gps_parameter_reset  gps.o
    0x0800de90   0x0800de90   0x00000040   Code   RO         5059    i.gps_pms_config    gps.o
    0x0800ded0   0x0800ded0   0x00000044   Code   RO         5060    i.gps_rst_config    gps.o
    0x0800df14   0x0800df14   0x000001b0   Code   RO         5063    i.gps_strcpy        gps.o
    0x0800e0c4   0x0800e0c4   0x00000030   Code   RO         5064    i.gps_test          gps.o
    0x0800e0f4   0x0800e0f4   0x00000024   Code   RO         5065    i.gps_uart_tx       gps.o
    0x0800e118   0x0800e118   0x00000030   Code   RO         5066    i.gps_ubx_checksum  gps.o
    0x0800e148   0x0800e148   0x0000005e   Code   RO         5067    i.hex2ascii         gps.o
    0x0800e1a6   0x0800e1a6   0x00000002   PAD
    0x0800e1a8   0x0800e1a8   0x00000034   Code   RO           46    i.led_en            main.o
    0x0800e1dc   0x0800e1dc   0x00000740   Code   RO           48    i.main              main.o
    0x0800e91c   0x0800e91c   0x00000068   Code   RO           49    i.mcu_accel_int2_setting  main.o
    0x0800e984   0x0800e984   0x000000a0   Code   RO           51    i.mcu_system_init   main.o
    0x0800ea24   0x0800ea24   0x00000074   Code   RO         5299    i.pack_ul_gps_payload  linkdata.o
    0x0800ea98   0x0800ea98   0x000000c4   Code   RO         5300    i.pack_ul_setup_payload  linkdata.o
    0x0800eb5c   0x0800eb5c   0x00000052   Code   RO         5301    i.pack_ul_ubignss_payload  linkdata.o
    0x0800ebae   0x0800ebae   0x00000002   PAD
    0x0800ebb0   0x0800ebb0   0x00000014   Code   RO          936    i.priv_ST_MCU_API_delay  mcu_api.o
    0x0800ebc4   0x0800ebc4   0x00000054   Code   RO           53    i.rf_en             main.o
    0x0800ec18   0x0800ec18   0x0000000c   Code   RO           54    i.rtc_date_reset    main.o
    0x0800ec24   0x0800ec24   0x00000018   Code   RO           55    i.rtc_time_reset    main.o
    0x0800ec3c   0x0800ec3c   0x00000064   Code   RO           56    i.set_time          main.o
    0x0800eca0   0x0800eca0   0x00000074   Code   RO           57    i.sigfox_boot_dl    main.o
    0x0800ed14   0x0800ed14   0x000000d8   Code   RO           58    i.sigfox_gps_uldl   main.o
    0x0800edec   0x0800edec   0x00000120   Code   RO           59    i.sigfox_library_setup  main.o
    0x0800ef0c   0x0800ef0c   0x00000030   Code   RO           60    i.sigfox_set_rf_power  main.o
    0x0800ef3c   0x0800ef3c   0x000000c0   Code   RO           61    i.sigfox_setup_uldl  main.o
    0x0800effc   0x0800effc   0x000000c0   Code   RO           62    i.sigfox_ubi_uldl   main.o
    0x0800f0bc   0x0800f0bc   0x00000130   Code   RO           65    i.stop_mode_config  main.o
    0x0800f1ec   0x0800f1ec   0x000000f0   Code   RO           66    i.stop_mode_enter   main.o
    0x0800f2dc   0x0800f2dc   0x0000000c   Code   RO           67    i.time_different    main.o
    0x0800f2e8   0x0800f2e8   0x00000054   Code   RO         5413    i.ubignss_get_time  ubignss.o
    0x0800f33c   0x0800f33c   0x00000014   Code   RO         5337    i.ubignss_timer_create  timer_driver.o
    0x0800f350   0x0800f350   0x00000018   Code   RO         5338    i.ubignss_timer_start  timer_driver.o
    0x0800f368   0x0800f368   0x00000018   Code   RO         5339    i.ubignss_timer_stop  timer_driver.o
    0x0800f380   0x0800f380   0x0000001c   Code   RO         5375    i.ubignss_uart_configure  uart_driver.o
    0x0800f39c   0x0800f39c   0x0000001c   Code   RO         5376    i.ubignss_uart_read_char  uart_driver.o
    0x0800f3b8   0x0800f3b8   0x00000012   Code   RO         5377    i.ubignss_uart_send  uart_driver.o
    0x0800f3ca   0x0800f3ca   0x00000002   PAD
    0x0800f3cc   0x0800f3cc   0x0000002c   Code   RO           68    i.ul_freq_to_sec    main.o
    0x0800f3f8   0x0800f3f8   0x0000006a   Code   RO         5302    i.unpack_dl_payload  linkdata.o
    0x0800f462   0x0800f462   0x00000002   PAD
    0x0800f464   0x0800f464   0x000000a4   Data   RO           71    .constdata          main.o
    0x0800f508   0x0800f508   0x00000040   Data   RO          938    .constdata          mcu_api.o
    0x0800f548   0x0800f548   0x00000048   Data   RO         1407    .constdata          sdk_eval_gpio.o
    0x0800f590   0x0800f590   0x00000019   Data   RO         5005    .constdata          system_stm32l0xx.o
    0x0800f5a9   0x0800f5a9   0x00000008   Data   RO         5006    .constdata          system_stm32l0xx.o
    0x0800f5b1   0x0800f5b1   0x000000df   Data   RO         5070    .constdata          gps.o
    0x0800f690   0x0800f690   0x0000000c   Data   RO         5674    .constdata          mc_p.l(mktime.o)
    0x0800f69c   0x0800f69c   0x00000081   Data   RO         5737    .constdata          mc_p.l(ctype_o.o)
    0x0800f71d   0x0800f71d   0x00000003   PAD
    0x0800f720   0x0800f720   0x00000004   Data   RO         5738    .constdata          mc_p.l(ctype_o.o)
    0x0800f724   0x0800f724   0x0000000c   Data   RO         5768    .constdata          mc_p.l(localtime_i.o)
    0x0800f730   0x0800f730   0x0000000a   Data   RO         5075    .conststring        gps.o
    0x0800f73a   0x0800f73a   0x00000002   PAD
    0x0800f73c   0x0800f73c   0x00000008   Data   RO         5076    .conststrlit        gps.o
    0x0800f744   0x0800f744   0x000003d0   Data   RO         5432    .rodata             ST_RF_LIB_ALL_CM0+.a(rf_api.o)
    0x0800fb14   0x0800fb14   0x00000144   Data   RO         5542    .rodata             libubignsscore.a(libubignsscore.o)
    0x0800fc58   0x0800fc58   0x00000020   Data   RO         5800    Region$$Table       anon$$obj.o


    Execution Region RW_IRAM1 (Exec base: 0x20000000, Load base: 0x0800fc78, Size: 0x00001c10, Max: 0x00002000, ABSOLUTE, COMPRESSED[0x00000244])

    Exec Addr    Load Addr    Size         Type   Attr      Idx    E Section Name        Object

    0x20000000   COMPRESSED   0x00000054   Data   RW           72    .data               main.o
    0x20000054   COMPRESSED   0x00000010   Data   RW          699    .data               nvm_api.o
    0x20000064   COMPRESSED   0x00000078   Data   RW          939    .data               mcu_api.o
    0x200000dc   COMPRESSED   0x00000010   Data   RW         1131    .data               s2lp_sdk_util.o
    0x200000ec   COMPRESSED   0x00000020   Data   RW         1309    .data               sdk_eval_eeprom.o
    0x2000010c   COMPRESSED   0x00000014   Data   RW         1408    .data               sdk_eval_gpio.o
    0x20000120   COMPRESSED   0x00000001   Data   RW         1556    .data               sdk_eval_spi_driver_dma.o
    0x20000121   COMPRESSED   0x00000003   PAD
    0x20000124   COMPRESSED   0x00000004   Data   RW         1633    .data               sdk_eval_timers.o
    0x20000128   COMPRESSED   0x00000004   Data   RW         1690    .data               sdk_eval_emb_flash.o
    0x2000012c   COMPRESSED   0x00000004   Data   RW         5007    .data               system_stm32l0xx.o
    0x20000130   COMPRESSED   0x00000048   Data   RW         5077    .data               gps.o
    0x20000178   COMPRESSED   0x00000056   Data   RW         5228    .data               lis2de.o
    0x200001ce   COMPRESSED   0x00000002   PAD
    0x200001d0   COMPRESSED   0x00000004   Data   RW         5340    .data               timer_driver.o
    0x200001d4   COMPRESSED   0x00000004   Data   RW         5378    .data               uart_driver.o
    0x200001d8   COMPRESSED   0x000000a0   Data   RW         5433    .data               ST_RF_LIB_ALL_CM0+.a(rf_api.o)
    0x20000278   COMPRESSED   0x00000080   Data   RW         5485    .data               ID_KEY_RETRIEVER_CM0+.a(asfd32.o)
    0x200002f8   COMPRESSED   0x00000730   Data   RW         5540    .data               libubignsscore.a(libubignsscore.o)
    0x20000a28   COMPRESSED   0x00000004   Data   RW         5773    .data               mc_p.l(errno.o)
    0x20000a2c        -       0x00000240   Zero   RW           69    .bss                main.o
    0x20000c6c        -       0x000001f4   Zero   RW          937    .bss                mcu_api.o
    0x20000e60        -       0x00000058   Zero   RW         1308    .bss                sdk_eval_eeprom.o
    0x20000eb8        -       0x000001d8   Zero   RW         1555    .bss                sdk_eval_spi_driver_dma.o
    0x20001090        -       0x0000000c   Zero   RW         1689    .bss                sdk_eval_emb_flash.o
    0x2000109c        -       0x00000018   Zero   RW         3710    .bss                stm32l0xx_hal_flash.o
    0x200010b4        -       0x00000180   Zero   RW         5069    .bss                gps.o
    0x20001234        -       0x000000b0   Zero   RW         5483    .bss                ID_KEY_RETRIEVER_CM0+.a(asfd32.o)
    0x200012e4        -       0x00000008   Zero   RW         5517    .bss                SFX_LIB_V2.5.0_FDL_Cortex_M0+.a(sigfox_api.o)
    0x200012ec        -       0x00000389   Zero   RW         5541    .bss                libubignsscore.a(libubignsscore.o)
    0x20001675   COMPRESSED   0x00000003   PAD
    0x20001678        -       0x00000020   Zero   RW         5642    .bss                SFX_LIB_V2.5.0_FDL_Cortex_M0+.a(sigfox_hmac.o)
    0x20001698        -       0x0000002c   Zero   RW         5765    .bss                mc_p.l(localtime_w.o)
    0x200016c4   COMPRESSED   0x00000004   PAD
    0x200016c8        -       0x00000400   Zero   RW         5035    STACK               startup_stm32l051xx.o
    0x20001ac8        -       0x00000001   Zero   RW         5799    fjkr21f             anon$$obj.o
    0x20001ac9   COMPRESSED   0x00000003   PAD
    0x20001acc        -       0x00000004   Zero   RW         5791    fl4aks              anon$$obj.o
    0x20001ad0        -       0x00000001   Zero   RW         5793    ftfst               anon$$obj.o
    0x20001ad1   COMPRESSED   0x00000003   PAD
    0x20001ad4        -       0x0000000c   Zero   RW         5794    gtsp5               anon$$obj.o
    0x20001ae0        -       0x00000001   Zero   RW         5795    nbv89               anon$$obj.o
    0x20001ae1   COMPRESSED   0x00000007   PAD
    0x20001ae8        -       0x00000008   Zero   RW         5796    nf8ye               anon$$obj.o
    0x20001af0        -       0x000000fc   Zero   RW         5792    p5fh                anon$$obj.o
    0x20001bec        -       0x00000001   Zero   RW         5798    uy8tn               anon$$obj.o
    0x20001bed   COMPRESSED   0x00000003   PAD
    0x20001bf0        -       0x00000020   Zero   RW         5797    x56lk               anon$$obj.o


==============================================================================

Image component sizes


      Code (inc. data)   RO Data    RW Data    ZI Data      Debug   Object Name

      1960        228        241         72        384      17304   gps.o
       500          0          0          0          0       3676   linkdata.o
       308         32          0         86          0       5144   lis2de.o
      7000        622        164         84        576     456366   main.o
      1558        178         64        120        500      20601   mcu_api.o
       606         42          0         16          0       7517   nvm_api.o
        60         28          0         16          0       4835   s2lp_sdk_util.o
        96         14          0          0          0       1392   sdk_eval_button.o
       340         32          0         32         88       5482   sdk_eval_eeprom.o
       282         10        256          4         12       5590   sdk_eval_emb_flash.o
       386         56         72         20          0       8253   sdk_eval_gpio.o
        18          4          0          0          0       1200   sdk_eval_led.o
       654         46          0          1        472       5931   sdk_eval_spi_driver_dma.o
       396         34          0          4          0       4173   sdk_eval_timers.o
        28          8        192          0       1024        680   startup_stm32l051xx.o
        82         12          0          0          0       1872   stm32l0xx_hal.o
      1446         52          0          0          0      10678   stm32l0xx_hal_adc.o
       204         34          0          0          0      14069   stm32l0xx_hal_cortex.o
      1164         20          0          0          0       5070   stm32l0xx_hal_dma.o
       408         60          0          0         24       4867   stm32l0xx_hal_flash.o
       300         50          0          0          0       5300   stm32l0xx_hal_flash_ex.o
       614         58          0          0          0       5721   stm32l0xx_hal_gpio.o
      2738         78          0          0          0      28099   stm32l0xx_hal_i2c.o
       146          0          0          0          0       2195   stm32l0xx_hal_i2c_ex.o
        84         18          0          0          0       1981   stm32l0xx_hal_pwr.o
        32          8          0          0          0       1237   stm32l0xx_hal_pwr_ex.o
      1676        120          0          0          0       7760   stm32l0xx_hal_rcc.o
       700         42          0          0          0       3289   stm32l0xx_hal_rcc_ex.o
      1956         54          0          0          0      13862   stm32l0xx_hal_rtc.o
       478         18          0          0          0       4101   stm32l0xx_hal_rtc_ex.o
      1682         20          0          0          0      12617   stm32l0xx_hal_spi.o
       602         22          0          0          0      10348   stm32l0xx_hal_tim.o
        72          0          0          0          0       1356   stm32l0xx_hal_tim_ex.o
      1912         78          0          0          0      14583   stm32l0xx_hal_uart.o
         2          0          0          0          0       1212   stm32l0xx_hal_uart_ex.o
        84          0          0          0          0       3200   stm32l0xx_hal_wwdg.o
       522         90          0          0          0       8638   stm32l0xx_it.o
        84         18         33          4          0       1515   system_stm32l0xx.o
        68         14          0          4          0       2778   timer_driver.o
        74         12          0          4          0       2817   uart_driver.o
        84         10          0          0          0        815   ubignss.o

    ----------------------------------------------------------------------
     31484       2222       1056        472       3408     718124   Object Totals
         0          0         32          0        312          0   (incl. Generated)
        78          0          2          5         16          0   (incl. Padding)

    ----------------------------------------------------------------------

      Code (inc. data)   RO Data    RW Data    ZI Data      Debug   Library Member Name

      3580        796          0        128        176       1841   asfd32.o
      1356         60          0          0          8       1109   sigfox_api.o
       126          8          0          0          0        150   sigfox_crc.o
       516         44          0          0          0        159   sigfox_decode.o
       108         12          0          0         32         80   sigfox_hmac.o
      3842         80          0          0          0       1591   sigfox_internal.o
       100          4          0          0          0         78   sigfox_pn.o
       140         16          0          0          0         79   sigfox_scramb.o
      4110        224        976        160          0       2915   rf_api.o
     14084        828        324       1840        905          0   libubignsscore.o
        96          0          0          0          0          0   __dclz77c.o
        30          0          0          0          0         60   _chval.o
       166          0          0          0          0         84   _strtoul.o
        26          0          0          0          0         72   atoi.o
         8          4        133          0          0         60   ctype_o.o
         0          0          0          0          0          0   entry.o
         0          0          0          0          0          0   entry10a.o
         0          0          0          0          0          0   entry11a.o
         8          4          0          0          0          0   entry2.o
         4          0          0          0          0          0   entry5.o
         0          0          0          0          0          0   entry7b.o
         0          0          0          0          0          0   entry8b.o
         8          4          0          0          0          0   entry9a.o
         8          4          0          4          0         60   errno.o
        30          0          0          0          0          0   handlers.o
        40          0          0          0          0         72   idiv.o
        36          8          0          0          0         68   init.o
         0          0          0          0          0          0   iusefp.o
       122          0          0          0          0         84   llmul.o
        32          0          0          0          0         68   llshl.o
        38          0          0          0          0         68   llsshr.o
        34          0          0          0          0         68   llushr.o
       116         12         12          0          0         72   localtime_i.o
        16          6          0          0         44         68   localtime_w.o
        26          0          0          0          0         72   memcmp.o
        36          0          0          0          0         60   memcpya.o
        36          0          0          0          0        100   memseta.o
       140         16         12          0          0         72   mktime.o
        28          0          0          0          0         68   strcmp.o
        18          0          0          0          0         60   strcpy.o
        34          0          0          0          0         72   strcspn.o
        14          0          0          0          0         60   strlen.o
        26          0          0          0          0         68   strncpy.o
       112          4          0          0          0         76   strtol.o
        44          0          0          0          0         72   uidiv.o
        96          0          0          0          0         84   uldiv.o
        56          0          0          0          0         68   d2f.o
       356          4          0          0          0        140   dadd.o
       236          0          0          0          0        216   depilogue.o
        28          4          0          0          0         68   dfltui.o
       208          6          0          0          0         88   dmul.o
       130          0          0          0          0        144   fepilogue.o
        50          0          0          0          0         60   ffixi.o
        40          0          0          0          0         60   ffixui.o
       122          0          0          0          0         72   fmul.o

    ----------------------------------------------------------------------
     30632       2148       1460       2132       1172      10686   Library Totals
        16          0          3          0          7          0   (incl. Padding)

    ----------------------------------------------------------------------

      Code (inc. data)   RO Data    RW Data    ZI Data      Debug   Library Name

      3580        796          0        128        176       1841   ID_KEY_RETRIEVER_CM0+.a
      6188        224          0          0         40       3246   SFX_LIB_V2.5.0_FDL_Cortex_M0+.a
      4110        224        976        160          0       2915   ST_RF_LIB_ALL_CM0+.a
     14084        828        324       1840        905          0   libubignsscore.a
      1428         62        157          4         44       1768   mc_p.l
      1226         14          0          0          0        916   mf_p.l

    ----------------------------------------------------------------------
     30632       2148       1460       2132       1172      10686   Library Totals

    ----------------------------------------------------------------------

==============================================================================


      Code (inc. data)   RO Data    RW Data    ZI Data      Debug   

     62116       4370       2516       2604       4580     707958   Grand Totals
     62116       4370       2516        580       4580     707958   ELF Image Totals (compressed)
     62116       4370       2516        580          0          0   ROM Totals

==============================================================================

    Total RO  Size (Code + RO Data)                64632 (  63.12kB)
    Total RW  Size (RW Data + ZI Data)              7184 (   7.02kB)
    Total ROM Size (Code + RO Data + RW Data)      65212 (  63.68kB)

==============================================================================

