<!doctype html public "-//w3c//dtd html 4.0 transitional//en">
<html><head>
<title>Static Call Graph - [.\Objects\ST_SIGFOX_PB_ALL_NUCLEO_L0.axf]</title></head>
<body><HR>
<H1>Static Call Graph for image .\Objects\ST_SIGFOX_PB_ALL_NUCLEO_L0.axf</H1><HR>
<BR><P>#&#060CALLGRAPH&#062# ARM Linker, 5060750: Last Updated: Fri Jan 24 10:00:40 2020
<BR><P>
<H3>Maximum Stack Usage =        608 bytes + Unknown(Functions without stacksize, Cycles, Untraceable Function Pointers)</H3><H3>
Call chain for Maximum Stack Depth:</H3>
main &rArr; sigfox_gps_uldl &rArr; SIGFOX_API_send_frame &rArr; SIGFOX_INT_execute_communication_sequence &rArr; SIGFOX_INT_store_nvm &rArr; MCU_API_set_nv_mem &rArr; NVM_WriteRecord &rArr; _writeRecordInternal &rArr; _setBlockState &rArr; NVM_Write &rArr; EepromWrite &rArr; EepromWriteEnable &rArr; HAL_SPI_TransmitReceive &rArr; SPI_WaitOnFlagUntilTimeout
<P>
<H3>
Functions with no stack information
</H3><UL>
 <LI><a href="#[43]">fgh22</a>
 <LI><a href="#[1fc]">ubignss_fix</a>
 <LI><a href="#[1fb]">ubignss_init_after_gps_power_on</a>
 <LI><a href="#[47]">treis</a>
 <LI><a href="#[31]">cd830</a>
 <LI><a href="#[49]">cje53</a>
 <LI><a href="#[28]">raz_qi_array</a>
 <LI><a href="#[24]">flat852</a>
 <LI><a href="#[4a]">reset_all_time_fileds</a>
 <LI><a href="#[3d]">merf2</a>
 <LI><a href="#[22]">cnd44</a>
 <LI><a href="#[3e]">ofn82</a>
 <LI><a href="#[40]">mzt3</a>
 <LI><a href="#[41]">d666</a>
 <LI><a href="#[42]">soup4</a>
 <LI><a href="#[44]">k55f</a>
 <LI><a href="#[45]">dlgn3</a>
 <LI><a href="#[46]">gfm41</a>
 <LI><a href="#[33]">truq3</a>
 <LI><a href="#[34]">dro1p</a>
 <LI><a href="#[3a]">vnv5</a>
 <LI><a href="#[21]">pib40</a>
 <LI><a href="#[2e]">zo6o</a>
 <LI><a href="#[2f]">gsproc</a>
 <LI><a href="#[30]">gstpss</a>
 <LI><a href="#[4b]">del8</a>
 <LI><a href="#[4c]">zerr12</a>
 <LI><a href="#[4d]">re788</a>
 <LI><a href="#[4e]">aalm</a>
 <LI><a href="#[4f]">jt568z</a>
 <LI><a href="#[25]">glek4</a>
 <LI><a href="#[26]">hhg3</a>
 <LI><a href="#[29]">uret10</a>
 <LI><a href="#[2a]">ro7fg</a>
 <LI><a href="#[2b]">rll4e</a>
 <LI><a href="#[2c]">bpdj</a>
 <LI><a href="#[2d]">ljf85</a>
 <LI><a href="#[27]">vpano</a>
 <LI><a href="#[36]">ghkdf</a>
 <LI><a href="#[37]">cfg2</a>
</UL>
</UL>
<P>
<H3>
Mutually Recursive functions
</H3> <LI><a href="#[11]">ADC1_COMP_IRQHandler</a>&nbsp;&nbsp;&nbsp;&rArr;&nbsp;&nbsp;&nbsp;<a href="#[11]">ADC1_COMP_IRQHandler</a><BR>
 <LI><a href="#[82]">[Anonymous Symbol]</a>&nbsp;&nbsp;&nbsp;&rArr;&nbsp;&nbsp;&nbsp;<a href="#[82]">[Anonymous Symbol]</a><BR>
</UL>
<P>
<H3>
Function Pointers
</H3><UL>
 <LI><a href="#[11]">ADC1_COMP_IRQHandler</a> from startup_stm32l051xx.o(.text) referenced from startup_stm32l051xx.o(RESET)
 <LI><a href="#[e]">DMA1_Channel1_IRQHandler</a> from startup_stm32l051xx.o(.text) referenced from startup_stm32l051xx.o(RESET)
 <LI><a href="#[f]">DMA1_Channel2_3_IRQHandler</a> from sdk_eval_spi_driver_dma.o(i.DMA1_Channel2_3_IRQHandler) referenced from startup_stm32l051xx.o(RESET)
 <LI><a href="#[10]">DMA1_Channel4_5_6_7_IRQHandler</a> from startup_stm32l051xx.o(.text) referenced from startup_stm32l051xx.o(RESET)
 <LI><a href="#[b]">EXTI0_1_IRQHandler</a> from stm32l0xx_it.o(i.EXTI0_1_IRQHandler) referenced from startup_stm32l051xx.o(RESET)
 <LI><a href="#[c]">EXTI2_3_IRQHandler</a> from stm32l0xx_it.o(i.EXTI2_3_IRQHandler) referenced from startup_stm32l051xx.o(RESET)
 <LI><a href="#[d]">EXTI4_15_IRQHandler</a> from stm32l0xx_it.o(i.EXTI4_15_IRQHandler) referenced from startup_stm32l051xx.o(RESET)
 <LI><a href="#[9]">FLASH_IRQHandler</a> from startup_stm32l051xx.o(.text) referenced from startup_stm32l051xx.o(RESET)
 <LI><a href="#[2]">HardFault_Handler</a> from stm32l0xx_it.o(i.HardFault_Handler) referenced from startup_stm32l051xx.o(RESET)
 <LI><a href="#[17]">I2C1_IRQHandler</a> from stm32l0xx_it.o(i.I2C1_IRQHandler) referenced from startup_stm32l051xx.o(RESET)
 <LI><a href="#[18]">I2C2_IRQHandler</a> from startup_stm32l051xx.o(.text) referenced from startup_stm32l051xx.o(RESET)
 <LI><a href="#[59]">I2C_DMAAbort</a> from stm32l0xx_hal_i2c.o(i.I2C_DMAAbort) referenced from stm32l0xx_hal_i2c.o(i.I2C_ITError)
 <LI><a href="#[57]">I2C_Master_ISR_DMA</a> from stm32l0xx_hal_i2c.o(i.I2C_Master_ISR_DMA) referenced from stm32l0xx_hal_i2c.o(i.I2C_Enable_IRQ)
 <LI><a href="#[50]">I2C_Master_ISR_IT</a> from stm32l0xx_hal_i2c.o(i.I2C_Master_ISR_IT) referenced from stm32l0xx_hal_i2c.o(i.HAL_I2C_Master_Receive_IT)
 <LI><a href="#[50]">I2C_Master_ISR_IT</a> from stm32l0xx_hal_i2c.o(i.I2C_Master_ISR_IT) referenced from stm32l0xx_hal_i2c.o(i.HAL_I2C_Master_Transmit_IT)
 <LI><a href="#[58]">I2C_Slave_ISR_DMA</a> from stm32l0xx_hal_i2c.o(i.I2C_Slave_ISR_DMA) referenced from stm32l0xx_hal_i2c.o(i.I2C_Enable_IRQ)
 <LI><a href="#[5a]">I2C_Slave_ISR_IT</a> from stm32l0xx_hal_i2c.o(i.I2C_Slave_ISR_IT) referenced from stm32l0xx_hal_i2c.o(i.I2C_ITError)
 <LI><a href="#[12]">LPTIM1_IRQHandler</a> from startup_stm32l051xx.o(.text) referenced from startup_stm32l051xx.o(RESET)
 <LI><a href="#[1d]">LPUART1_IRQHandler</a> from startup_stm32l051xx.o(.text) referenced from startup_stm32l051xx.o(RESET)
 <LI><a href="#[1]">NMI_Handler</a> from stm32l0xx_it.o(i.NMI_Handler) referenced from startup_stm32l051xx.o(RESET)
 <LI><a href="#[7]">PVD_IRQHandler</a> from startup_stm32l051xx.o(.text) referenced from startup_stm32l051xx.o(RESET)
 <LI><a href="#[4]">PendSV_Handler</a> from stm32l0xx_it.o(i.PendSV_Handler) referenced from startup_stm32l051xx.o(RESET)
 <LI><a href="#[a]">RCC_IRQHandler</a> from startup_stm32l051xx.o(.text) referenced from startup_stm32l051xx.o(RESET)
 <LI><a href="#[8]">RTC_IRQHandler</a> from mcu_api.o(i.RTC_IRQHandler) referenced from startup_stm32l051xx.o(RESET)
 <LI><a href="#[0]">Reset_Handler</a> from startup_stm32l051xx.o(.text) referenced from startup_stm32l051xx.o(RESET)
 <LI><a href="#[19]">SPI1_IRQHandler</a> from startup_stm32l051xx.o(.text) referenced from startup_stm32l051xx.o(RESET)
 <LI><a href="#[1a]">SPI2_IRQHandler</a> from startup_stm32l051xx.o(.text) referenced from startup_stm32l051xx.o(RESET)
 <LI><a href="#[53]">SPI_DMAError</a> from stm32l0xx_hal_spi.o(i.SPI_DMAError) referenced from stm32l0xx_hal_spi.o(i.HAL_SPI_TransmitReceive_DMA)
 <LI><a href="#[54]">SPI_DMAHalfReceiveCplt</a> from stm32l0xx_hal_spi.o(i.SPI_DMAHalfReceiveCplt) referenced from stm32l0xx_hal_spi.o(i.HAL_SPI_TransmitReceive_DMA)
 <LI><a href="#[51]">SPI_DMAHalfTransmitReceiveCplt</a> from stm32l0xx_hal_spi.o(i.SPI_DMAHalfTransmitReceiveCplt) referenced from stm32l0xx_hal_spi.o(i.HAL_SPI_TransmitReceive_DMA)
 <LI><a href="#[55]">SPI_DMAReceiveCplt</a> from stm32l0xx_hal_spi.o(i.SPI_DMAReceiveCplt) referenced from stm32l0xx_hal_spi.o(i.HAL_SPI_TransmitReceive_DMA)
 <LI><a href="#[52]">SPI_DMATransmitReceiveCplt</a> from stm32l0xx_hal_spi.o(i.SPI_DMATransmitReceiveCplt) referenced from stm32l0xx_hal_spi.o(i.HAL_SPI_TransmitReceive_DMA)
 <LI><a href="#[3]">SVC_Handler</a> from stm32l0xx_it.o(i.SVC_Handler) referenced from startup_stm32l051xx.o(RESET)
 <LI><a href="#[5]">SysTick_Handler</a> from sdk_eval_timers.o(i.SysTick_Handler) referenced from startup_stm32l051xx.o(RESET)
 <LI><a href="#[1f]">SystemInit</a> from system_stm32l0xx.o(i.SystemInit) referenced from startup_stm32l051xx.o(.text)
 <LI><a href="#[15]">TIM21_IRQHandler</a> from startup_stm32l051xx.o(.text) referenced from startup_stm32l051xx.o(RESET)
 <LI><a href="#[16]">TIM22_IRQHandler</a> from startup_stm32l051xx.o(.text) referenced from startup_stm32l051xx.o(RESET)
 <LI><a href="#[13]">TIM2_IRQHandler</a> from startup_stm32l051xx.o(.text) referenced from startup_stm32l051xx.o(RESET)
 <LI><a href="#[14]">TIM6_IRQHandler</a> from stm32l0xx_it.o(i.TIM6_IRQHandler) referenced from startup_stm32l051xx.o(RESET)
 <LI><a href="#[56]">UART_DMAAbortOnError</a> from stm32l0xx_hal_uart.o(i.UART_DMAAbortOnError) referenced from stm32l0xx_hal_uart.o(i.HAL_UART_IRQHandler)
 <LI><a href="#[1b]">USART1_IRQHandler</a> from stm32l0xx_it.o(i.USART1_IRQHandler) referenced from startup_stm32l051xx.o(RESET)
 <LI><a href="#[1c]">USART2_IRQHandler</a> from startup_stm32l051xx.o(.text) referenced from startup_stm32l051xx.o(RESET)
 <LI><a href="#[6]">WWDG_IRQHandler</a> from stm32l0xx_it.o(i.WWDG_IRQHandler) referenced from startup_stm32l051xx.o(RESET)
 <LI><a href="#[38]">__aeabi_idiv</a> from idiv.o(.text) referenced 2 times from libubignsscore.o(.text.rll4e)
 <LI><a href="#[38]">__aeabi_idiv</a> from idiv.o(.text) referenced from libubignsscore.o(.text.ro7fg)
 <LI><a href="#[38]">__aeabi_idiv</a> from idiv.o(.text) referenced from libubignsscore.o(.text.zo6o)
 <LI><a href="#[23]">__aeabi_uidiv</a> from uidiv.o(.text) referenced from libubignsscore.o(.text.d666)
 <LI><a href="#[23]">__aeabi_uidiv</a> from uidiv.o(.text) referenced from libubignsscore.o(.text.jt568z)
 <LI><a href="#[39]">__aeabi_uldivmod</a> from uldiv.o(.text) referenced from libubignsscore.o(.text.rll4e)
 <LI><a href="#[20]">__main</a> from entry.o(.ARM.Collect$$$$00000000) referenced from startup_stm32l051xx.o(.text)
 <LI><a href="#[4e]">aalm</a> from libubignsscore.o(.text.aalm) referenced from libubignsscore.o(.text.zo6o)
 <LI><a href="#[2c]">bpdj</a> from libubignsscore.o(.text.bpdj) referenced from libubignsscore.o(.text.hhg3)
 <LI><a href="#[31]">cd830</a> from libubignsscore.o(.text.cd830) referenced from libubignsscore.o(.text.ofn82)
 <LI><a href="#[31]">cd830</a> from libubignsscore.o(.text.cd830) referenced from libubignsscore.o(.text.ubignss_init_after_gps_power_on)
 <LI><a href="#[37]">cfg2</a> from libubignsscore.o(.text.cfg2) referenced from libubignsscore.o(.text.rll4e)
 <LI><a href="#[49]">cje53</a> from libubignsscore.o(.text.cje53) referenced from libubignsscore.o(.text.ubignss_init_after_gps_power_on)
 <LI><a href="#[22]">cnd44</a> from libubignsscore.o(.text.cnd44) referenced from libubignsscore.o(.text.d666)
 <LI><a href="#[22]">cnd44</a> from libubignsscore.o(.text.cnd44) referenced from libubignsscore.o(.text.jt568z)
 <LI><a href="#[22]">cnd44</a> from libubignsscore.o(.text.cnd44) referenced from libubignsscore.o(.text.ofn82)
 <LI><a href="#[22]">cnd44</a> from libubignsscore.o(.text.cnd44) referenced from libubignsscore.o(.text.ubignss_fix)
 <LI><a href="#[41]">d666</a> from libubignsscore.o(.text.d666) referenced from libubignsscore.o(.text.ubignss_fix)
 <LI><a href="#[4b]">del8</a> from libubignsscore.o(.text.del8) referenced from libubignsscore.o(.text.zo6o)
 <LI><a href="#[45]">dlgn3</a> from libubignsscore.o(.text.dlgn3) referenced from libubignsscore.o(.text.ubignss_fix)
 <LI><a href="#[34]">dro1p</a> from libubignsscore.o(.text.dro1p) referenced from libubignsscore.o(.text.ofn82)
 <LI><a href="#[43]">fgh22</a> from libubignsscore.o(.text.fgh22) referenced from libubignsscore.o(.text.ubignss_fix)
 <LI><a href="#[24]">flat852</a> from libubignsscore.o(.text.flat852) referenced from libubignsscore.o(.text.dro1p)
 <LI><a href="#[24]">flat852</a> from libubignsscore.o(.text.flat852) referenced from libubignsscore.o(.text.mzt3)
 <LI><a href="#[24]">flat852</a> from libubignsscore.o(.text.flat852) referenced from libubignsscore.o(.text.ofn82)
 <LI><a href="#[24]">flat852</a> from libubignsscore.o(.text.flat852) referenced from libubignsscore.o(.text.ubignss_init_after_gps_power_on)
 <LI><a href="#[46]">gfm41</a> from libubignsscore.o(.text.gfm41) referenced from libubignsscore.o(.text.ubignss_fix)
 <LI><a href="#[36]">ghkdf</a> from libubignsscore.o(.text.ghkdf) referenced 4 times from libubignsscore.o(.text.rll4e)
 <LI><a href="#[25]">glek4</a> from libubignsscore.o(.text.glek4) referenced from libubignsscore.o(.text.fgh22)
 <LI><a href="#[2f]">gsproc</a> from libubignsscore.o(.text.gsproc) referenced from libubignsscore.o(.text.mzt3)
 <LI><a href="#[30]">gstpss</a> from libubignsscore.o(.text.gstpss) referenced from libubignsscore.o(.text.mzt3)
 <LI><a href="#[26]">hhg3</a> from libubignsscore.o(.text.hhg3) referenced from libubignsscore.o(.text.fgh22)
 <LI><a href="#[4f]">jt568z</a> from libubignsscore.o(.text.jt568z) referenced from libubignsscore.o(.text.zo6o)
 <LI><a href="#[44]">k55f</a> from libubignsscore.o(.text.k55f) referenced from libubignsscore.o(.text.ubignss_fix)
 <LI><a href="#[2d]">ljf85</a> from libubignsscore.o(.text.ljf85) referenced from libubignsscore.o(.text.hhg3)
 <LI><a href="#[1e]">main</a> from main.o(i.main) referenced from entry9a.o(.ARM.Collect$$$$0000000B)
 <LI><a href="#[3d]">merf2</a> from libubignsscore.o(.text.merf2) referenced from libubignsscore.o(.text.ubignss_fix)
 <LI><a href="#[40]">mzt3</a> from libubignsscore.o(.text.mzt3) referenced from libubignsscore.o(.text.ubignss_fix)
 <LI><a href="#[3e]">ofn82</a> from libubignsscore.o(.text.ofn82) referenced from libubignsscore.o(.text.ubignss_fix)
 <LI><a href="#[21]">pib40</a> from libubignsscore.o(.text.pib40) referenced from libubignsscore.o(.text.cd830)
 <LI><a href="#[28]">raz_qi_array</a> from libubignsscore.o(.text.raz_qi_array) referenced from libubignsscore.o(.text.gsproc)
 <LI><a href="#[28]">raz_qi_array</a> from libubignsscore.o(.text.raz_qi_array) referenced from libubignsscore.o(.text.ubignss_init_after_gps_power_on)
 <LI><a href="#[4d]">re788</a> from libubignsscore.o(.text.re788) referenced from libubignsscore.o(.text.zo6o)
 <LI><a href="#[4a]">reset_all_time_fileds</a> from libubignsscore.o(.text.reset_all_time_fileds) referenced from libubignsscore.o(.text.ubignss_init_after_gps_power_on)
 <LI><a href="#[2b]">rll4e</a> from libubignsscore.o(.text.rll4e) referenced from libubignsscore.o(.text.hhg3)
 <LI><a href="#[2a]">ro7fg</a> from libubignsscore.o(.text.ro7fg) referenced from libubignsscore.o(.text.hhg3)
 <LI><a href="#[42]">soup4</a> from libubignsscore.o(.text.soup4) referenced from libubignsscore.o(.text.ubignss_fix)
 <LI><a href="#[47]">treis</a> from libubignsscore.o(.text.treis) referenced from libubignsscore.o(.text.ubignss_init_after_gps_power_on)
 <LI><a href="#[33]">truq3</a> from libubignsscore.o(.text.truq3) referenced from libubignsscore.o(.text.ofn82)
 <LI><a href="#[48]">ubignss_timer_create</a> from timer_driver.o(i.ubignss_timer_create) referenced from libubignsscore.o(.text.ubignss_init_after_gps_power_on)
 <LI><a href="#[3c]">ubignss_timer_start</a> from timer_driver.o(i.ubignss_timer_start) referenced from libubignsscore.o(.text.ubignss_fix)
 <LI><a href="#[3f]">ubignss_timer_stop</a> from timer_driver.o(i.ubignss_timer_stop) referenced from libubignsscore.o(.text.ubignss_fix)
 <LI><a href="#[32]">ubignss_uart_configure</a> from uart_driver.o(i.ubignss_uart_configure) referenced from libubignsscore.o(.text.ofn82)
 <LI><a href="#[32]">ubignss_uart_configure</a> from uart_driver.o(i.ubignss_uart_configure) referenced from libubignsscore.o(.text.ubignss_init_after_gps_power_on)
 <LI><a href="#[35]">ubignss_uart_read_char</a> from uart_driver.o(i.ubignss_uart_read_char) referenced from libubignsscore.o(.text.pib40)
 <LI><a href="#[3b]">ubignss_uart_send</a> from uart_driver.o(i.ubignss_uart_send) referenced from libubignsscore.o(.text.truq3)
 <LI><a href="#[29]">uret10</a> from libubignsscore.o(.text.uret10) referenced from libubignsscore.o(.text.hhg3)
 <LI><a href="#[3a]">vnv5</a> from libubignsscore.o(.text.vnv5) referenced from libubignsscore.o(.text.treis)
 <LI><a href="#[27]">vpano</a> from libubignsscore.o(.text.vpano) referenced from libubignsscore.o(.text.ghkdf)
 <LI><a href="#[27]">vpano</a> from libubignsscore.o(.text.vpano) referenced from libubignsscore.o(.text.ro7fg)
 <LI><a href="#[4c]">zerr12</a> from libubignsscore.o(.text.zerr12) referenced from libubignsscore.o(.text.zo6o)
 <LI><a href="#[2e]">zo6o</a> from libubignsscore.o(.text.zo6o) referenced from libubignsscore.o(.text.mzt3)
</UL>
<P>
<H3>
Global Symbols
</H3>
<P><STRONG><a name="[20]"></a>__main</STRONG> (Thumb, 0 bytes, Stack size unknown bytes, entry.o(.ARM.Collect$$$$00000000))
<BR>[Address Reference Count : 1]<UL><LI> startup_stm32l051xx.o(.text)
</UL>
<P><STRONG><a name="[221]"></a>_main_stk</STRONG> (Thumb, 0 bytes, Stack size unknown bytes, entry2.o(.ARM.Collect$$$$00000001))

<P><STRONG><a name="[5b]"></a>_main_scatterload</STRONG> (Thumb, 0 bytes, Stack size unknown bytes, entry5.o(.ARM.Collect$$$$00000004))
<BR><BR>[Calls]<UL><LI><a href="#[5c]">&gt;&gt;</a>&nbsp;&nbsp;&nbsp;__scatterload
</UL>

<P><STRONG><a name="[ee]"></a>__main_after_scatterload</STRONG> (Thumb, 0 bytes, Stack size unknown bytes, entry5.o(.ARM.Collect$$$$00000004))
<BR><BR>[Called By]<UL><LI><a href="#[5c]">&gt;&gt;</a>&nbsp;&nbsp;&nbsp;__scatterload
</UL>

<P><STRONG><a name="[222]"></a>_main_clock</STRONG> (Thumb, 0 bytes, Stack size unknown bytes, entry7b.o(.ARM.Collect$$$$00000008))

<P><STRONG><a name="[223]"></a>_main_cpp_init</STRONG> (Thumb, 0 bytes, Stack size unknown bytes, entry8b.o(.ARM.Collect$$$$0000000A))

<P><STRONG><a name="[224]"></a>_main_init</STRONG> (Thumb, 0 bytes, Stack size unknown bytes, entry9a.o(.ARM.Collect$$$$0000000B))

<P><STRONG><a name="[225]"></a>__rt_final_cpp</STRONG> (Thumb, 0 bytes, Stack size unknown bytes, entry10a.o(.ARM.Collect$$$$0000000D))

<P><STRONG><a name="[226]"></a>__rt_final_exit</STRONG> (Thumb, 0 bytes, Stack size unknown bytes, entry11a.o(.ARM.Collect$$$$0000000F))

<P><STRONG><a name="[0]"></a>Reset_Handler</STRONG> (Thumb, 8 bytes, Stack size 0 bytes, startup_stm32l051xx.o(.text))
<BR>[Address Reference Count : 1]<UL><LI> startup_stm32l051xx.o(RESET)
</UL>
<P><STRONG><a name="[11]"></a>ADC1_COMP_IRQHandler</STRONG> (Thumb, 0 bytes, Stack size 0 bytes, startup_stm32l051xx.o(.text))
<BR><BR>[Calls]<UL><LI><a href="#[11]">&gt;&gt;</a>&nbsp;&nbsp;&nbsp;ADC1_COMP_IRQHandler
</UL>
<BR>[Called By]<UL><LI><a href="#[11]">&gt;&gt;</a>&nbsp;&nbsp;&nbsp;ADC1_COMP_IRQHandler
</UL>
<BR>[Address Reference Count : 1]<UL><LI> startup_stm32l051xx.o(RESET)
</UL>
<P><STRONG><a name="[e]"></a>DMA1_Channel1_IRQHandler</STRONG> (Thumb, 0 bytes, Stack size 0 bytes, startup_stm32l051xx.o(.text))
<BR>[Address Reference Count : 1]<UL><LI> startup_stm32l051xx.o(RESET)
</UL>
<P><STRONG><a name="[10]"></a>DMA1_Channel4_5_6_7_IRQHandler</STRONG> (Thumb, 0 bytes, Stack size 0 bytes, startup_stm32l051xx.o(.text))
<BR>[Address Reference Count : 1]<UL><LI> startup_stm32l051xx.o(RESET)
</UL>
<P><STRONG><a name="[9]"></a>FLASH_IRQHandler</STRONG> (Thumb, 0 bytes, Stack size 0 bytes, startup_stm32l051xx.o(.text))
<BR>[Address Reference Count : 1]<UL><LI> startup_stm32l051xx.o(RESET)
</UL>
<P><STRONG><a name="[18]"></a>I2C2_IRQHandler</STRONG> (Thumb, 0 bytes, Stack size 0 bytes, startup_stm32l051xx.o(.text))
<BR>[Address Reference Count : 1]<UL><LI> startup_stm32l051xx.o(RESET)
</UL>
<P><STRONG><a name="[12]"></a>LPTIM1_IRQHandler</STRONG> (Thumb, 0 bytes, Stack size 0 bytes, startup_stm32l051xx.o(.text))
<BR>[Address Reference Count : 1]<UL><LI> startup_stm32l051xx.o(RESET)
</UL>
<P><STRONG><a name="[1d]"></a>LPUART1_IRQHandler</STRONG> (Thumb, 0 bytes, Stack size 0 bytes, startup_stm32l051xx.o(.text))
<BR>[Address Reference Count : 1]<UL><LI> startup_stm32l051xx.o(RESET)
</UL>
<P><STRONG><a name="[7]"></a>PVD_IRQHandler</STRONG> (Thumb, 0 bytes, Stack size 0 bytes, startup_stm32l051xx.o(.text))
<BR>[Address Reference Count : 1]<UL><LI> startup_stm32l051xx.o(RESET)
</UL>
<P><STRONG><a name="[a]"></a>RCC_IRQHandler</STRONG> (Thumb, 0 bytes, Stack size 0 bytes, startup_stm32l051xx.o(.text))
<BR>[Address Reference Count : 1]<UL><LI> startup_stm32l051xx.o(RESET)
</UL>
<P><STRONG><a name="[19]"></a>SPI1_IRQHandler</STRONG> (Thumb, 0 bytes, Stack size 0 bytes, startup_stm32l051xx.o(.text))
<BR>[Address Reference Count : 1]<UL><LI> startup_stm32l051xx.o(RESET)
</UL>
<P><STRONG><a name="[1a]"></a>SPI2_IRQHandler</STRONG> (Thumb, 0 bytes, Stack size 0 bytes, startup_stm32l051xx.o(.text))
<BR>[Address Reference Count : 1]<UL><LI> startup_stm32l051xx.o(RESET)
</UL>
<P><STRONG><a name="[15]"></a>TIM21_IRQHandler</STRONG> (Thumb, 0 bytes, Stack size 0 bytes, startup_stm32l051xx.o(.text))
<BR>[Address Reference Count : 1]<UL><LI> startup_stm32l051xx.o(RESET)
</UL>
<P><STRONG><a name="[16]"></a>TIM22_IRQHandler</STRONG> (Thumb, 0 bytes, Stack size 0 bytes, startup_stm32l051xx.o(.text))
<BR>[Address Reference Count : 1]<UL><LI> startup_stm32l051xx.o(RESET)
</UL>
<P><STRONG><a name="[13]"></a>TIM2_IRQHandler</STRONG> (Thumb, 0 bytes, Stack size 0 bytes, startup_stm32l051xx.o(.text))
<BR>[Address Reference Count : 1]<UL><LI> startup_stm32l051xx.o(RESET)
</UL>
<P><STRONG><a name="[1c]"></a>USART2_IRQHandler</STRONG> (Thumb, 0 bytes, Stack size 0 bytes, startup_stm32l051xx.o(.text))
<BR>[Address Reference Count : 1]<UL><LI> startup_stm32l051xx.o(RESET)
</UL>
<P><STRONG><a name="[67]"></a>pn9_next</STRONG> (Thumb, 24 bytes, Stack size 0 bytes, rf_api.o(.text))
<BR><BR>[Called By]<UL><LI><a href="#[66]">&gt;&gt;</a>&nbsp;&nbsp;&nbsp;pn9_next_byte
</UL>

<P><STRONG><a name="[66]"></a>pn9_next_byte</STRONG> (Thumb, 22 bytes, Stack size 16 bytes, rf_api.o(.text))
<BR><BR>[Stack]<UL><LI>Max Depth = 16<LI>Call Chain = pn9_next_byte
</UL>
<BR>[Calls]<UL><LI><a href="#[67]">&gt;&gt;</a>&nbsp;&nbsp;&nbsp;pn9_next
</UL>
<BR>[Called By]<UL><LI><a href="#[69]">&gt;&gt;</a>&nbsp;&nbsp;&nbsp;priv_ST_MANUF_Transmission_Tick
</UL>

<P><STRONG><a name="[6e]"></a>RF_API_init</STRONG> (Thumb, 326 bytes, Stack size 32 bytes, rf_api.o(.text))
<BR><BR>[Stack]<UL><LI>Max Depth = 224<LI>Call Chain = RF_API_init &rArr; priv_ST_MANUF_rx_rf_init &rArr; priv_ST_MANUF_WriteRegisters &rArr; ST_MCU_API_SpiRaw &rArr; SdkEvalSpiRaw &rArr; HAL_SPI_TransmitReceive_DMA &rArr; HAL_DMA_Start_IT &rArr; DMA_SetConfig
</UL>
<BR>[Calls]<UL><LI><a href="#[6f]">&gt;&gt;</a>&nbsp;&nbsp;&nbsp;ST_MCU_API_Shutdown
<LI><a href="#[6b]">&gt;&gt;</a>&nbsp;&nbsp;&nbsp;ST_MCU_API_GpioIRQ
<LI><a href="#[70]">&gt;&gt;</a>&nbsp;&nbsp;&nbsp;ST_RF_API_custom_setting
<LI><a href="#[63]">&gt;&gt;</a>&nbsp;&nbsp;&nbsp;priv_ST_MANUF_tx_rf_init
<LI><a href="#[6d]">&gt;&gt;</a>&nbsp;&nbsp;&nbsp;priv_ST_MANUF_rx_rf_init
<LI><a href="#[60]">&gt;&gt;</a>&nbsp;&nbsp;&nbsp;priv_ST_MANUF_WriteRegisters
<LI><a href="#[39]">&gt;&gt;</a>&nbsp;&nbsp;&nbsp;__aeabi_uldivmod
<LI><a href="#[38]">&gt;&gt;</a>&nbsp;&nbsp;&nbsp;__aeabi_idiv
</UL>
<BR>[Called By]<UL><LI><a href="#[ca]">&gt;&gt;</a>&nbsp;&nbsp;&nbsp;SIGFOX_INT_execute_carrier_sense
<LI><a href="#[aa]">&gt;&gt;</a>&nbsp;&nbsp;&nbsp;SIGFOX_API_start_continuous_transmission
<LI><a href="#[b0]">&gt;&gt;</a>&nbsp;&nbsp;&nbsp;SIGFOX_INT_send_single_frame
<LI><a href="#[b3]">&gt;&gt;</a>&nbsp;&nbsp;&nbsp;SIGFOX_INT_downlink_configuration
</UL>

<P><STRONG><a name="[71]"></a>RF_API_stop</STRONG> (Thumb, 28 bytes, Stack size 8 bytes, rf_api.o(.text))
<BR><BR>[Stack]<UL><LI>Max Depth = 120<LI>Call Chain = RF_API_stop &rArr; ST_RF_API_StopRxTx &rArr; [Anonymous Symbol] &rArr; priv_ST_MANUF_CmdStrobe &rArr; ST_MCU_API_SpiRaw &rArr; SdkEvalSpiRaw &rArr; HAL_SPI_TransmitReceive_DMA &rArr; HAL_DMA_Start_IT &rArr; DMA_SetConfig
</UL>
<BR>[Calls]<UL><LI><a href="#[6f]">&gt;&gt;</a>&nbsp;&nbsp;&nbsp;ST_MCU_API_Shutdown
<LI><a href="#[6a]">&gt;&gt;</a>&nbsp;&nbsp;&nbsp;ST_RF_API_StopRxTx
</UL>
<BR>[Called By]<UL><LI><a href="#[ca]">&gt;&gt;</a>&nbsp;&nbsp;&nbsp;SIGFOX_INT_execute_carrier_sense
<LI><a href="#[ab]">&gt;&gt;</a>&nbsp;&nbsp;&nbsp;SIGFOX_API_stop_continuous_transmission
<LI><a href="#[aa]">&gt;&gt;</a>&nbsp;&nbsp;&nbsp;SIGFOX_API_start_continuous_transmission
<LI><a href="#[b0]">&gt;&gt;</a>&nbsp;&nbsp;&nbsp;SIGFOX_INT_send_single_frame
<LI><a href="#[b4]">&gt;&gt;</a>&nbsp;&nbsp;&nbsp;SIGFOX_INT_get_received_frames
<LI><a href="#[b3]">&gt;&gt;</a>&nbsp;&nbsp;&nbsp;SIGFOX_INT_downlink_configuration
</UL>

<P><STRONG><a name="[72]"></a>RF_API_send</STRONG> (Thumb, 88 bytes, Stack size 24 bytes, rf_api.o(.text))
<BR><BR>[Stack]<UL><LI>Max Depth = 304<LI>Call Chain = RF_API_send &rArr; ST_MCU_API_WaitForInterrupt &rArr; ST_RF_API_S2LP_IRQ_CB &rArr; priv_ST_MANUF_Transmission_Tick &rArr; priv_ST_MANUF_tx_rf_dbpsk_single_bit &rArr; priv_ST_MANUF_SpiRaw_Ramp &rArr; ST_MCU_API_SpiRaw &rArr; SdkEvalSpiRaw &rArr; HAL_SPI_TransmitReceive_DMA &rArr; HAL_DMA_Start_IT &rArr; DMA_SetConfig
</UL>
<BR>[Calls]<UL><LI><a href="#[74]">&gt;&gt;</a>&nbsp;&nbsp;&nbsp;ST_MCU_API_WaitForInterrupt
<LI><a href="#[73]">&gt;&gt;</a>&nbsp;&nbsp;&nbsp;ST_RF_API_StartTx
<LI><a href="#[64]">&gt;&gt;</a>&nbsp;&nbsp;&nbsp;priv_ST_MANUF_tx_rf_dbpsk_init
<LI><a href="#[6c]">&gt;&gt;</a>&nbsp;&nbsp;&nbsp;priv_ST_MANUF_rf_load_first_ramp_up
</UL>
<BR>[Called By]<UL><LI><a href="#[b0]">&gt;&gt;</a>&nbsp;&nbsp;&nbsp;SIGFOX_INT_send_single_frame
</UL>

<P><STRONG><a name="[75]"></a>RF_API_start_continuous_transmission</STRONG> (Thumb, 134 bytes, Stack size 24 bytes, rf_api.o(.text), UNUSED)
<BR><BR>[Calls]<UL><LI><a href="#[6b]">&gt;&gt;</a>&nbsp;&nbsp;&nbsp;ST_MCU_API_GpioIRQ
<LI><a href="#[73]">&gt;&gt;</a>&nbsp;&nbsp;&nbsp;ST_RF_API_StartTx
<LI><a href="#[64]">&gt;&gt;</a>&nbsp;&nbsp;&nbsp;priv_ST_MANUF_tx_rf_dbpsk_init
<LI><a href="#[6c]">&gt;&gt;</a>&nbsp;&nbsp;&nbsp;priv_ST_MANUF_rf_load_first_ramp_up
<LI><a href="#[60]">&gt;&gt;</a>&nbsp;&nbsp;&nbsp;priv_ST_MANUF_WriteRegisters
<LI><a href="#[61]">&gt;&gt;</a>&nbsp;&nbsp;&nbsp;priv_ST_MANUF_ReadRegisters
</UL>
<BR>[Called By]<UL><LI><a href="#[aa]">&gt;&gt;</a>&nbsp;&nbsp;&nbsp;SIGFOX_API_start_continuous_transmission
</UL>

<P><STRONG><a name="[76]"></a>RF_API_stop_continuous_transmission</STRONG> (Thumb, 34 bytes, Stack size 8 bytes, rf_api.o(.text), UNUSED)
<BR><BR>[Calls]<UL><LI><a href="#[6b]">&gt;&gt;</a>&nbsp;&nbsp;&nbsp;ST_MCU_API_GpioIRQ
<LI><a href="#[6a]">&gt;&gt;</a>&nbsp;&nbsp;&nbsp;ST_RF_API_StopRxTx
</UL>
<BR>[Called By]<UL><LI><a href="#[ab]">&gt;&gt;</a>&nbsp;&nbsp;&nbsp;SIGFOX_API_stop_continuous_transmission
</UL>

<P><STRONG><a name="[77]"></a>RF_API_change_frequency</STRONG> (Thumb, 194 bytes, Stack size 40 bytes, rf_api.o(.text))
<BR><BR>[Stack]<UL><LI>Max Depth = 192<LI>Call Chain = RF_API_change_frequency &rArr; priv_ST_MANUF_ReadRegisters &rArr; ST_MCU_API_SpiRaw &rArr; SdkEvalSpiRaw &rArr; HAL_SPI_TransmitReceive_DMA &rArr; HAL_DMA_Start_IT &rArr; DMA_SetConfig
</UL>
<BR>[Calls]<UL><LI><a href="#[60]">&gt;&gt;</a>&nbsp;&nbsp;&nbsp;priv_ST_MANUF_WriteRegisters
<LI><a href="#[61]">&gt;&gt;</a>&nbsp;&nbsp;&nbsp;priv_ST_MANUF_ReadRegisters
<LI><a href="#[65]">&gt;&gt;</a>&nbsp;&nbsp;&nbsp;__aeabi_lmul
<LI><a href="#[39]">&gt;&gt;</a>&nbsp;&nbsp;&nbsp;__aeabi_uldivmod
</UL>
<BR>[Called By]<UL><LI><a href="#[ca]">&gt;&gt;</a>&nbsp;&nbsp;&nbsp;SIGFOX_INT_execute_carrier_sense
<LI><a href="#[aa]">&gt;&gt;</a>&nbsp;&nbsp;&nbsp;SIGFOX_API_start_continuous_transmission
<LI><a href="#[b0]">&gt;&gt;</a>&nbsp;&nbsp;&nbsp;SIGFOX_INT_send_single_frame
<LI><a href="#[b3]">&gt;&gt;</a>&nbsp;&nbsp;&nbsp;SIGFOX_INT_downlink_configuration
</UL>

<P><STRONG><a name="[78]"></a>RF_API_wait_frame</STRONG> (Thumb, 258 bytes, Stack size 48 bytes, rf_api.o(.text))
<BR><BR>[Stack]<UL><LI>Max Depth = 328<LI>Call Chain = RF_API_wait_frame &rArr; ST_MCU_API_WaitForInterrupt &rArr; ST_RF_API_S2LP_IRQ_CB &rArr; priv_ST_MANUF_Transmission_Tick &rArr; priv_ST_MANUF_tx_rf_dbpsk_single_bit &rArr; priv_ST_MANUF_SpiRaw_Ramp &rArr; ST_MCU_API_SpiRaw &rArr; SdkEvalSpiRaw &rArr; HAL_SPI_TransmitReceive_DMA &rArr; HAL_DMA_Start_IT &rArr; DMA_SetConfig
</UL>
<BR>[Calls]<UL><LI><a href="#[74]">&gt;&gt;</a>&nbsp;&nbsp;&nbsp;ST_MCU_API_WaitForInterrupt
<LI><a href="#[6b]">&gt;&gt;</a>&nbsp;&nbsp;&nbsp;ST_MCU_API_GpioIRQ
<LI><a href="#[6a]">&gt;&gt;</a>&nbsp;&nbsp;&nbsp;ST_RF_API_StopRxTx
<LI><a href="#[79]">&gt;&gt;</a>&nbsp;&nbsp;&nbsp;ST_RF_API_StartRx
<LI><a href="#[60]">&gt;&gt;</a>&nbsp;&nbsp;&nbsp;priv_ST_MANUF_WriteRegisters
<LI><a href="#[61]">&gt;&gt;</a>&nbsp;&nbsp;&nbsp;priv_ST_MANUF_ReadRegisters
<LI><a href="#[5f]">&gt;&gt;</a>&nbsp;&nbsp;&nbsp;priv_ST_MANUF_CmdStrobe
</UL>
<BR>[Called By]<UL><LI><a href="#[b4]">&gt;&gt;</a>&nbsp;&nbsp;&nbsp;SIGFOX_INT_get_received_frames
</UL>

<P><STRONG><a name="[7a]"></a>RF_API_wait_for_clear_channel</STRONG> (Thumb, 386 bytes, Stack size 32 bytes, rf_api.o(.text))
<BR><BR>[Stack]<UL><LI>Max Depth = 312<LI>Call Chain = RF_API_wait_for_clear_channel &rArr; ST_MCU_API_WaitForInterrupt &rArr; ST_RF_API_S2LP_IRQ_CB &rArr; priv_ST_MANUF_Transmission_Tick &rArr; priv_ST_MANUF_tx_rf_dbpsk_single_bit &rArr; priv_ST_MANUF_SpiRaw_Ramp &rArr; ST_MCU_API_SpiRaw &rArr; SdkEvalSpiRaw &rArr; HAL_SPI_TransmitReceive_DMA &rArr; HAL_DMA_Start_IT &rArr; DMA_SetConfig
</UL>
<BR>[Calls]<UL><LI><a href="#[74]">&gt;&gt;</a>&nbsp;&nbsp;&nbsp;ST_MCU_API_WaitForInterrupt
<LI><a href="#[6f]">&gt;&gt;</a>&nbsp;&nbsp;&nbsp;ST_MCU_API_Shutdown
<LI><a href="#[6b]">&gt;&gt;</a>&nbsp;&nbsp;&nbsp;ST_MCU_API_GpioIRQ
<LI><a href="#[6a]">&gt;&gt;</a>&nbsp;&nbsp;&nbsp;ST_RF_API_StopRxTx
<LI><a href="#[79]">&gt;&gt;</a>&nbsp;&nbsp;&nbsp;ST_RF_API_StartRx
<LI><a href="#[60]">&gt;&gt;</a>&nbsp;&nbsp;&nbsp;priv_ST_MANUF_WriteRegisters
<LI><a href="#[61]">&gt;&gt;</a>&nbsp;&nbsp;&nbsp;priv_ST_MANUF_ReadRegisters
<LI><a href="#[5f]">&gt;&gt;</a>&nbsp;&nbsp;&nbsp;priv_ST_MANUF_CmdStrobe
<LI><a href="#[65]">&gt;&gt;</a>&nbsp;&nbsp;&nbsp;__aeabi_lmul
<LI><a href="#[39]">&gt;&gt;</a>&nbsp;&nbsp;&nbsp;__aeabi_uldivmod
</UL>
<BR>[Called By]<UL><LI><a href="#[ca]">&gt;&gt;</a>&nbsp;&nbsp;&nbsp;SIGFOX_INT_execute_carrier_sense
</UL>

<P><STRONG><a name="[a7]"></a>RF_API_get_version</STRONG> (Thumb, 12 bytes, Stack size 0 bytes, rf_api.o(.text), UNUSED)
<BR><BR>[Called By]<UL><LI><a href="#[a5]">&gt;&gt;</a>&nbsp;&nbsp;&nbsp;SIGFOX_API_get_version
</UL>

<P><STRONG><a name="[192]"></a>ST_RF_API_Timer_CB</STRONG> (Thumb, 6 bytes, Stack size 0 bytes, rf_api.o(.text))
<BR><BR>[Called By]<UL><LI><a href="#[8]">&gt;&gt;</a>&nbsp;&nbsp;&nbsp;RTC_IRQHandler
<LI><a href="#[cb]">&gt;&gt;</a>&nbsp;&nbsp;&nbsp;MCU_API_timer_start
</UL>

<P><STRONG><a name="[1a7]"></a>ST_RF_API_Timer_Channel_Clear_CB</STRONG> (Thumb, 8 bytes, Stack size 0 bytes, rf_api.o(.text))
<BR><BR>[Called By]<UL><LI><a href="#[8]">&gt;&gt;</a>&nbsp;&nbsp;&nbsp;RTC_IRQHandler
</UL>

<P><STRONG><a name="[7b]"></a>ST_RF_API_S2LP_IRQ_CB</STRONG> (Thumb, 26 bytes, Stack size 8 bytes, rf_api.o(.text))
<BR><BR>[Stack]<UL><LI>Max Depth = 264<LI>Call Chain = ST_RF_API_S2LP_IRQ_CB &rArr; priv_ST_MANUF_Transmission_Tick &rArr; priv_ST_MANUF_tx_rf_dbpsk_single_bit &rArr; priv_ST_MANUF_SpiRaw_Ramp &rArr; ST_MCU_API_SpiRaw &rArr; SdkEvalSpiRaw &rArr; HAL_SPI_TransmitReceive_DMA &rArr; HAL_DMA_Start_IT &rArr; DMA_SetConfig
</UL>
<BR>[Calls]<UL><LI><a href="#[69]">&gt;&gt;</a>&nbsp;&nbsp;&nbsp;priv_ST_MANUF_Transmission_Tick
</UL>
<BR>[Called By]<UL><LI><a href="#[74]">&gt;&gt;</a>&nbsp;&nbsp;&nbsp;ST_MCU_API_WaitForInterrupt
<LI><a href="#[121]">&gt;&gt;</a>&nbsp;&nbsp;&nbsp;HAL_GPIO_EXTI_Callback
</UL>

<P><STRONG><a name="[208]"></a>ST_RF_API_set_rssi_offset</STRONG> (Thumb, 8 bytes, Stack size 0 bytes, rf_api.o(.text))
<BR><BR>[Called By]<UL><LI><a href="#[20a]">&gt;&gt;</a>&nbsp;&nbsp;&nbsp;sigfox_library_setup
<LI><a href="#[1f8]">&gt;&gt;</a>&nbsp;&nbsp;&nbsp;mcu_system_init
</UL>

<P><STRONG><a name="[227]"></a>ST_RF_API_get_rssi_offset</STRONG> (Thumb, 10 bytes, Stack size 0 bytes, rf_api.o(.text), UNUSED)

<P><STRONG><a name="[228]"></a>ST_RF_API_gpio_irq_pin</STRONG> (Thumb, 16 bytes, Stack size 0 bytes, rf_api.o(.text), UNUSED)

<P><STRONG><a name="[213]"></a>ST_RF_API_gpio_tx_rx_pin</STRONG> (Thumb, 20 bytes, Stack size 0 bytes, rf_api.o(.text))
<BR><BR>[Called By]<UL><LI><a href="#[20a]">&gt;&gt;</a>&nbsp;&nbsp;&nbsp;sigfox_library_setup
</UL>

<P><STRONG><a name="[214]"></a>ST_RF_API_gpio_rx_pin</STRONG> (Thumb, 20 bytes, Stack size 0 bytes, rf_api.o(.text))
<BR><BR>[Called By]<UL><LI><a href="#[20a]">&gt;&gt;</a>&nbsp;&nbsp;&nbsp;sigfox_library_setup
</UL>

<P><STRONG><a name="[215]"></a>ST_RF_API_gpio_tx_pin</STRONG> (Thumb, 20 bytes, Stack size 0 bytes, rf_api.o(.text))
<BR><BR>[Called By]<UL><LI><a href="#[20a]">&gt;&gt;</a>&nbsp;&nbsp;&nbsp;sigfox_library_setup
</UL>

<P><STRONG><a name="[217]"></a>ST_RF_API_reduce_output_power</STRONG> (Thumb, 8 bytes, Stack size 0 bytes, rf_api.o(.text))
<BR><BR>[Called By]<UL><LI><a href="#[20b]">&gt;&gt;</a>&nbsp;&nbsp;&nbsp;sigfox_set_rf_power
</UL>

<P><STRONG><a name="[229]"></a>ST_RF_API_set_xtal_freq</STRONG> (Thumb, 8 bytes, Stack size 0 bytes, rf_api.o(.text), UNUSED)

<P><STRONG><a name="[207]"></a>ST_RF_API_set_freq_offset</STRONG> (Thumb, 8 bytes, Stack size 0 bytes, rf_api.o(.text))
<BR><BR>[Called By]<UL><LI><a href="#[20a]">&gt;&gt;</a>&nbsp;&nbsp;&nbsp;sigfox_library_setup
<LI><a href="#[1f8]">&gt;&gt;</a>&nbsp;&nbsp;&nbsp;mcu_system_init
</UL>

<P><STRONG><a name="[210]"></a>ST_RF_API_set_tcxo</STRONG> (Thumb, 8 bytes, Stack size 0 bytes, rf_api.o(.text))
<BR><BR>[Called By]<UL><LI><a href="#[20a]">&gt;&gt;</a>&nbsp;&nbsp;&nbsp;sigfox_library_setup
</UL>

<P><STRONG><a name="[212]"></a>ST_RF_API_set_pa</STRONG> (Thumb, 8 bytes, Stack size 0 bytes, rf_api.o(.text))
<BR><BR>[Called By]<UL><LI><a href="#[20a]">&gt;&gt;</a>&nbsp;&nbsp;&nbsp;sigfox_library_setup
</UL>

<P><STRONG><a name="[189]"></a>ST_RF_API_get_ramp_duration</STRONG> (Thumb, 12 bytes, Stack size 0 bytes, rf_api.o(.text))
<BR><BR>[Called By]<UL><LI><a href="#[c1]">&gt;&gt;</a>&nbsp;&nbsp;&nbsp;MCU_API_delay
</UL>

<P><STRONG><a name="[216]"></a>ST_RF_API_smps</STRONG> (Thumb, 8 bytes, Stack size 0 bytes, rf_api.o(.text))
<BR><BR>[Called By]<UL><LI><a href="#[20b]">&gt;&gt;</a>&nbsp;&nbsp;&nbsp;sigfox_set_rf_power
</UL>

<P><STRONG><a name="[122]"></a>ST_RF_API_Get_Continuous_TX_Flag</STRONG> (Thumb, 6 bytes, Stack size 0 bytes, rf_api.o(.text))
<BR><BR>[Called By]<UL><LI><a href="#[121]">&gt;&gt;</a>&nbsp;&nbsp;&nbsp;HAL_GPIO_EXTI_Callback
</UL>

<P><STRONG><a name="[73]"></a>ST_RF_API_StartTx</STRONG> (Thumb, 6 bytes, Stack size 8 bytes, rf_api.o(.text))
<BR><BR>[Stack]<UL><LI>Max Depth = 112<LI>Call Chain = ST_RF_API_StartTx &rArr; [Anonymous Symbol] &rArr; priv_ST_MANUF_CmdStrobe &rArr; ST_MCU_API_SpiRaw &rArr; SdkEvalSpiRaw &rArr; HAL_SPI_TransmitReceive_DMA &rArr; HAL_DMA_Start_IT &rArr; DMA_SetConfig
</UL>
<BR>[Calls]<UL><LI><a href="#[7c]">&gt;&gt;</a>&nbsp;&nbsp;&nbsp;[Anonymous Symbol]
</UL>
<BR>[Called By]<UL><LI><a href="#[75]">&gt;&gt;</a>&nbsp;&nbsp;&nbsp;RF_API_start_continuous_transmission
<LI><a href="#[72]">&gt;&gt;</a>&nbsp;&nbsp;&nbsp;RF_API_send
</UL>

<P><STRONG><a name="[79]"></a>ST_RF_API_StartRx</STRONG> (Thumb, 4 bytes, Stack size 8 bytes, rf_api.o(.text))
<BR><BR>[Stack]<UL><LI>Max Depth = 8<LI>Call Chain = ST_RF_API_StartRx
</UL>
<BR>[Called By]<UL><LI><a href="#[78]">&gt;&gt;</a>&nbsp;&nbsp;&nbsp;RF_API_wait_frame
<LI><a href="#[7a]">&gt;&gt;</a>&nbsp;&nbsp;&nbsp;RF_API_wait_for_clear_channel
</UL>

<P><STRONG><a name="[6a]"></a>ST_RF_API_StopRxTx</STRONG> (Thumb, 6 bytes, Stack size 8 bytes, rf_api.o(.text))
<BR><BR>[Stack]<UL><LI>Max Depth = 112<LI>Call Chain = ST_RF_API_StopRxTx &rArr; [Anonymous Symbol] &rArr; priv_ST_MANUF_CmdStrobe &rArr; ST_MCU_API_SpiRaw &rArr; SdkEvalSpiRaw &rArr; HAL_SPI_TransmitReceive_DMA &rArr; HAL_DMA_Start_IT &rArr; DMA_SetConfig
</UL>
<BR>[Calls]<UL><LI><a href="#[7c]">&gt;&gt;</a>&nbsp;&nbsp;&nbsp;[Anonymous Symbol]
</UL>
<BR>[Called By]<UL><LI><a href="#[78]">&gt;&gt;</a>&nbsp;&nbsp;&nbsp;RF_API_wait_frame
<LI><a href="#[7a]">&gt;&gt;</a>&nbsp;&nbsp;&nbsp;RF_API_wait_for_clear_channel
<LI><a href="#[76]">&gt;&gt;</a>&nbsp;&nbsp;&nbsp;RF_API_stop_continuous_transmission
<LI><a href="#[71]">&gt;&gt;</a>&nbsp;&nbsp;&nbsp;RF_API_stop
<LI><a href="#[69]">&gt;&gt;</a>&nbsp;&nbsp;&nbsp;priv_ST_MANUF_Transmission_Tick
</UL>

<P><STRONG><a name="[7d]"></a>ST_RF_API_GetRSSI</STRONG> (Thumb, 22 bytes, Stack size 8 bytes, rf_api.o(.text), UNUSED)
<BR><BR>[Calls]<UL><LI><a href="#[61]">&gt;&gt;</a>&nbsp;&nbsp;&nbsp;priv_ST_MANUF_ReadRegisters
</UL>

<P><STRONG><a name="[70]"></a>ST_RF_API_custom_setting</STRONG> (Thumb, 2 bytes, Stack size 0 bytes, rf_api.o(.text))
<BR><BR>[Called By]<UL><LI><a href="#[6e]">&gt;&gt;</a>&nbsp;&nbsp;&nbsp;RF_API_init
</UL>

<P><STRONG><a name="[8b]"></a>l31</STRONG> (Thumb, 158 bytes, Stack size 32 bytes, asfd32.o(.text))
<BR><BR>[Stack]<UL><LI>Max Depth = 72<LI>Call Chain = l31 &rArr; l34 &rArr; l36 &rArr; [Anonymous Symbol] &rArr;  [Anonymous Symbol] (Cycle)
</UL>
<BR>[Calls]<UL><LI><a href="#[80]">&gt;&gt;</a>&nbsp;&nbsp;&nbsp;l73
<LI><a href="#[83]">&gt;&gt;</a>&nbsp;&nbsp;&nbsp;l34
<LI><a href="#[8d]">&gt;&gt;</a>&nbsp;&nbsp;&nbsp;l29
<LI><a href="#[8c]">&gt;&gt;</a>&nbsp;&nbsp;&nbsp;l12
<LI><a href="#[8e]">&gt;&gt;</a>&nbsp;&nbsp;&nbsp;__aeabi_memclr
</UL>
<BR>[Called By]<UL><LI><a href="#[97]">&gt;&gt;</a>&nbsp;&nbsp;&nbsp;enc_utils_encrypt
</UL>

<P><STRONG><a name="[8f]"></a>l37</STRONG> (Thumb, 158 bytes, Stack size 48 bytes, asfd32.o(.text), UNUSED)
<BR><BR>[Calls]<UL><LI><a href="#[7e]">&gt;&gt;</a>&nbsp;&nbsp;&nbsp;l33
<LI><a href="#[8d]">&gt;&gt;</a>&nbsp;&nbsp;&nbsp;l29
<LI><a href="#[87]">&gt;&gt;</a>&nbsp;&nbsp;&nbsp;l28
<LI><a href="#[8c]">&gt;&gt;</a>&nbsp;&nbsp;&nbsp;l12
<LI><a href="#[8e]">&gt;&gt;</a>&nbsp;&nbsp;&nbsp;__aeabi_memclr
</UL>
<BR>[Called By]<UL><LI><a href="#[94]">&gt;&gt;</a>&nbsp;&nbsp;&nbsp;enc_utils_retrieve_data
</UL>

<P><STRONG><a name="[90]"></a>AES_CBC_decrypt_buffer</STRONG> (Thumb, 60 bytes, Stack size 32 bytes, asfd32.o(.text))
<BR><BR>[Stack]<UL><LI>Max Depth = 96<LI>Call Chain = AES_CBC_decrypt_buffer &rArr; l28 &rArr; l74
</UL>
<BR>[Calls]<UL><LI><a href="#[7e]">&gt;&gt;</a>&nbsp;&nbsp;&nbsp;l33
<LI><a href="#[8d]">&gt;&gt;</a>&nbsp;&nbsp;&nbsp;l29
<LI><a href="#[87]">&gt;&gt;</a>&nbsp;&nbsp;&nbsp;l28
<LI><a href="#[7f]">&gt;&gt;</a>&nbsp;&nbsp;&nbsp;__aeabi_memcpy
</UL>
<BR>[Called By]<UL><LI><a href="#[91]">&gt;&gt;</a>&nbsp;&nbsp;&nbsp;enc_utils_retrieve_data_from_flash
</UL>

<P><STRONG><a name="[96]"></a>l62</STRONG> (Thumb, 24 bytes, Stack size 0 bytes, asfd32.o(.text), UNUSED)
<BR><BR>[Called By]<UL><LI><a href="#[94]">&gt;&gt;</a>&nbsp;&nbsp;&nbsp;enc_utils_retrieve_data
</UL>

<P><STRONG><a name="[91]"></a>enc_utils_retrieve_data_from_flash</STRONG> (Thumb, 310 bytes, Stack size 112 bytes, asfd32.o(.text))
<BR><BR>[Stack]<UL><LI>Max Depth = 480<LI>Call Chain = enc_utils_retrieve_data_from_flash &rArr; NVM_ReadBoardData &rArr; NVM_Read &rArr; EepromRead &rArr; HAL_SPI_TransmitReceive &rArr; SPI_WaitOnFlagUntilTimeout
</UL>
<BR>[Calls]<UL><LI><a href="#[92]">&gt;&gt;</a>&nbsp;&nbsp;&nbsp;NVM_ReadBoardData
<LI><a href="#[93]">&gt;&gt;</a>&nbsp;&nbsp;&nbsp;NVM_Read
<LI><a href="#[8e]">&gt;&gt;</a>&nbsp;&nbsp;&nbsp;__aeabi_memclr
<LI><a href="#[7f]">&gt;&gt;</a>&nbsp;&nbsp;&nbsp;__aeabi_memcpy
<LI><a href="#[90]">&gt;&gt;</a>&nbsp;&nbsp;&nbsp;AES_CBC_decrypt_buffer
</UL>
<BR>[Called By]<UL><LI><a href="#[1f8]">&gt;&gt;</a>&nbsp;&nbsp;&nbsp;mcu_system_init
</UL>

<P><STRONG><a name="[94]"></a>enc_utils_retrieve_data</STRONG> (Thumb, 316 bytes, Stack size 104 bytes, asfd32.o(.text), UNUSED)
<BR><BR>[Calls]<UL><LI><a href="#[95]">&gt;&gt;</a>&nbsp;&nbsp;&nbsp;EepromRead
<LI><a href="#[8e]">&gt;&gt;</a>&nbsp;&nbsp;&nbsp;__aeabi_memclr
<LI><a href="#[7f]">&gt;&gt;</a>&nbsp;&nbsp;&nbsp;__aeabi_memcpy
<LI><a href="#[96]">&gt;&gt;</a>&nbsp;&nbsp;&nbsp;l62
<LI><a href="#[8f]">&gt;&gt;</a>&nbsp;&nbsp;&nbsp;l37
</UL>

<P><STRONG><a name="[97]"></a>enc_utils_encrypt</STRONG> (Thumb, 30 bytes, Stack size 16 bytes, asfd32.o(.text))
<BR><BR>[Stack]<UL><LI>Max Depth = 88<LI>Call Chain = enc_utils_encrypt &rArr; l31 &rArr; l34 &rArr; l36 &rArr; [Anonymous Symbol] &rArr;  [Anonymous Symbol] (Cycle)
</UL>
<BR>[Calls]<UL><LI><a href="#[8b]">&gt;&gt;</a>&nbsp;&nbsp;&nbsp;l31
</UL>
<BR>[Called By]<UL><LI><a href="#[c4]">&gt;&gt;</a>&nbsp;&nbsp;&nbsp;MCU_API_aes_128_cbc_encrypt
</UL>

<P><STRONG><a name="[98]"></a>enc_utils_set_public_key</STRONG> (Thumb, 26 bytes, Stack size 0 bytes, asfd32.o(.text))
<BR><BR>[Calls]<UL><LI><a href="#[99]">&gt;&gt;</a>&nbsp;&nbsp;&nbsp;[Anonymous Symbol]
</UL>
<BR>[Called By]<UL><LI><a href="#[20a]">&gt;&gt;</a>&nbsp;&nbsp;&nbsp;sigfox_library_setup
</UL>

<P><STRONG><a name="[22a]"></a>enc_utils_set_test_key</STRONG> (Thumb, 24 bytes, Stack size 0 bytes, asfd32.o(.text), UNUSED)

<P><STRONG><a name="[22b]"></a>enc_utils_set_test_id</STRONG> (Thumb, 8 bytes, Stack size 0 bytes, asfd32.o(.text), UNUSED)

<P><STRONG><a name="[18b]"></a>enc_utils_get_id</STRONG> (Thumb, 32 bytes, Stack size 0 bytes, asfd32.o(.text))
<BR><BR>[Called By]<UL><LI><a href="#[d4]">&gt;&gt;</a>&nbsp;&nbsp;&nbsp;MCU_API_get_device_id_and_payload_encryption_flag
</UL>

<P><STRONG><a name="[18c]"></a>enc_utils_get_initial_pac</STRONG> (Thumb, 32 bytes, Stack size 0 bytes, asfd32.o(.text), UNUSED)
<BR><BR>[Called By]<UL><LI><a href="#[b7]">&gt;&gt;</a>&nbsp;&nbsp;&nbsp;MCU_API_get_initial_pac
</UL>

<P><STRONG><a name="[9a]"></a>SIGFOX_API_open</STRONG> (Thumb, 380 bytes, Stack size 32 bytes, sigfox_api.o(.text))
<BR><BR>[Stack]<UL><LI>Max Depth = 440<LI>Call Chain = SIGFOX_API_open &rArr; MCU_API_get_nv_mem &rArr; NVM_ReadRecord &rArr; NVM_Read &rArr; EepromRead &rArr; HAL_SPI_TransmitReceive &rArr; SPI_WaitOnFlagUntilTimeout
</UL>
<BR>[Calls]<UL><LI><a href="#[9c]">&gt;&gt;</a>&nbsp;&nbsp;&nbsp;MCU_API_malloc
<LI><a href="#[9b]">&gt;&gt;</a>&nbsp;&nbsp;&nbsp;MCU_API_get_nv_mem
<LI><a href="#[9e]">&gt;&gt;</a>&nbsp;&nbsp;&nbsp;MCU_API_free
<LI><a href="#[9d]">&gt;&gt;</a>&nbsp;&nbsp;&nbsp;SIGFOX_INT_get_device_id_and_payload_encryption_flag
<LI><a href="#[9f]">&gt;&gt;</a>&nbsp;&nbsp;&nbsp;RETURN_CODE
</UL>
<BR>[Called By]<UL><LI><a href="#[20a]">&gt;&gt;</a>&nbsp;&nbsp;&nbsp;sigfox_library_setup
</UL>

<P><STRONG><a name="[a0]"></a>SIGFOX_API_close</STRONG> (Thumb, 40 bytes, Stack size 16 bytes, sigfox_api.o(.text))
<BR><BR>[Stack]<UL><LI>Max Depth = 16<LI>Call Chain = SIGFOX_API_close
</UL>
<BR>[Calls]<UL><LI><a href="#[9e]">&gt;&gt;</a>&nbsp;&nbsp;&nbsp;MCU_API_free
<LI><a href="#[9f]">&gt;&gt;</a>&nbsp;&nbsp;&nbsp;RETURN_CODE
</UL>
<BR>[Called By]<UL><LI><a href="#[200]">&gt;&gt;</a>&nbsp;&nbsp;&nbsp;sigfox_ubi_uldl
<LI><a href="#[205]">&gt;&gt;</a>&nbsp;&nbsp;&nbsp;sigfox_setup_uldl
<LI><a href="#[202]">&gt;&gt;</a>&nbsp;&nbsp;&nbsp;sigfox_gps_uldl
<LI><a href="#[203]">&gt;&gt;</a>&nbsp;&nbsp;&nbsp;sigfox_boot_dl
</UL>

<P><STRONG><a name="[a1]"></a>SIGFOX_API_send_frame</STRONG> (Thumb, 68 bytes, Stack size 24 bytes, sigfox_api.o(.text))
<BR><BR>[Stack]<UL><LI>Max Depth = 544<LI>Call Chain = SIGFOX_API_send_frame &rArr; SIGFOX_INT_execute_communication_sequence &rArr; SIGFOX_INT_store_nvm &rArr; MCU_API_set_nv_mem &rArr; NVM_WriteRecord &rArr; _writeRecordInternal &rArr; _setBlockState &rArr; NVM_Write &rArr; EepromWrite &rArr; EepromWriteEnable &rArr; HAL_SPI_TransmitReceive &rArr; SPI_WaitOnFlagUntilTimeout
</UL>
<BR>[Calls]<UL><LI><a href="#[a2]">&gt;&gt;</a>&nbsp;&nbsp;&nbsp;SIGFOX_INT_execute_communication_sequence
</UL>
<BR>[Called By]<UL><LI><a href="#[200]">&gt;&gt;</a>&nbsp;&nbsp;&nbsp;sigfox_ubi_uldl
<LI><a href="#[205]">&gt;&gt;</a>&nbsp;&nbsp;&nbsp;sigfox_setup_uldl
<LI><a href="#[202]">&gt;&gt;</a>&nbsp;&nbsp;&nbsp;sigfox_gps_uldl
<LI><a href="#[203]">&gt;&gt;</a>&nbsp;&nbsp;&nbsp;sigfox_boot_dl
</UL>

<P><STRONG><a name="[a3]"></a>SIGFOX_API_send_bit</STRONG> (Thumb, 56 bytes, Stack size 24 bytes, sigfox_api.o(.text), UNUSED)
<BR><BR>[Calls]<UL><LI><a href="#[a2]">&gt;&gt;</a>&nbsp;&nbsp;&nbsp;SIGFOX_INT_execute_communication_sequence
</UL>

<P><STRONG><a name="[a4]"></a>SIGFOX_API_send_outofband</STRONG> (Thumb, 60 bytes, Stack size 16 bytes, sigfox_api.o(.text), UNUSED)
<BR><BR>[Calls]<UL><LI><a href="#[a2]">&gt;&gt;</a>&nbsp;&nbsp;&nbsp;SIGFOX_INT_execute_communication_sequence
</UL>

<P><STRONG><a name="[a5]"></a>SIGFOX_API_get_version</STRONG> (Thumb, 60 bytes, Stack size 8 bytes, sigfox_api.o(.text), UNUSED)
<BR><BR>[Calls]<UL><LI><a href="#[a6]">&gt;&gt;</a>&nbsp;&nbsp;&nbsp;MCU_API_get_version
<LI><a href="#[a7]">&gt;&gt;</a>&nbsp;&nbsp;&nbsp;RF_API_get_version
<LI><a href="#[9f]">&gt;&gt;</a>&nbsp;&nbsp;&nbsp;RETURN_CODE
</UL>

<P><STRONG><a name="[a8]"></a>SIGFOX_API_set_std_config</STRONG> (Thumb, 114 bytes, Stack size 16 bytes, sigfox_api.o(.text))
<BR><BR>[Stack]<UL><LI>Max Depth = 28<LI>Call Chain = SIGFOX_API_set_std_config &rArr; SIGFOX_INT_get_max_micro_channel
</UL>
<BR>[Calls]<UL><LI><a href="#[a9]">&gt;&gt;</a>&nbsp;&nbsp;&nbsp;SIGFOX_INT_get_max_micro_channel
</UL>
<BR>[Called By]<UL><LI><a href="#[20a]">&gt;&gt;</a>&nbsp;&nbsp;&nbsp;sigfox_library_setup
</UL>

<P><STRONG><a name="[aa]"></a>SIGFOX_API_start_continuous_transmission</STRONG> (Thumb, 72 bytes, Stack size 24 bytes, sigfox_api.o(.text), UNUSED)
<BR><BR>[Calls]<UL><LI><a href="#[71]">&gt;&gt;</a>&nbsp;&nbsp;&nbsp;RF_API_stop
<LI><a href="#[75]">&gt;&gt;</a>&nbsp;&nbsp;&nbsp;RF_API_start_continuous_transmission
<LI><a href="#[6e]">&gt;&gt;</a>&nbsp;&nbsp;&nbsp;RF_API_init
<LI><a href="#[77]">&gt;&gt;</a>&nbsp;&nbsp;&nbsp;RF_API_change_frequency
<LI><a href="#[9f]">&gt;&gt;</a>&nbsp;&nbsp;&nbsp;RETURN_CODE
</UL>

<P><STRONG><a name="[ab]"></a>SIGFOX_API_stop_continuous_transmission</STRONG> (Thumb, 50 bytes, Stack size 16 bytes, sigfox_api.o(.text), UNUSED)
<BR><BR>[Calls]<UL><LI><a href="#[76]">&gt;&gt;</a>&nbsp;&nbsp;&nbsp;RF_API_stop_continuous_transmission
<LI><a href="#[71]">&gt;&gt;</a>&nbsp;&nbsp;&nbsp;RF_API_stop
<LI><a href="#[9f]">&gt;&gt;</a>&nbsp;&nbsp;&nbsp;RETURN_CODE
</UL>

<P><STRONG><a name="[ac]"></a>SIGFOX_API_send_test_frame</STRONG> (Thumb, 150 bytes, Stack size 32 bytes, sigfox_api.o(.text), UNUSED)
<BR><BR>[Calls]<UL><LI><a href="#[ae]">&gt;&gt;</a>&nbsp;&nbsp;&nbsp;SIGFOX_INT_store_nvm
<LI><a href="#[b0]">&gt;&gt;</a>&nbsp;&nbsp;&nbsp;SIGFOX_INT_send_single_frame
<LI><a href="#[ad]">&gt;&gt;</a>&nbsp;&nbsp;&nbsp;SIGFOX_INT_prepare_transmission
<LI><a href="#[af]">&gt;&gt;</a>&nbsp;&nbsp;&nbsp;SIGFOX_INT_compute_uplink_frequency
<LI><a href="#[9f]">&gt;&gt;</a>&nbsp;&nbsp;&nbsp;RETURN_CODE
</UL>

<P><STRONG><a name="[b1]"></a>SIGFOX_API_receive_test_frame</STRONG> (Thumb, 126 bytes, Stack size 24 bytes, sigfox_api.o(.text), UNUSED)
<BR><BR>[Calls]<UL><LI><a href="#[b4]">&gt;&gt;</a>&nbsp;&nbsp;&nbsp;SIGFOX_INT_get_received_frames
<LI><a href="#[b3]">&gt;&gt;</a>&nbsp;&nbsp;&nbsp;SIGFOX_INT_downlink_configuration
<LI><a href="#[b2]">&gt;&gt;</a>&nbsp;&nbsp;&nbsp;SIGFOX_INT_compute_downlink_frequency
</UL>

<P><STRONG><a name="[22c]"></a>SIGFOX_API_get_info</STRONG> (Thumb, 30 bytes, Stack size 0 bytes, sigfox_api.o(.text), UNUSED)

<P><STRONG><a name="[b5]"></a>SIGFOX_API_get_device_id</STRONG> (Thumb, 10 bytes, Stack size 8 bytes, sigfox_api.o(.text), UNUSED)
<BR><BR>[Calls]<UL><LI><a href="#[9d]">&gt;&gt;</a>&nbsp;&nbsp;&nbsp;SIGFOX_INT_get_device_id_and_payload_encryption_flag
</UL>

<P><STRONG><a name="[b6]"></a>SIGFOX_API_get_initial_pac</STRONG> (Thumb, 22 bytes, Stack size 8 bytes, sigfox_api.o(.text), UNUSED)
<BR><BR>[Calls]<UL><LI><a href="#[b7]">&gt;&gt;</a>&nbsp;&nbsp;&nbsp;MCU_API_get_initial_pac
<LI><a href="#[9f]">&gt;&gt;</a>&nbsp;&nbsp;&nbsp;RETURN_CODE
</UL>

<P><STRONG><a name="[22d]"></a>SIGFOX_API_switch_public_key</STRONG> (Thumb, 28 bytes, Stack size 0 bytes, sigfox_api.o(.text), UNUSED)

<P><STRONG><a name="[22e]"></a>SIGFOX_API_set_rc_sync_period</STRONG> (Thumb, 24 bytes, Stack size 0 bytes, sigfox_api.o(.text), UNUSED)

<P><STRONG><a name="[bc]"></a>SIGFOX_INT_randomize</STRONG> (Thumb, 22 bytes, Stack size 0 bytes, sigfox_internal.o(.text))
<BR><BR>[Called By]<UL><LI><a href="#[bb]">&gt;&gt;</a>&nbsp;&nbsp;&nbsp;SIGFOX_INT_compute_channels
</UL>

<P><STRONG><a name="[a9]"></a>SIGFOX_INT_get_max_micro_channel</STRONG> (Thumb, 48 bytes, Stack size 12 bytes, sigfox_internal.o(.text))
<BR><BR>[Stack]<UL><LI>Max Depth = 12<LI>Call Chain = SIGFOX_INT_get_max_micro_channel
</UL>
<BR>[Called By]<UL><LI><a href="#[a8]">&gt;&gt;</a>&nbsp;&nbsp;&nbsp;SIGFOX_API_set_std_config
</UL>

<P><STRONG><a name="[b8]"></a>SIGFOX_INT_get_macro_channel_index</STRONG> (Thumb, 94 bytes, Stack size 24 bytes, sigfox_internal.o(.text))
<BR><BR>[Stack]<UL><LI>Max Depth = 40<LI>Call Chain = SIGFOX_INT_get_macro_channel_index &rArr; __aeabi_idiv
</UL>
<BR>[Calls]<UL><LI><a href="#[38]">&gt;&gt;</a>&nbsp;&nbsp;&nbsp;__aeabi_idiv
</UL>
<BR>[Called By]<UL><LI><a href="#[af]">&gt;&gt;</a>&nbsp;&nbsp;&nbsp;SIGFOX_INT_compute_uplink_frequency
</UL>

<P><STRONG><a name="[b9]"></a>SIGFOX_INT_dc_lbt_channel_pn_max</STRONG> (Thumb, 40 bytes, Stack size 20 bytes, sigfox_internal.o(.text))
<BR><BR>[Stack]<UL><LI>Max Depth = 36<LI>Call Chain = SIGFOX_INT_dc_lbt_channel_pn_max &rArr; __aeabi_idiv
</UL>
<BR>[Calls]<UL><LI><a href="#[38]">&gt;&gt;</a>&nbsp;&nbsp;&nbsp;__aeabi_idiv
<LI><a href="#[23]">&gt;&gt;</a>&nbsp;&nbsp;&nbsp;__aeabi_uidiv
</UL>
<BR>[Called By]<UL><LI><a href="#[bb]">&gt;&gt;</a>&nbsp;&nbsp;&nbsp;SIGFOX_INT_compute_channels
</UL>

<P><STRONG><a name="[ba]"></a>SIGFOX_INT_dc_lbt_channel_pn_min</STRONG> (Thumb, 30 bytes, Stack size 12 bytes, sigfox_internal.o(.text), UNUSED)
<BR><BR>[Calls]<UL><LI><a href="#[38]">&gt;&gt;</a>&nbsp;&nbsp;&nbsp;__aeabi_idiv
</UL>

<P><STRONG><a name="[9f]"></a>RETURN_CODE</STRONG> (Thumb, 8 bytes, Stack size 0 bytes, sigfox_internal.o(.text))
<BR><BR>[Called By]<UL><LI><a href="#[9a]">&gt;&gt;</a>&nbsp;&nbsp;&nbsp;SIGFOX_API_open
<LI><a href="#[a0]">&gt;&gt;</a>&nbsp;&nbsp;&nbsp;SIGFOX_API_close
<LI><a href="#[ab]">&gt;&gt;</a>&nbsp;&nbsp;&nbsp;SIGFOX_API_stop_continuous_transmission
<LI><a href="#[aa]">&gt;&gt;</a>&nbsp;&nbsp;&nbsp;SIGFOX_API_start_continuous_transmission
<LI><a href="#[ac]">&gt;&gt;</a>&nbsp;&nbsp;&nbsp;SIGFOX_API_send_test_frame
<LI><a href="#[a5]">&gt;&gt;</a>&nbsp;&nbsp;&nbsp;SIGFOX_API_get_version
<LI><a href="#[b6]">&gt;&gt;</a>&nbsp;&nbsp;&nbsp;SIGFOX_API_get_initial_pac
</UL>

<P><STRONG><a name="[bb]"></a>SIGFOX_INT_compute_channels</STRONG> (Thumb, 362 bytes, Stack size 32 bytes, sigfox_internal.o(.text))
<BR><BR>[Stack]<UL><LI>Max Depth = 68<LI>Call Chain = SIGFOX_INT_compute_channels &rArr; SIGFOX_INT_dc_lbt_channel_pn_max &rArr; __aeabi_idiv
</UL>
<BR>[Calls]<UL><LI><a href="#[38]">&gt;&gt;</a>&nbsp;&nbsp;&nbsp;__aeabi_idiv
<LI><a href="#[23]">&gt;&gt;</a>&nbsp;&nbsp;&nbsp;__aeabi_uidiv
<LI><a href="#[bc]">&gt;&gt;</a>&nbsp;&nbsp;&nbsp;SIGFOX_INT_randomize
<LI><a href="#[b9]">&gt;&gt;</a>&nbsp;&nbsp;&nbsp;SIGFOX_INT_dc_lbt_channel_pn_max
<LI><a href="#[bd]">&gt;&gt;</a>&nbsp;&nbsp;&nbsp;SIGFOX_PN_next_pn
</UL>
<BR>[Called By]<UL><LI><a href="#[ad]">&gt;&gt;</a>&nbsp;&nbsp;&nbsp;SIGFOX_INT_prepare_transmission
</UL>

<P><STRONG><a name="[cd]"></a>SIGFOX_INT_compute_carrier_sense_frequency</STRONG> (Thumb, 44 bytes, Stack size 0 bytes, sigfox_internal.o(.text))
<BR><BR>[Called By]<UL><LI><a href="#[bf]">&gt;&gt;</a>&nbsp;&nbsp;&nbsp;SIGFOX_INT_process_uplink
</UL>

<P><STRONG><a name="[ae]"></a>SIGFOX_INT_store_nvm</STRONG> (Thumb, 64 bytes, Stack size 16 bytes, sigfox_internal.o(.text))
<BR><BR>[Stack]<UL><LI>Max Depth = 480<LI>Call Chain = SIGFOX_INT_store_nvm &rArr; MCU_API_set_nv_mem &rArr; NVM_WriteRecord &rArr; _writeRecordInternal &rArr; _setBlockState &rArr; NVM_Write &rArr; EepromWrite &rArr; EepromWriteEnable &rArr; HAL_SPI_TransmitReceive &rArr; SPI_WaitOnFlagUntilTimeout
</UL>
<BR>[Calls]<UL><LI><a href="#[be]">&gt;&gt;</a>&nbsp;&nbsp;&nbsp;MCU_API_set_nv_mem
</UL>
<BR>[Called By]<UL><LI><a href="#[ac]">&gt;&gt;</a>&nbsp;&nbsp;&nbsp;SIGFOX_API_send_test_frame
<LI><a href="#[a2]">&gt;&gt;</a>&nbsp;&nbsp;&nbsp;SIGFOX_INT_execute_communication_sequence
</UL>

<P><STRONG><a name="[a2]"></a>SIGFOX_INT_execute_communication_sequence</STRONG> (Thumb, 368 bytes, Stack size 40 bytes, sigfox_internal.o(.text))
<BR><BR>[Stack]<UL><LI>Max Depth = 520<LI>Call Chain = SIGFOX_INT_execute_communication_sequence &rArr; SIGFOX_INT_store_nvm &rArr; MCU_API_set_nv_mem &rArr; NVM_WriteRecord &rArr; _writeRecordInternal &rArr; _setBlockState &rArr; NVM_Write &rArr; EepromWrite &rArr; EepromWriteEnable &rArr; HAL_SPI_TransmitReceive &rArr; SPI_WaitOnFlagUntilTimeout
</UL>
<BR>[Calls]<UL><LI><a href="#[c1]">&gt;&gt;</a>&nbsp;&nbsp;&nbsp;MCU_API_delay
<LI><a href="#[bf]">&gt;&gt;</a>&nbsp;&nbsp;&nbsp;SIGFOX_INT_process_uplink
<LI><a href="#[c0]">&gt;&gt;</a>&nbsp;&nbsp;&nbsp;SIGFOX_INT_process_downlink
<LI><a href="#[ae]">&gt;&gt;</a>&nbsp;&nbsp;&nbsp;SIGFOX_INT_store_nvm
<LI><a href="#[ad]">&gt;&gt;</a>&nbsp;&nbsp;&nbsp;SIGFOX_INT_prepare_transmission
</UL>
<BR>[Called By]<UL><LI><a href="#[a1]">&gt;&gt;</a>&nbsp;&nbsp;&nbsp;SIGFOX_API_send_frame
<LI><a href="#[a4]">&gt;&gt;</a>&nbsp;&nbsp;&nbsp;SIGFOX_API_send_outofband
<LI><a href="#[a3]">&gt;&gt;</a>&nbsp;&nbsp;&nbsp;SIGFOX_API_send_bit
</UL>

<P><STRONG><a name="[ad]"></a>SIGFOX_INT_prepare_transmission</STRONG> (Thumb, 140 bytes, Stack size 24 bytes, sigfox_internal.o(.text))
<BR><BR>[Stack]<UL><LI>Max Depth = 312<LI>Call Chain = SIGFOX_INT_prepare_transmission &rArr; SIGFOX_INT_build_frame &rArr; SIGFOX_INT_encrypt_decrypt_frame &rArr; MCU_API_aes_128_cbc_encrypt &rArr; enc_utils_encrypt &rArr; l31 &rArr; l34 &rArr; l36 &rArr; [Anonymous Symbol] &rArr;  [Anonymous Symbol] (Cycle)
</UL>
<BR>[Calls]<UL><LI><a href="#[bb]">&gt;&gt;</a>&nbsp;&nbsp;&nbsp;SIGFOX_INT_compute_channels
<LI><a href="#[c2]">&gt;&gt;</a>&nbsp;&nbsp;&nbsp;SIGFOX_INT_build_frame
</UL>
<BR>[Called By]<UL><LI><a href="#[ac]">&gt;&gt;</a>&nbsp;&nbsp;&nbsp;SIGFOX_API_send_test_frame
<LI><a href="#[a2]">&gt;&gt;</a>&nbsp;&nbsp;&nbsp;SIGFOX_INT_execute_communication_sequence
</UL>

<P><STRONG><a name="[c3]"></a>SIGFOX_INT_encrypt_decrypt_frame</STRONG> (Thumb, 270 bytes, Stack size 80 bytes, sigfox_internal.o(.text))
<BR><BR>[Stack]<UL><LI>Max Depth = 184<LI>Call Chain = SIGFOX_INT_encrypt_decrypt_frame &rArr; MCU_API_aes_128_cbc_encrypt &rArr; enc_utils_encrypt &rArr; l31 &rArr; l34 &rArr; l36 &rArr; [Anonymous Symbol] &rArr;  [Anonymous Symbol] (Cycle)
</UL>
<BR>[Calls]<UL><LI><a href="#[c4]">&gt;&gt;</a>&nbsp;&nbsp;&nbsp;MCU_API_aes_128_cbc_encrypt
<LI><a href="#[8e]">&gt;&gt;</a>&nbsp;&nbsp;&nbsp;__aeabi_memclr
</UL>
<BR>[Called By]<UL><LI><a href="#[c2]">&gt;&gt;</a>&nbsp;&nbsp;&nbsp;SIGFOX_INT_build_frame
<LI><a href="#[b4]">&gt;&gt;</a>&nbsp;&nbsp;&nbsp;SIGFOX_INT_get_received_frames
</UL>

<P><STRONG><a name="[c2]"></a>SIGFOX_INT_build_frame</STRONG> (Thumb, 804 bytes, Stack size 104 bytes, sigfox_internal.o(.text))
<BR><BR>[Stack]<UL><LI>Max Depth = 288<LI>Call Chain = SIGFOX_INT_build_frame &rArr; SIGFOX_INT_encrypt_decrypt_frame &rArr; MCU_API_aes_128_cbc_encrypt &rArr; enc_utils_encrypt &rArr; l31 &rArr; l34 &rArr; l36 &rArr; [Anonymous Symbol] &rArr;  [Anonymous Symbol] (Cycle)
</UL>
<BR>[Calls]<UL><LI><a href="#[c6]">&gt;&gt;</a>&nbsp;&nbsp;&nbsp;MCU_API_get_voltage_temperature
<LI><a href="#[c5]">&gt;&gt;</a>&nbsp;&nbsp;&nbsp;__aeabi_idivmod
<LI><a href="#[38]">&gt;&gt;</a>&nbsp;&nbsp;&nbsp;__aeabi_idiv
<LI><a href="#[23]">&gt;&gt;</a>&nbsp;&nbsp;&nbsp;__aeabi_uidiv
<LI><a href="#[c3]">&gt;&gt;</a>&nbsp;&nbsp;&nbsp;SIGFOX_INT_encrypt_decrypt_frame
<LI><a href="#[c7]">&gt;&gt;</a>&nbsp;&nbsp;&nbsp;SIGFOX_HMAC_compute_aes
<LI><a href="#[c8]">&gt;&gt;</a>&nbsp;&nbsp;&nbsp;SIGFOX_CRC_crc16
</UL>
<BR>[Called By]<UL><LI><a href="#[ad]">&gt;&gt;</a>&nbsp;&nbsp;&nbsp;SIGFOX_INT_prepare_transmission
</UL>

<P><STRONG><a name="[b0]"></a>SIGFOX_INT_send_single_frame</STRONG> (Thumb, 128 bytes, Stack size 48 bytes, sigfox_internal.o(.text))
<BR><BR>[Stack]<UL><LI>Max Depth = 352<LI>Call Chain = SIGFOX_INT_send_single_frame &rArr; RF_API_send &rArr; ST_MCU_API_WaitForInterrupt &rArr; ST_RF_API_S2LP_IRQ_CB &rArr; priv_ST_MANUF_Transmission_Tick &rArr; priv_ST_MANUF_tx_rf_dbpsk_single_bit &rArr; priv_ST_MANUF_SpiRaw_Ramp &rArr; ST_MCU_API_SpiRaw &rArr; SdkEvalSpiRaw &rArr; HAL_SPI_TransmitReceive_DMA &rArr; HAL_DMA_Start_IT &rArr; DMA_SetConfig
</UL>
<BR>[Calls]<UL><LI><a href="#[71]">&gt;&gt;</a>&nbsp;&nbsp;&nbsp;RF_API_stop
<LI><a href="#[72]">&gt;&gt;</a>&nbsp;&nbsp;&nbsp;RF_API_send
<LI><a href="#[6e]">&gt;&gt;</a>&nbsp;&nbsp;&nbsp;RF_API_init
<LI><a href="#[77]">&gt;&gt;</a>&nbsp;&nbsp;&nbsp;RF_API_change_frequency
<LI><a href="#[c9]">&gt;&gt;</a>&nbsp;&nbsp;&nbsp;SIGFOX_SCRAMB_compute
</UL>
<BR>[Called By]<UL><LI><a href="#[bf]">&gt;&gt;</a>&nbsp;&nbsp;&nbsp;SIGFOX_INT_process_uplink
<LI><a href="#[ac]">&gt;&gt;</a>&nbsp;&nbsp;&nbsp;SIGFOX_API_send_test_frame
</UL>

<P><STRONG><a name="[ca]"></a>SIGFOX_INT_execute_carrier_sense</STRONG> (Thumb, 64 bytes, Stack size 24 bytes, sigfox_internal.o(.text))
<BR><BR>[Stack]<UL><LI>Max Depth = 336<LI>Call Chain = SIGFOX_INT_execute_carrier_sense &rArr; RF_API_wait_for_clear_channel &rArr; ST_MCU_API_WaitForInterrupt &rArr; ST_RF_API_S2LP_IRQ_CB &rArr; priv_ST_MANUF_Transmission_Tick &rArr; priv_ST_MANUF_tx_rf_dbpsk_single_bit &rArr; priv_ST_MANUF_SpiRaw_Ramp &rArr; ST_MCU_API_SpiRaw &rArr; SdkEvalSpiRaw &rArr; HAL_SPI_TransmitReceive_DMA &rArr; HAL_DMA_Start_IT &rArr; DMA_SetConfig
</UL>
<BR>[Calls]<UL><LI><a href="#[7a]">&gt;&gt;</a>&nbsp;&nbsp;&nbsp;RF_API_wait_for_clear_channel
<LI><a href="#[71]">&gt;&gt;</a>&nbsp;&nbsp;&nbsp;RF_API_stop
<LI><a href="#[6e]">&gt;&gt;</a>&nbsp;&nbsp;&nbsp;RF_API_init
<LI><a href="#[77]">&gt;&gt;</a>&nbsp;&nbsp;&nbsp;RF_API_change_frequency
</UL>
<BR>[Called By]<UL><LI><a href="#[bf]">&gt;&gt;</a>&nbsp;&nbsp;&nbsp;SIGFOX_INT_process_uplink
</UL>

<P><STRONG><a name="[bf]"></a>SIGFOX_INT_process_uplink</STRONG> (Thumb, 634 bytes, Stack size 48 bytes, sigfox_internal.o(.text))
<BR><BR>[Stack]<UL><LI>Max Depth = 400<LI>Call Chain = SIGFOX_INT_process_uplink &rArr; SIGFOX_INT_send_single_frame &rArr; RF_API_send &rArr; ST_MCU_API_WaitForInterrupt &rArr; ST_RF_API_S2LP_IRQ_CB &rArr; priv_ST_MANUF_Transmission_Tick &rArr; priv_ST_MANUF_tx_rf_dbpsk_single_bit &rArr; priv_ST_MANUF_SpiRaw_Ramp &rArr; ST_MCU_API_SpiRaw &rArr; SdkEvalSpiRaw &rArr; HAL_SPI_TransmitReceive_DMA &rArr; HAL_DMA_Start_IT &rArr; DMA_SetConfig
</UL>
<BR>[Calls]<UL><LI><a href="#[ce]">&gt;&gt;</a>&nbsp;&nbsp;&nbsp;MCU_API_timer_wait_for_end
<LI><a href="#[cf]">&gt;&gt;</a>&nbsp;&nbsp;&nbsp;MCU_API_timer_stop_carrier_sense
<LI><a href="#[cc]">&gt;&gt;</a>&nbsp;&nbsp;&nbsp;MCU_API_timer_start_carrier_sense
<LI><a href="#[cb]">&gt;&gt;</a>&nbsp;&nbsp;&nbsp;MCU_API_timer_start
<LI><a href="#[c1]">&gt;&gt;</a>&nbsp;&nbsp;&nbsp;MCU_API_delay
<LI><a href="#[38]">&gt;&gt;</a>&nbsp;&nbsp;&nbsp;__aeabi_idiv
<LI><a href="#[23]">&gt;&gt;</a>&nbsp;&nbsp;&nbsp;__aeabi_uidiv
<LI><a href="#[ca]">&gt;&gt;</a>&nbsp;&nbsp;&nbsp;SIGFOX_INT_execute_carrier_sense
<LI><a href="#[cd]">&gt;&gt;</a>&nbsp;&nbsp;&nbsp;SIGFOX_INT_compute_carrier_sense_frequency
<LI><a href="#[b0]">&gt;&gt;</a>&nbsp;&nbsp;&nbsp;SIGFOX_INT_send_single_frame
<LI><a href="#[af]">&gt;&gt;</a>&nbsp;&nbsp;&nbsp;SIGFOX_INT_compute_uplink_frequency
</UL>
<BR>[Called By]<UL><LI><a href="#[a2]">&gt;&gt;</a>&nbsp;&nbsp;&nbsp;SIGFOX_INT_execute_communication_sequence
</UL>

<P><STRONG><a name="[c0]"></a>SIGFOX_INT_process_downlink</STRONG> (Thumb, 74 bytes, Stack size 16 bytes, sigfox_internal.o(.text))
<BR><BR>[Stack]<UL><LI>Max Depth = 432<LI>Call Chain = SIGFOX_INT_process_downlink &rArr; SIGFOX_INT_get_received_frames &rArr; RF_API_wait_frame &rArr; ST_MCU_API_WaitForInterrupt &rArr; ST_RF_API_S2LP_IRQ_CB &rArr; priv_ST_MANUF_Transmission_Tick &rArr; priv_ST_MANUF_tx_rf_dbpsk_single_bit &rArr; priv_ST_MANUF_SpiRaw_Ramp &rArr; ST_MCU_API_SpiRaw &rArr; SdkEvalSpiRaw &rArr; HAL_SPI_TransmitReceive_DMA &rArr; HAL_DMA_Start_IT &rArr; DMA_SetConfig
</UL>
<BR>[Calls]<UL><LI><a href="#[ce]">&gt;&gt;</a>&nbsp;&nbsp;&nbsp;MCU_API_timer_wait_for_end
<LI><a href="#[b4]">&gt;&gt;</a>&nbsp;&nbsp;&nbsp;SIGFOX_INT_get_received_frames
<LI><a href="#[b3]">&gt;&gt;</a>&nbsp;&nbsp;&nbsp;SIGFOX_INT_downlink_configuration
</UL>
<BR>[Called By]<UL><LI><a href="#[a2]">&gt;&gt;</a>&nbsp;&nbsp;&nbsp;SIGFOX_INT_execute_communication_sequence
</UL>

<P><STRONG><a name="[b3]"></a>SIGFOX_INT_downlink_configuration</STRONG> (Thumb, 56 bytes, Stack size 16 bytes, sigfox_internal.o(.text))
<BR><BR>[Stack]<UL><LI>Max Depth = 240<LI>Call Chain = SIGFOX_INT_downlink_configuration &rArr; RF_API_init &rArr; priv_ST_MANUF_rx_rf_init &rArr; priv_ST_MANUF_WriteRegisters &rArr; ST_MCU_API_SpiRaw &rArr; SdkEvalSpiRaw &rArr; HAL_SPI_TransmitReceive_DMA &rArr; HAL_DMA_Start_IT &rArr; DMA_SetConfig
</UL>
<BR>[Calls]<UL><LI><a href="#[cb]">&gt;&gt;</a>&nbsp;&nbsp;&nbsp;MCU_API_timer_start
<LI><a href="#[71]">&gt;&gt;</a>&nbsp;&nbsp;&nbsp;RF_API_stop
<LI><a href="#[6e]">&gt;&gt;</a>&nbsp;&nbsp;&nbsp;RF_API_init
<LI><a href="#[77]">&gt;&gt;</a>&nbsp;&nbsp;&nbsp;RF_API_change_frequency
</UL>
<BR>[Called By]<UL><LI><a href="#[c0]">&gt;&gt;</a>&nbsp;&nbsp;&nbsp;SIGFOX_INT_process_downlink
<LI><a href="#[b1]">&gt;&gt;</a>&nbsp;&nbsp;&nbsp;SIGFOX_API_receive_test_frame
</UL>

<P><STRONG><a name="[b4]"></a>SIGFOX_INT_get_received_frames</STRONG> (Thumb, 360 bytes, Stack size 88 bytes, sigfox_internal.o(.text))
<BR><BR>[Stack]<UL><LI>Max Depth = 416<LI>Call Chain = SIGFOX_INT_get_received_frames &rArr; RF_API_wait_frame &rArr; ST_MCU_API_WaitForInterrupt &rArr; ST_RF_API_S2LP_IRQ_CB &rArr; priv_ST_MANUF_Transmission_Tick &rArr; priv_ST_MANUF_tx_rf_dbpsk_single_bit &rArr; priv_ST_MANUF_SpiRaw_Ramp &rArr; ST_MCU_API_SpiRaw &rArr; SdkEvalSpiRaw &rArr; HAL_SPI_TransmitReceive_DMA &rArr; HAL_DMA_Start_IT &rArr; DMA_SetConfig
</UL>
<BR>[Calls]<UL><LI><a href="#[d1]">&gt;&gt;</a>&nbsp;&nbsp;&nbsp;MCU_API_timer_stop
<LI><a href="#[d2]">&gt;&gt;</a>&nbsp;&nbsp;&nbsp;MCU_API_report_test_result
<LI><a href="#[78]">&gt;&gt;</a>&nbsp;&nbsp;&nbsp;RF_API_wait_frame
<LI><a href="#[71]">&gt;&gt;</a>&nbsp;&nbsp;&nbsp;RF_API_stop
<LI><a href="#[c3]">&gt;&gt;</a>&nbsp;&nbsp;&nbsp;SIGFOX_INT_encrypt_decrypt_frame
<LI><a href="#[d0]">&gt;&gt;</a>&nbsp;&nbsp;&nbsp;SIGFOX_DECODE_decode_frame
</UL>
<BR>[Called By]<UL><LI><a href="#[c0]">&gt;&gt;</a>&nbsp;&nbsp;&nbsp;SIGFOX_INT_process_downlink
<LI><a href="#[b1]">&gt;&gt;</a>&nbsp;&nbsp;&nbsp;SIGFOX_API_receive_test_frame
</UL>

<P><STRONG><a name="[af]"></a>SIGFOX_INT_compute_uplink_frequency</STRONG> (Thumb, 126 bytes, Stack size 24 bytes, sigfox_internal.o(.text))
<BR><BR>[Stack]<UL><LI>Max Depth = 64<LI>Call Chain = SIGFOX_INT_compute_uplink_frequency &rArr; SIGFOX_INT_get_macro_channel_index &rArr; __aeabi_idiv
</UL>
<BR>[Calls]<UL><LI><a href="#[d3]">&gt;&gt;</a>&nbsp;&nbsp;&nbsp;__aeabi_uidivmod
<LI><a href="#[b8]">&gt;&gt;</a>&nbsp;&nbsp;&nbsp;SIGFOX_INT_get_macro_channel_index
</UL>
<BR>[Called By]<UL><LI><a href="#[bf]">&gt;&gt;</a>&nbsp;&nbsp;&nbsp;SIGFOX_INT_process_uplink
<LI><a href="#[ac]">&gt;&gt;</a>&nbsp;&nbsp;&nbsp;SIGFOX_API_send_test_frame
</UL>

<P><STRONG><a name="[b2]"></a>SIGFOX_INT_compute_downlink_frequency</STRONG> (Thumb, 4 bytes, Stack size 0 bytes, sigfox_internal.o(.text), UNUSED)
<BR><BR>[Called By]<UL><LI><a href="#[b1]">&gt;&gt;</a>&nbsp;&nbsp;&nbsp;SIGFOX_API_receive_test_frame
</UL>

<P><STRONG><a name="[9d]"></a>SIGFOX_INT_get_device_id_and_payload_encryption_flag</STRONG> (Thumb, 18 bytes, Stack size 8 bytes, sigfox_internal.o(.text))
<BR><BR>[Stack]<UL><LI>Max Depth = 16<LI>Call Chain = SIGFOX_INT_get_device_id_and_payload_encryption_flag &rArr; MCU_API_get_device_id_and_payload_encryption_flag
</UL>
<BR>[Calls]<UL><LI><a href="#[d4]">&gt;&gt;</a>&nbsp;&nbsp;&nbsp;MCU_API_get_device_id_and_payload_encryption_flag
</UL>
<BR>[Called By]<UL><LI><a href="#[9a]">&gt;&gt;</a>&nbsp;&nbsp;&nbsp;SIGFOX_API_open
<LI><a href="#[b5]">&gt;&gt;</a>&nbsp;&nbsp;&nbsp;SIGFOX_API_get_device_id
</UL>

<P><STRONG><a name="[c8]"></a>SIGFOX_CRC_crc16</STRONG> (Thumb, 64 bytes, Stack size 12 bytes, sigfox_crc.o(.text))
<BR><BR>[Stack]<UL><LI>Max Depth = 12<LI>Call Chain = SIGFOX_CRC_crc16
</UL>
<BR>[Called By]<UL><LI><a href="#[c2]">&gt;&gt;</a>&nbsp;&nbsp;&nbsp;SIGFOX_INT_build_frame
</UL>

<P><STRONG><a name="[d6]"></a>SIGFOX_CRC_crc8</STRONG> (Thumb, 54 bytes, Stack size 12 bytes, sigfox_crc.o(.text))
<BR><BR>[Stack]<UL><LI>Max Depth = 12<LI>Call Chain = SIGFOX_CRC_crc8
</UL>
<BR>[Called By]<UL><LI><a href="#[d0]">&gt;&gt;</a>&nbsp;&nbsp;&nbsp;SIGFOX_DECODE_decode_frame
</UL>

<P><STRONG><a name="[d0]"></a>SIGFOX_DECODE_decode_frame</STRONG> (Thumb, 230 bytes, Stack size 72 bytes, sigfox_decode.o(.text))
<BR><BR>[Stack]<UL><LI>Max Depth = 176<LI>Call Chain = SIGFOX_DECODE_decode_frame &rArr; MCU_API_aes_128_cbc_encrypt &rArr; enc_utils_encrypt &rArr; l31 &rArr; l34 &rArr; l36 &rArr; [Anonymous Symbol] &rArr;  [Anonymous Symbol] (Cycle)
</UL>
<BR>[Calls]<UL><LI><a href="#[c4]">&gt;&gt;</a>&nbsp;&nbsp;&nbsp;MCU_API_aes_128_cbc_encrypt
<LI><a href="#[d5]">&gt;&gt;</a>&nbsp;&nbsp;&nbsp;SIGFOX_DECODE_dewhitening
<LI><a href="#[d6]">&gt;&gt;</a>&nbsp;&nbsp;&nbsp;SIGFOX_CRC_crc8
</UL>
<BR>[Called By]<UL><LI><a href="#[b4]">&gt;&gt;</a>&nbsp;&nbsp;&nbsp;SIGFOX_INT_get_received_frames
</UL>

<P><STRONG><a name="[c7]"></a>SIGFOX_HMAC_compute_aes</STRONG> (Thumb, 108 bytes, Stack size 32 bytes, sigfox_hmac.o(.text))
<BR><BR>[Stack]<UL><LI>Max Depth = 136<LI>Call Chain = SIGFOX_HMAC_compute_aes &rArr; MCU_API_aes_128_cbc_encrypt &rArr; enc_utils_encrypt &rArr; l31 &rArr; l34 &rArr; l36 &rArr; [Anonymous Symbol] &rArr;  [Anonymous Symbol] (Cycle)
</UL>
<BR>[Calls]<UL><LI><a href="#[c4]">&gt;&gt;</a>&nbsp;&nbsp;&nbsp;MCU_API_aes_128_cbc_encrypt
</UL>
<BR>[Called By]<UL><LI><a href="#[c2]">&gt;&gt;</a>&nbsp;&nbsp;&nbsp;SIGFOX_INT_build_frame
</UL>

<P><STRONG><a name="[bd]"></a>SIGFOX_PN_next_pn</STRONG> (Thumb, 100 bytes, Stack size 20 bytes, sigfox_pn.o(.text))
<BR><BR>[Stack]<UL><LI>Max Depth = 20<LI>Call Chain = SIGFOX_PN_next_pn
</UL>
<BR>[Called By]<UL><LI><a href="#[bb]">&gt;&gt;</a>&nbsp;&nbsp;&nbsp;SIGFOX_INT_compute_channels
</UL>

<P><STRONG><a name="[c9]"></a>SIGFOX_SCRAMB_compute</STRONG> (Thumb, 122 bytes, Stack size 32 bytes, sigfox_scramb.o(.text))
<BR><BR>[Stack]<UL><LI>Max Depth = 32<LI>Call Chain = SIGFOX_SCRAMB_compute
</UL>
<BR>[Calls]<UL><LI><a href="#[8e]">&gt;&gt;</a>&nbsp;&nbsp;&nbsp;__aeabi_memclr
</UL>
<BR>[Called By]<UL><LI><a href="#[b0]">&gt;&gt;</a>&nbsp;&nbsp;&nbsp;SIGFOX_INT_send_single_frame
</UL>

<P><STRONG><a name="[23]"></a>__aeabi_uidiv</STRONG> (Thumb, 0 bytes, Stack size 12 bytes, uidiv.o(.text))
<BR><BR>[Stack]<UL><LI>Max Depth = 12<LI>Call Chain = __aeabi_uidiv
</UL>
<BR>[Called By]<UL><LI><a href="#[6d]">&gt;&gt;</a>&nbsp;&nbsp;&nbsp;priv_ST_MANUF_rx_rf_init
<LI><a href="#[bf]">&gt;&gt;</a>&nbsp;&nbsp;&nbsp;SIGFOX_INT_process_uplink
<LI><a href="#[b9]">&gt;&gt;</a>&nbsp;&nbsp;&nbsp;SIGFOX_INT_dc_lbt_channel_pn_max
<LI><a href="#[bb]">&gt;&gt;</a>&nbsp;&nbsp;&nbsp;SIGFOX_INT_compute_channels
<LI><a href="#[c2]">&gt;&gt;</a>&nbsp;&nbsp;&nbsp;SIGFOX_INT_build_frame
</UL>
<BR>[Address Reference Count : 2]<UL><LI> libubignsscore.o(.text.d666)
<LI> libubignsscore.o(.text.jt568z)
</UL>
<P><STRONG><a name="[d3]"></a>__aeabi_uidivmod</STRONG> (Thumb, 44 bytes, Stack size 12 bytes, uidiv.o(.text))
<BR><BR>[Stack]<UL><LI>Max Depth = 12<LI>Call Chain = __aeabi_uidivmod
</UL>
<BR>[Called By]<UL><LI><a href="#[12f]">&gt;&gt;</a>&nbsp;&nbsp;&nbsp;HAL_InitTick
<LI><a href="#[200]">&gt;&gt;</a>&nbsp;&nbsp;&nbsp;sigfox_ubi_uldl
<LI><a href="#[205]">&gt;&gt;</a>&nbsp;&nbsp;&nbsp;sigfox_setup_uldl
<LI><a href="#[202]">&gt;&gt;</a>&nbsp;&nbsp;&nbsp;sigfox_gps_uldl
<LI><a href="#[18e]">&gt;&gt;</a>&nbsp;&nbsp;&nbsp;get_temp
<LI><a href="#[1df]">&gt;&gt;</a>&nbsp;&nbsp;&nbsp;get_bat
<LI><a href="#[1d4]">&gt;&gt;</a>&nbsp;&nbsp;&nbsp;alarm_a_set
<LI><a href="#[1cc]">&gt;&gt;</a>&nbsp;&nbsp;&nbsp;accel_dur_set
<LI><a href="#[1c5]">&gt;&gt;</a>&nbsp;&nbsp;&nbsp;SystemClock_Config
<LI><a href="#[193]">&gt;&gt;</a>&nbsp;&nbsp;&nbsp;SdkEvalTimersFindFactors
<LI><a href="#[cc]">&gt;&gt;</a>&nbsp;&nbsp;&nbsp;MCU_API_timer_start_carrier_sense
<LI><a href="#[cb]">&gt;&gt;</a>&nbsp;&nbsp;&nbsp;MCU_API_timer_start
<LI><a href="#[1fd]">&gt;&gt;</a>&nbsp;&nbsp;&nbsp;ubignss_get_time
<LI><a href="#[1eb]">&gt;&gt;</a>&nbsp;&nbsp;&nbsp;gps_get_lat_long
<LI><a href="#[135]">&gt;&gt;</a>&nbsp;&nbsp;&nbsp;HAL_RCC_GetSysClockFreq
<LI><a href="#[f1]">&gt;&gt;</a>&nbsp;&nbsp;&nbsp;ADC_DelayMicroSecond
<LI><a href="#[16d]">&gt;&gt;</a>&nbsp;&nbsp;&nbsp;UART_SetConfig
<LI><a href="#[da]">&gt;&gt;</a>&nbsp;&nbsp;&nbsp;_localtime
<LI><a href="#[c5]">&gt;&gt;</a>&nbsp;&nbsp;&nbsp;__aeabi_idivmod
<LI><a href="#[af]">&gt;&gt;</a>&nbsp;&nbsp;&nbsp;SIGFOX_INT_compute_uplink_frequency
</UL>

<P><STRONG><a name="[38]"></a>__aeabi_idiv</STRONG> (Thumb, 0 bytes, Stack size 16 bytes, idiv.o(.text))
<BR><BR>[Stack]<UL><LI>Max Depth = 16<LI>Call Chain = __aeabi_idiv
</UL>
<BR>[Called By]<UL><LI><a href="#[6e]">&gt;&gt;</a>&nbsp;&nbsp;&nbsp;RF_API_init
<LI><a href="#[bf]">&gt;&gt;</a>&nbsp;&nbsp;&nbsp;SIGFOX_INT_process_uplink
<LI><a href="#[b8]">&gt;&gt;</a>&nbsp;&nbsp;&nbsp;SIGFOX_INT_get_macro_channel_index
<LI><a href="#[ba]">&gt;&gt;</a>&nbsp;&nbsp;&nbsp;SIGFOX_INT_dc_lbt_channel_pn_min
<LI><a href="#[b9]">&gt;&gt;</a>&nbsp;&nbsp;&nbsp;SIGFOX_INT_dc_lbt_channel_pn_max
<LI><a href="#[bb]">&gt;&gt;</a>&nbsp;&nbsp;&nbsp;SIGFOX_INT_compute_channels
<LI><a href="#[c2]">&gt;&gt;</a>&nbsp;&nbsp;&nbsp;SIGFOX_INT_build_frame
</UL>
<BR>[Address Reference Count : 3]<UL><LI> libubignsscore.o(.text.zo6o)
<LI> libubignsscore.o(.text.ro7fg)
<LI> libubignsscore.o(.text.rll4e)
</UL>
<P><STRONG><a name="[c5]"></a>__aeabi_idivmod</STRONG> (Thumb, 40 bytes, Stack size 16 bytes, idiv.o(.text))
<BR><BR>[Stack]<UL><LI>Max Depth = 28<LI>Call Chain = __aeabi_idivmod &rArr; __aeabi_uidivmod
</UL>
<BR>[Calls]<UL><LI><a href="#[d3]">&gt;&gt;</a>&nbsp;&nbsp;&nbsp;__aeabi_uidivmod
</UL>
<BR>[Called By]<UL><LI><a href="#[1b8]">&gt;&gt;</a>&nbsp;&nbsp;&nbsp;ST_MCU_API_TimerCalibration
<LI><a href="#[cc]">&gt;&gt;</a>&nbsp;&nbsp;&nbsp;MCU_API_timer_start_carrier_sense
<LI><a href="#[d9]">&gt;&gt;</a>&nbsp;&nbsp;&nbsp;mktime
<LI><a href="#[c2]">&gt;&gt;</a>&nbsp;&nbsp;&nbsp;SIGFOX_INT_build_frame
</UL>

<P><STRONG><a name="[39]"></a>__aeabi_uldivmod</STRONG> (Thumb, 96 bytes, Stack size 48 bytes, uldiv.o(.text))
<BR><BR>[Stack]<UL><LI>Max Depth = 56<LI>Call Chain = __aeabi_uldivmod &rArr; __aeabi_llsr
</UL>
<BR>[Calls]<UL><LI><a href="#[d7]">&gt;&gt;</a>&nbsp;&nbsp;&nbsp;__aeabi_llsr
<LI><a href="#[d8]">&gt;&gt;</a>&nbsp;&nbsp;&nbsp;__aeabi_llsl
</UL>
<BR>[Called By]<UL><LI><a href="#[7a]">&gt;&gt;</a>&nbsp;&nbsp;&nbsp;RF_API_wait_for_clear_channel
<LI><a href="#[6e]">&gt;&gt;</a>&nbsp;&nbsp;&nbsp;RF_API_init
<LI><a href="#[77]">&gt;&gt;</a>&nbsp;&nbsp;&nbsp;RF_API_change_frequency
<LI><a href="#[64]">&gt;&gt;</a>&nbsp;&nbsp;&nbsp;priv_ST_MANUF_tx_rf_dbpsk_init
<LI><a href="#[6d]">&gt;&gt;</a>&nbsp;&nbsp;&nbsp;priv_ST_MANUF_rx_rf_init
<LI><a href="#[16d]">&gt;&gt;</a>&nbsp;&nbsp;&nbsp;UART_SetConfig
</UL>
<BR>[Address Reference Count : 1]<UL><LI> libubignsscore.o(.text.rll4e)
</UL>
<P><STRONG><a name="[65]"></a>__aeabi_lmul</STRONG> (Thumb, 122 bytes, Stack size 64 bytes, llmul.o(.text))
<BR><BR>[Stack]<UL><LI>Max Depth = 72<LI>Call Chain = __aeabi_lmul &rArr; __aeabi_llsl
</UL>
<BR>[Calls]<UL><LI><a href="#[d8]">&gt;&gt;</a>&nbsp;&nbsp;&nbsp;__aeabi_llsl
</UL>
<BR>[Called By]<UL><LI><a href="#[7a]">&gt;&gt;</a>&nbsp;&nbsp;&nbsp;RF_API_wait_for_clear_channel
<LI><a href="#[77]">&gt;&gt;</a>&nbsp;&nbsp;&nbsp;RF_API_change_frequency
<LI><a href="#[64]">&gt;&gt;</a>&nbsp;&nbsp;&nbsp;priv_ST_MANUF_tx_rf_dbpsk_init
<LI><a href="#[6d]">&gt;&gt;</a>&nbsp;&nbsp;&nbsp;priv_ST_MANUF_rx_rf_init
</UL>

<P><STRONG><a name="[22f]"></a>_ll_mul</STRONG> (Thumb, 0 bytes, Stack size 64 bytes, llmul.o(.text), UNUSED)

<P><STRONG><a name="[d9]"></a>mktime</STRONG> (Thumb, 124 bytes, Stack size 16 bytes, mktime.o(.text))
<BR><BR>[Stack]<UL><LI>Max Depth = 44<LI>Call Chain = mktime &rArr; _localtime &rArr; __aeabi_uidivmod
</UL>
<BR>[Calls]<UL><LI><a href="#[da]">&gt;&gt;</a>&nbsp;&nbsp;&nbsp;_localtime
<LI><a href="#[c5]">&gt;&gt;</a>&nbsp;&nbsp;&nbsp;__aeabi_idivmod
</UL>
<BR>[Called By]<UL><LI><a href="#[1e]">&gt;&gt;</a>&nbsp;&nbsp;&nbsp;main
<LI><a href="#[1e2]">&gt;&gt;</a>&nbsp;&nbsp;&nbsp;get_now_timestamp
<LI><a href="#[ff]">&gt;&gt;</a>&nbsp;&nbsp;&nbsp;alarm_b_set
<LI><a href="#[1d4]">&gt;&gt;</a>&nbsp;&nbsp;&nbsp;alarm_a_set
<LI><a href="#[1fd]">&gt;&gt;</a>&nbsp;&nbsp;&nbsp;ubignss_get_time
</UL>

<P><STRONG><a name="[7f]"></a>__aeabi_memcpy</STRONG> (Thumb, 36 bytes, Stack size 0 bytes, memcpya.o(.text))
<BR><BR>[Called By]<UL><LI><a href="#[91]">&gt;&gt;</a>&nbsp;&nbsp;&nbsp;enc_utils_retrieve_data_from_flash
<LI><a href="#[80]">&gt;&gt;</a>&nbsp;&nbsp;&nbsp;l73
<LI><a href="#[7e]">&gt;&gt;</a>&nbsp;&nbsp;&nbsp;l33
<LI><a href="#[1e8]">&gt;&gt;</a>&nbsp;&nbsp;&nbsp;gps_init
<LI><a href="#[94]">&gt;&gt;</a>&nbsp;&nbsp;&nbsp;enc_utils_retrieve_data
<LI><a href="#[90]">&gt;&gt;</a>&nbsp;&nbsp;&nbsp;AES_CBC_decrypt_buffer
</UL>

<P><STRONG><a name="[1b9]"></a>__aeabi_memcpy4</STRONG> (Thumb, 0 bytes, Stack size 0 bytes, memcpya.o(.text))
<BR><BR>[Called By]<UL><LI><a href="#[1b8]">&gt;&gt;</a>&nbsp;&nbsp;&nbsp;ST_MCU_API_TimerCalibration
<LI><a href="#[20a]">&gt;&gt;</a>&nbsp;&nbsp;&nbsp;sigfox_library_setup
</UL>

<P><STRONG><a name="[230]"></a>__aeabi_memcpy8</STRONG> (Thumb, 0 bytes, Stack size 0 bytes, memcpya.o(.text), UNUSED)

<P><STRONG><a name="[62]"></a>__aeabi_memset</STRONG> (Thumb, 14 bytes, Stack size 0 bytes, memseta.o(.text))
<BR><BR>[Called By]<UL><LI><a href="#[61]">&gt;&gt;</a>&nbsp;&nbsp;&nbsp;priv_ST_MANUF_ReadRegisters
<LI><a href="#[db]">&gt;&gt;</a>&nbsp;&nbsp;&nbsp;_memset$wrapper
<LI><a href="#[8e]">&gt;&gt;</a>&nbsp;&nbsp;&nbsp;__aeabi_memclr
</UL>

<P><STRONG><a name="[231]"></a>__aeabi_memset4</STRONG> (Thumb, 0 bytes, Stack size 0 bytes, memseta.o(.text), UNUSED)

<P><STRONG><a name="[232]"></a>__aeabi_memset8</STRONG> (Thumb, 0 bytes, Stack size 0 bytes, memseta.o(.text), UNUSED)

<P><STRONG><a name="[8e]"></a>__aeabi_memclr</STRONG> (Thumb, 4 bytes, Stack size 0 bytes, memseta.o(.text))
<BR><BR>[Calls]<UL><LI><a href="#[62]">&gt;&gt;</a>&nbsp;&nbsp;&nbsp;__aeabi_memset
</UL>
<BR>[Called By]<UL><LI><a href="#[91]">&gt;&gt;</a>&nbsp;&nbsp;&nbsp;enc_utils_retrieve_data_from_flash
<LI><a href="#[1e6]">&gt;&gt;</a>&nbsp;&nbsp;&nbsp;gps_strcpy
<LI><a href="#[c3]">&gt;&gt;</a>&nbsp;&nbsp;&nbsp;SIGFOX_INT_encrypt_decrypt_frame
<LI><a href="#[c9]">&gt;&gt;</a>&nbsp;&nbsp;&nbsp;SIGFOX_SCRAMB_compute
<LI><a href="#[8f]">&gt;&gt;</a>&nbsp;&nbsp;&nbsp;l37
<LI><a href="#[8b]">&gt;&gt;</a>&nbsp;&nbsp;&nbsp;l31
<LI><a href="#[94]">&gt;&gt;</a>&nbsp;&nbsp;&nbsp;enc_utils_retrieve_data
</UL>

<P><STRONG><a name="[233]"></a>__aeabi_memclr4</STRONG> (Thumb, 0 bytes, Stack size 0 bytes, memseta.o(.text), UNUSED)

<P><STRONG><a name="[234]"></a>__aeabi_memclr8</STRONG> (Thumb, 0 bytes, Stack size 0 bytes, memseta.o(.text), UNUSED)

<P><STRONG><a name="[db]"></a>_memset$wrapper</STRONG> (Thumb, 18 bytes, Stack size 8 bytes, memseta.o(.text), UNUSED)
<BR><BR>[Calls]<UL><LI><a href="#[62]">&gt;&gt;</a>&nbsp;&nbsp;&nbsp;__aeabi_memset
</UL>

<P><STRONG><a name="[1ed]"></a>strncpy</STRONG> (Thumb, 26 bytes, Stack size 8 bytes, strncpy.o(.text))
<BR><BR>[Stack]<UL><LI>Max Depth = 8<LI>Call Chain = strncpy
</UL>
<BR>[Called By]<UL><LI><a href="#[1ec]">&gt;&gt;</a>&nbsp;&nbsp;&nbsp;gps_get_time_date
<LI><a href="#[1e6]">&gt;&gt;</a>&nbsp;&nbsp;&nbsp;gps_strcpy
</UL>

<P><STRONG><a name="[1f6]"></a>strlen</STRONG> (Thumb, 14 bytes, Stack size 0 bytes, strlen.o(.text))
<BR><BR>[Called By]<UL><LI><a href="#[1e6]">&gt;&gt;</a>&nbsp;&nbsp;&nbsp;gps_strcpy
</UL>

<P><STRONG><a name="[1f5]"></a>strcmp</STRONG> (Thumb, 28 bytes, Stack size 8 bytes, strcmp.o(.text))
<BR><BR>[Stack]<UL><LI>Max Depth = 8<LI>Call Chain = strcmp
</UL>
<BR>[Called By]<UL><LI><a href="#[1e6]">&gt;&gt;</a>&nbsp;&nbsp;&nbsp;gps_strcpy
</UL>

<P><STRONG><a name="[219]"></a>memcmp</STRONG> (Thumb, 26 bytes, Stack size 12 bytes, memcmp.o(.text))
<BR><BR>[Stack]<UL><LI>Max Depth = 12<LI>Call Chain = memcmp
</UL>
<BR>[Called By]<UL><LI><a href="#[205]">&gt;&gt;</a>&nbsp;&nbsp;&nbsp;sigfox_setup_uldl
</UL>

<P><STRONG><a name="[1f2]"></a>strcpy</STRONG> (Thumb, 18 bytes, Stack size 0 bytes, strcpy.o(.text))
<BR><BR>[Called By]<UL><LI><a href="#[1e5]">&gt;&gt;</a>&nbsp;&nbsp;&nbsp;gps_nema_uart_tx
</UL>

<P><STRONG><a name="[1da]"></a>strcspn</STRONG> (Thumb, 34 bytes, Stack size 12 bytes, strcspn.o(.text))
<BR><BR>[Stack]<UL><LI>Max Depth = 12<LI>Call Chain = strcspn
</UL>
<BR>[Called By]<UL><LI><a href="#[1d9]">&gt;&gt;</a>&nbsp;&nbsp;&nbsp;decodeNext
</UL>

<P><STRONG><a name="[dc]"></a>strtol</STRONG> (Thumb, 108 bytes, Stack size 32 bytes, strtol.o(.text))
<BR><BR>[Stack]<UL><LI>Max Depth = 72<LI>Call Chain = strtol &rArr; _strtoul
</UL>
<BR>[Calls]<UL><LI><a href="#[de]">&gt;&gt;</a>&nbsp;&nbsp;&nbsp;_strtoul
<LI><a href="#[df]">&gt;&gt;</a>&nbsp;&nbsp;&nbsp;__aeabi_errno_addr
<LI><a href="#[dd]">&gt;&gt;</a>&nbsp;&nbsp;&nbsp;__rt_ctype_table
</UL>
<BR>[Called By]<UL><LI><a href="#[1eb]">&gt;&gt;</a>&nbsp;&nbsp;&nbsp;gps_get_lat_long
<LI><a href="#[e0]">&gt;&gt;</a>&nbsp;&nbsp;&nbsp;atoi
</UL>

<P><STRONG><a name="[e0]"></a>atoi</STRONG> (Thumb, 26 bytes, Stack size 16 bytes, atoi.o(.text))
<BR><BR>[Stack]<UL><LI>Max Depth = 88<LI>Call Chain = atoi &rArr; strtol &rArr; _strtoul
</UL>
<BR>[Calls]<UL><LI><a href="#[df]">&gt;&gt;</a>&nbsp;&nbsp;&nbsp;__aeabi_errno_addr
<LI><a href="#[dc]">&gt;&gt;</a>&nbsp;&nbsp;&nbsp;strtol
</UL>
<BR>[Called By]<UL><LI><a href="#[1ec]">&gt;&gt;</a>&nbsp;&nbsp;&nbsp;gps_get_time_date
</UL>

<P><STRONG><a name="[1d5]"></a>__aeabi_fmul</STRONG> (Thumb, 122 bytes, Stack size 16 bytes, fmul.o(.text))
<BR><BR>[Stack]<UL><LI>Max Depth = 16<LI>Call Chain = __aeabi_fmul
</UL>
<BR>[Called By]<UL><LI><a href="#[1d4]">&gt;&gt;</a>&nbsp;&nbsp;&nbsp;alarm_a_set
</UL>

<P><STRONG><a name="[e1]"></a>__aeabi_dadd</STRONG> (Thumb, 328 bytes, Stack size 48 bytes, dadd.o(.text))
<BR><BR>[Stack]<UL><LI>Max Depth = 104<LI>Call Chain = __aeabi_dadd &rArr; _double_epilogue &rArr; __aeabi_llsr
</UL>
<BR>[Calls]<UL><LI><a href="#[e2]">&gt;&gt;</a>&nbsp;&nbsp;&nbsp;__aeabi_lasr
<LI><a href="#[d8]">&gt;&gt;</a>&nbsp;&nbsp;&nbsp;__aeabi_llsl
<LI><a href="#[e4]">&gt;&gt;</a>&nbsp;&nbsp;&nbsp;_double_round
<LI><a href="#[e3]">&gt;&gt;</a>&nbsp;&nbsp;&nbsp;_double_epilogue
</UL>
<BR>[Called By]<UL><LI><a href="#[e5]">&gt;&gt;</a>&nbsp;&nbsp;&nbsp;__aeabi_dsub
<LI><a href="#[e6]">&gt;&gt;</a>&nbsp;&nbsp;&nbsp;__aeabi_drsub
</UL>

<P><STRONG><a name="[e5]"></a>__aeabi_dsub</STRONG> (Thumb, 12 bytes, Stack size 8 bytes, dadd.o(.text))
<BR><BR>[Stack]<UL><LI>Max Depth = 112<LI>Call Chain = __aeabi_dsub &rArr; __aeabi_dadd &rArr; _double_epilogue &rArr; __aeabi_llsr
</UL>
<BR>[Calls]<UL><LI><a href="#[e1]">&gt;&gt;</a>&nbsp;&nbsp;&nbsp;__aeabi_dadd
</UL>
<BR>[Called By]<UL><LI><a href="#[18e]">&gt;&gt;</a>&nbsp;&nbsp;&nbsp;get_temp
</UL>

<P><STRONG><a name="[e6]"></a>__aeabi_drsub</STRONG> (Thumb, 12 bytes, Stack size 8 bytes, dadd.o(.text), UNUSED)
<BR><BR>[Calls]<UL><LI><a href="#[e1]">&gt;&gt;</a>&nbsp;&nbsp;&nbsp;__aeabi_dadd
</UL>

<P><STRONG><a name="[e7]"></a>__aeabi_dmul</STRONG> (Thumb, 202 bytes, Stack size 72 bytes, dmul.o(.text))
<BR><BR>[Stack]<UL><LI>Max Depth = 128<LI>Call Chain = __aeabi_dmul &rArr; _double_epilogue &rArr; __aeabi_llsr
</UL>
<BR>[Calls]<UL><LI><a href="#[e3]">&gt;&gt;</a>&nbsp;&nbsp;&nbsp;_double_epilogue
</UL>
<BR>[Called By]<UL><LI><a href="#[18e]">&gt;&gt;</a>&nbsp;&nbsp;&nbsp;get_temp
</UL>

<P><STRONG><a name="[e8]"></a>__aeabi_ui2d</STRONG> (Thumb, 24 bytes, Stack size 16 bytes, dfltui.o(.text))
<BR><BR>[Stack]<UL><LI>Max Depth = 72<LI>Call Chain = __aeabi_ui2d &rArr; _double_epilogue &rArr; __aeabi_llsr
</UL>
<BR>[Calls]<UL><LI><a href="#[e3]">&gt;&gt;</a>&nbsp;&nbsp;&nbsp;_double_epilogue
</UL>
<BR>[Called By]<UL><LI><a href="#[18e]">&gt;&gt;</a>&nbsp;&nbsp;&nbsp;get_temp
</UL>

<P><STRONG><a name="[18f]"></a>__aeabi_f2iz</STRONG> (Thumb, 50 bytes, Stack size 0 bytes, ffixi.o(.text))
<BR><BR>[Called By]<UL><LI><a href="#[c6]">&gt;&gt;</a>&nbsp;&nbsp;&nbsp;MCU_API_get_voltage_temperature
</UL>

<P><STRONG><a name="[1d6]"></a>__aeabi_f2uiz</STRONG> (Thumb, 40 bytes, Stack size 0 bytes, ffixui.o(.text))
<BR><BR>[Called By]<UL><LI><a href="#[1d4]">&gt;&gt;</a>&nbsp;&nbsp;&nbsp;alarm_a_set
</UL>

<P><STRONG><a name="[e9]"></a>__aeabi_d2f</STRONG> (Thumb, 56 bytes, Stack size 8 bytes, d2f.o(.text))
[...]
</UL>
<BR>[Calls]<UL><LI><a href="#[5e]">&gt;&gt;</a>&nbsp;&nbsp;&nbsp;ST_MCU_API_SpiRaw
</UL>
<BR>[Called By]<UL><LI><a href="#[68]">&gt;&gt;</a>&nbsp;&nbsp;&nbsp;priv_ST_MANUF_tx_rf_dbpsk_single_bit
<LI><a href="#[6c]">&gt;&gt;</a>&nbsp;&nbsp;&nbsp;priv_ST_MANUF_rf_load_first_ramp_up
<LI><a href="#[69]">&gt;&gt;</a>&nbsp;&nbsp;&nbsp;priv_ST_MANUF_Transmission_Tick
</UL>

<P><STRONG><a name="[69]"></a>priv_ST_MANUF_Transmission_Tick</STRONG> (Thumb, 242 bytes, Stack size 24 bytes, rf_api.o(.text))
<BR><BR>[Stack]<UL><LI>Max Depth = 256<LI>Call Chain = priv_ST_MANUF_Transmission_Tick &rArr; priv_ST_MANUF_tx_rf_dbpsk_single_bit &rArr; priv_ST_MANUF_SpiRaw_Ramp &rArr; ST_MCU_API_SpiRaw &rArr; SdkEvalSpiRaw &rArr; HAL_SPI_TransmitReceive_DMA &rArr; HAL_DMA_Start_IT &rArr; DMA_SetConfig
</UL>
<BR>[Calls]<UL><LI><a href="#[6b]">&gt;&gt;</a>&nbsp;&nbsp;&nbsp;ST_MCU_API_GpioIRQ
<LI><a href="#[66]">&gt;&gt;</a>&nbsp;&nbsp;&nbsp;pn9_next_byte
<LI><a href="#[6a]">&gt;&gt;</a>&nbsp;&nbsp;&nbsp;ST_RF_API_StopRxTx
<LI><a href="#[68]">&gt;&gt;</a>&nbsp;&nbsp;&nbsp;priv_ST_MANUF_tx_rf_dbpsk_single_bit
<LI><a href="#[5d]">&gt;&gt;</a>&nbsp;&nbsp;&nbsp;priv_ST_MANUF_SpiRaw_Ramp
<LI><a href="#[5f]">&gt;&gt;</a>&nbsp;&nbsp;&nbsp;priv_ST_MANUF_CmdStrobe
</UL>
<BR>[Called By]<UL><LI><a href="#[7b]">&gt;&gt;</a>&nbsp;&nbsp;&nbsp;ST_RF_API_S2LP_IRQ_CB
</UL>

<P><STRONG><a name="[60]"></a>priv_ST_MANUF_WriteRegisters</STRONG> (Thumb, 46 bytes, Stack size 40 bytes, rf_api.o(.text))
<BR><BR>[Stack]<UL><LI>Max Depth = 128<LI>Call Chain = priv_ST_MANUF_WriteRegisters &rArr; ST_MCU_API_SpiRaw &rArr; SdkEvalSpiRaw &rArr; HAL_SPI_TransmitReceive_DMA &rArr; HAL_DMA_Start_IT &rArr; DMA_SetConfig
</UL>
<BR>[Calls]<UL><LI><a href="#[5e]">&gt;&gt;</a>&nbsp;&nbsp;&nbsp;ST_MCU_API_SpiRaw
</UL>
<BR>[Called By]<UL><LI><a href="#[78]">&gt;&gt;</a>&nbsp;&nbsp;&nbsp;RF_API_wait_frame
<LI><a href="#[7a]">&gt;&gt;</a>&nbsp;&nbsp;&nbsp;RF_API_wait_for_clear_channel
<LI><a href="#[75]">&gt;&gt;</a>&nbsp;&nbsp;&nbsp;RF_API_start_continuous_transmission
<LI><a href="#[6e]">&gt;&gt;</a>&nbsp;&nbsp;&nbsp;RF_API_init
<LI><a href="#[77]">&gt;&gt;</a>&nbsp;&nbsp;&nbsp;RF_API_change_frequency
<LI><a href="#[63]">&gt;&gt;</a>&nbsp;&nbsp;&nbsp;priv_ST_MANUF_tx_rf_init
<LI><a href="#[64]">&gt;&gt;</a>&nbsp;&nbsp;&nbsp;priv_ST_MANUF_tx_rf_dbpsk_init
<LI><a href="#[6d]">&gt;&gt;</a>&nbsp;&nbsp;&nbsp;priv_ST_MANUF_rx_rf_init
<LI><a href="#[6c]">&gt;&gt;</a>&nbsp;&nbsp;&nbsp;priv_ST_MANUF_rf_load_first_ramp_up
</UL>

<P><STRONG><a name="[6c]"></a>priv_ST_MANUF_rf_load_first_ramp_up</STRONG> (Thumb, 80 bytes, Stack size 16 bytes, rf_api.o(.text))
<BR><BR>[Stack]<UL><LI>Max Depth = 232<LI>Call Chain = priv_ST_MANUF_rf_load_first_ramp_up &rArr; priv_ST_MANUF_SpiRaw_Ramp &rArr; ST_MCU_API_SpiRaw &rArr; SdkEvalSpiRaw &rArr; HAL_SPI_TransmitReceive_DMA &rArr; HAL_DMA_Start_IT &rArr; DMA_SetConfig
</UL>
<BR>[Calls]<UL><LI><a href="#[6b]">&gt;&gt;</a>&nbsp;&nbsp;&nbsp;ST_MCU_API_GpioIRQ
<LI><a href="#[60]">&gt;&gt;</a>&nbsp;&nbsp;&nbsp;priv_ST_MANUF_WriteRegisters
<LI><a href="#[5d]">&gt;&gt;</a>&nbsp;&nbsp;&nbsp;priv_ST_MANUF_SpiRaw_Ramp
<LI><a href="#[5f]">&gt;&gt;</a>&nbsp;&nbsp;&nbsp;priv_ST_MANUF_CmdStrobe
</UL>
<BR>[Called By]<UL><LI><a href="#[75]">&gt;&gt;</a>&nbsp;&nbsp;&nbsp;RF_API_start_continuous_transmission
<LI><a href="#[72]">&gt;&gt;</a>&nbsp;&nbsp;&nbsp;RF_API_send
</UL>

<P><STRONG><a name="[6d]"></a>priv_ST_MANUF_rx_rf_init</STRONG> (Thumb, 502 bytes, Stack size 64 bytes, rf_api.o(.text))
<BR><BR>[Stack]<UL><LI>Max Depth = 192<LI>Call Chain = priv_ST_MANUF_rx_rf_init &rArr; priv_ST_MANUF_WriteRegisters &rArr; ST_MCU_API_SpiRaw &rArr; SdkEvalSpiRaw &rArr; HAL_SPI_TransmitReceive_DMA &rArr; HAL_DMA_Start_IT &rArr; DMA_SetConfig
</UL>
<BR>[Calls]<UL><LI><a href="#[60]">&gt;&gt;</a>&nbsp;&nbsp;&nbsp;priv_ST_MANUF_WriteRegisters
<LI><a href="#[65]">&gt;&gt;</a>&nbsp;&nbsp;&nbsp;__aeabi_lmul
<LI><a href="#[39]">&gt;&gt;</a>&nbsp;&nbsp;&nbsp;__aeabi_uldivmod
<LI><a href="#[23]">&gt;&gt;</a>&nbsp;&nbsp;&nbsp;__aeabi_uidiv
</UL>
<BR>[Called By]<UL><LI><a href="#[6e]">&gt;&gt;</a>&nbsp;&nbsp;&nbsp;RF_API_init
</UL>

<P><STRONG><a name="[64]"></a>priv_ST_MANUF_tx_rf_dbpsk_init</STRONG> (Thumb, 718 bytes, Stack size 56 bytes, rf_api.o(.text))
<BR><BR>[Stack]<UL><LI>Max Depth = 184<LI>Call Chain = priv_ST_MANUF_tx_rf_dbpsk_init &rArr; priv_ST_MANUF_WriteRegisters &rArr; ST_MCU_API_SpiRaw &rArr; SdkEvalSpiRaw &rArr; HAL_SPI_TransmitReceive_DMA &rArr; HAL_DMA_Start_IT &rArr; DMA_SetConfig
</UL>
<BR>[Calls]<UL><LI><a href="#[60]">&gt;&gt;</a>&nbsp;&nbsp;&nbsp;priv_ST_MANUF_WriteRegisters
<LI><a href="#[65]">&gt;&gt;</a>&nbsp;&nbsp;&nbsp;__aeabi_lmul
<LI><a href="#[39]">&gt;&gt;</a>&nbsp;&nbsp;&nbsp;__aeabi_uldivmod
</UL>
<BR>[Called By]<UL><LI><a href="#[75]">&gt;&gt;</a>&nbsp;&nbsp;&nbsp;RF_API_start_continuous_transmission
<LI><a href="#[72]">&gt;&gt;</a>&nbsp;&nbsp;&nbsp;RF_API_send
</UL>

<P><STRONG><a name="[68]"></a>priv_ST_MANUF_tx_rf_dbpsk_single_bit</STRONG> (Thumb, 58 bytes, Stack size 16 bytes, rf_api.o(.text))
<BR><BR>[Stack]<UL><LI>Max Depth = 232<LI>Call Chain = priv_ST_MANUF_tx_rf_dbpsk_single_bit &rArr; priv_ST_MANUF_SpiRaw_Ramp &rArr; ST_MCU_API_SpiRaw &rArr; SdkEvalSpiRaw &rArr; HAL_SPI_TransmitReceive_DMA &rArr; HAL_DMA_Start_IT &rArr; DMA_SetConfig
</UL>
<BR>[Calls]<UL><LI><a href="#[5d]">&gt;&gt;</a>&nbsp;&nbsp;&nbsp;priv_ST_MANUF_SpiRaw_Ramp
</UL>
<BR>[Called By]<UL><LI><a href="#[69]">&gt;&gt;</a>&nbsp;&nbsp;&nbsp;priv_ST_MANUF_Transmission_Tick
</UL>

<P><STRONG><a name="[63]"></a>priv_ST_MANUF_tx_rf_init</STRONG> (Thumb, 256 bytes, Stack size 16 bytes, rf_api.o(.text))
<BR><BR>[Stack]<UL><LI>Max Depth = 168<LI>Call Chain = priv_ST_MANUF_tx_rf_init &rArr; priv_ST_MANUF_ReadRegisters &rArr; ST_MCU_API_SpiRaw &rArr; SdkEvalSpiRaw &rArr; HAL_SPI_TransmitReceive_DMA &rArr; HAL_DMA_Start_IT &rArr; DMA_SetConfig
</UL>
<BR>[Calls]<UL><LI><a href="#[60]">&gt;&gt;</a>&nbsp;&nbsp;&nbsp;priv_ST_MANUF_WriteRegisters
<LI><a href="#[61]">&gt;&gt;</a>&nbsp;&nbsp;&nbsp;priv_ST_MANUF_ReadRegisters
</UL>
<BR>[Called By]<UL><LI><a href="#[6e]">&gt;&gt;</a>&nbsp;&nbsp;&nbsp;RF_API_init
</UL>

<P><STRONG><a name="[7c]"></a>[Anonymous Symbol]</STRONG> (Thumb, 0 bytes, Stack size 8 bytes, rf_api.o(.text))
<BR><BR>[Stack]<UL><LI>Max Depth = 104<LI>Call Chain = [Anonymous Symbol] &rArr; priv_ST_MANUF_CmdStrobe &rArr; ST_MCU_API_SpiRaw &rArr; SdkEvalSpiRaw &rArr; HAL_SPI_TransmitReceive_DMA &rArr; HAL_DMA_Start_IT &rArr; DMA_SetConfig
</UL>
<BR>[Calls]<UL><LI><a href="#[5f]">&gt;&gt;</a>&nbsp;&nbsp;&nbsp;priv_ST_MANUF_CmdStrobe
</UL>
<BR>[Called By]<UL><LI><a href="#[6a]">&gt;&gt;</a>&nbsp;&nbsp;&nbsp;ST_RF_API_StopRxTx
<LI><a href="#[73]">&gt;&gt;</a>&nbsp;&nbsp;&nbsp;ST_RF_API_StartTx
</UL>

<P><STRONG><a name="[8c]"></a>l12</STRONG> (Thumb, 14 bytes, Stack size 0 bytes, asfd32.o(.text))
<BR><BR>[Called By]<UL><LI><a href="#[8f]">&gt;&gt;</a>&nbsp;&nbsp;&nbsp;l37
<LI><a href="#[8b]">&gt;&gt;</a>&nbsp;&nbsp;&nbsp;l31
</UL>

<P><STRONG><a name="[84]"></a>l13</STRONG> (Thumb, 46 bytes, Stack size 24 bytes, asfd32.o(.text))
<BR><BR>[Stack]<UL><LI>Max Depth = 24<LI>Call Chain = l13
</UL>
<BR>[Called By]<UL><LI><a href="#[83]">&gt;&gt;</a>&nbsp;&nbsp;&nbsp;l34
<LI><a href="#[87]">&gt;&gt;</a>&nbsp;&nbsp;&nbsp;l28
</UL>

<P><STRONG><a name="[87]"></a>l28</STRONG> (Thumb, 50 bytes, Stack size 8 bytes, asfd32.o(.text))
<BR><BR>[Stack]<UL><LI>Max Depth = 64<LI>Call Chain = l28 &rArr; l74
</UL>
<BR>[Calls]<UL><LI><a href="#[8a]">&gt;&gt;</a>&nbsp;&nbsp;&nbsp;l74
<LI><a href="#[88]">&gt;&gt;</a>&nbsp;&nbsp;&nbsp;l50
<LI><a href="#[89]">&gt;&gt;</a>&nbsp;&nbsp;&nbsp;l39
<LI><a href="#[84]">&gt;&gt;</a>&nbsp;&nbsp;&nbsp;l13
</UL>
<BR>[Called By]<UL><LI><a href="#[8f]">&gt;&gt;</a>&nbsp;&nbsp;&nbsp;l37
<LI><a href="#[90]">&gt;&gt;</a>&nbsp;&nbsp;&nbsp;AES_CBC_decrypt_buffer
</UL>

<P><STRONG><a name="[8d]"></a>l29</STRONG> (Thumb, 26 bytes, Stack size 12 bytes, asfd32.o(.text))
<BR><BR>[Stack]<UL><LI>Max Depth = 12<LI>Call Chain = l29
</UL>
<BR>[Called By]<UL><LI><a href="#[8f]">&gt;&gt;</a>&nbsp;&nbsp;&nbsp;l37
<LI><a href="#[8b]">&gt;&gt;</a>&nbsp;&nbsp;&nbsp;l31
<LI><a href="#[90]">&gt;&gt;</a>&nbsp;&nbsp;&nbsp;AES_CBC_decrypt_buffer
</UL>

<P><STRONG><a name="[7e]"></a>l33</STRONG> (Thumb, 164 bytes, Stack size 24 bytes, asfd32.o(.text))
<BR><BR>[Stack]<UL><LI>Max Depth = 24<LI>Call Chain = l33
</UL>
<BR>[Calls]<UL><LI><a href="#[7f]">&gt;&gt;</a>&nbsp;&nbsp;&nbsp;__aeabi_memcpy
</UL>
<BR>[Called By]<UL><LI><a href="#[8f]">&gt;&gt;</a>&nbsp;&nbsp;&nbsp;l37
<LI><a href="#[90]">&gt;&gt;</a>&nbsp;&nbsp;&nbsp;AES_CBC_decrypt_buffer
</UL>

<P><STRONG><a name="[83]"></a>l34</STRONG> (Thumb, 52 bytes, Stack size 8 bytes, asfd32.o(.text))
<BR><BR>[Stack]<UL><LI>Max Depth = 40<LI>Call Chain = l34 &rArr; l36 &rArr; [Anonymous Symbol] &rArr;  [Anonymous Symbol] (Cycle)
</UL>
<BR>[Calls]<UL><LI><a href="#[86]">&gt;&gt;</a>&nbsp;&nbsp;&nbsp;l77
<LI><a href="#[85]">&gt;&gt;</a>&nbsp;&nbsp;&nbsp;l52
<LI><a href="#[81]">&gt;&gt;</a>&nbsp;&nbsp;&nbsp;l36
<LI><a href="#[84]">&gt;&gt;</a>&nbsp;&nbsp;&nbsp;l13
</UL>
<BR>[Called By]<UL><LI><a href="#[8b]">&gt;&gt;</a>&nbsp;&nbsp;&nbsp;l31
</UL>

<P><STRONG><a name="[81]"></a>l36</STRONG> (Thumb, 12 bytes, Stack size 16 bytes, asfd32.o(.text))
<BR><BR>[Stack]<UL><LI>Max Depth = 32<LI>Call Chain = l36 &rArr; [Anonymous Symbol] &rArr;  [Anonymous Symbol] (Cycle)
</UL>
<BR>[Calls]<UL><LI><a href="#[82]">&gt;&gt;</a>&nbsp;&nbsp;&nbsp;[Anonymous Symbol]
</UL>
<BR>[Called By]<UL><LI><a href="#[83]">&gt;&gt;</a>&nbsp;&nbsp;&nbsp;l34
</UL>

<P><STRONG><a name="[89]"></a>l39</STRONG> (Thumb, 10 bytes, Stack size 16 bytes, asfd32.o(.text))
<BR><BR>[Stack]<UL><LI>Max Depth = 16<LI>Call Chain = l39
</UL>
<BR>[Called By]<UL><LI><a href="#[87]">&gt;&gt;</a>&nbsp;&nbsp;&nbsp;l28
</UL>

<P><STRONG><a name="[88]"></a>l50</STRONG> (Thumb, 54 bytes, Stack size 0 bytes, asfd32.o(.text))
<BR><BR>[Called By]<UL><LI><a href="#[87]">&gt;&gt;</a>&nbsp;&nbsp;&nbsp;l28
</UL>

<P><STRONG><a name="[85]"></a>l52</STRONG> (Thumb, 54 bytes, Stack size 0 bytes, asfd32.o(.text))
<BR><BR>[Called By]<UL><LI><a href="#[83]">&gt;&gt;</a>&nbsp;&nbsp;&nbsp;l34
</UL>

<P><STRONG><a name="[80]"></a>l73</STRONG> (Thumb, 168 bytes, Stack size 24 bytes, asfd32.o(.text))
<BR><BR>[Stack]<UL><LI>Max Depth = 24<LI>Call Chain = l73
</UL>
<BR>[Calls]<UL><LI><a href="#[7f]">&gt;&gt;</a>&nbsp;&nbsp;&nbsp;__aeabi_memcpy
</UL>
<BR>[Called By]<UL><LI><a href="#[8b]">&gt;&gt;</a>&nbsp;&nbsp;&nbsp;l31
</UL>

<P><STRONG><a name="[8a]"></a>l74</STRONG> (Thumb, 792 bytes, Stack size 56 bytes, asfd32.o(.text))
<BR><BR>[Stack]<UL><LI>Max Depth = 56<LI>Call Chain = l74
</UL>
<BR>[Called By]<UL><LI><a href="#[87]">&gt;&gt;</a>&nbsp;&nbsp;&nbsp;l28
</UL>

<P><STRONG><a name="[86]"></a>l77</STRONG> (Thumb, 122 bytes, Stack size 20 bytes, asfd32.o(.text))
<BR><BR>[Stack]<UL><LI>Max Depth = 20<LI>Call Chain = l77
</UL>
<BR>[Called By]<UL><LI><a href="#[83]">&gt;&gt;</a>&nbsp;&nbsp;&nbsp;l34
</UL>

<P><STRONG><a name="[82]"></a>[Anonymous Symbol]</STRONG> (Thumb, 0 bytes, Stack size 16 bytes, asfd32.o(.text))
<BR><BR>[Stack]<UL><LI>Max Depth = 16 + In Cycle
<LI>Call Chain = [Anonymous Symbol] &rArr;  [Anonymous Symbol] (Cycle)
</UL>
<BR>[Calls]<UL><LI><a href="#[82]">&gt;&gt;</a>&nbsp;&nbsp;&nbsp;[Anonymous Symbol]
</UL>
<BR>[Called By]<UL><LI><a href="#[81]">&gt;&gt;</a>&nbsp;&nbsp;&nbsp;l36
<LI><a href="#[82]">&gt;&gt;</a>&nbsp;&nbsp;&nbsp;[Anonymous Symbol]
</UL>

<P><STRONG><a name="[99]"></a>[Anonymous Symbol]</STRONG> (Thumb, 0 bytes, Stack size 0 bytes, asfd32.o(.text))
<BR><BR>[Called By]<UL><LI><a href="#[98]">&gt;&gt;</a>&nbsp;&nbsp;&nbsp;enc_utils_set_public_key
</UL>

<P><STRONG><a name="[47]"></a>treis</STRONG> (Thumb, 32 bytes, Stack size unknown bytes, libubignsscore.o(.text.treis))
<BR>[Address Reference Count : 1]<UL><LI> libubignsscore.o(.text.ubignss_init_after_gps_power_on)
</UL>
<P><STRONG><a name="[31]"></a>cd830</STRONG> (Thumb, 196 bytes, Stack size unknown bytes, libubignsscore.o(.text.cd830))
<BR>[Address Reference Count : 2]<UL><LI> libubignsscore.o(.text.ofn82)
<LI> libubignsscore.o(.text.ubignss_init_after_gps_power_on)
</UL>
<P><STRONG><a name="[49]"></a>cje53</STRONG> (Thumb, 284 bytes, Stack size unknown bytes, libubignsscore.o(.text.cje53))
<BR>[Address Reference Count : 1]<UL><LI> libubignsscore.o(.text.ubignss_init_after_gps_power_on)
</UL>
<P><STRONG><a name="[28]"></a>raz_qi_array</STRONG> (Thumb, 56 bytes, Stack size unknown bytes, libubignsscore.o(.text.raz_qi_array))
<BR>[Address Reference Count : 2]<UL><LI> libubignsscore.o(.text.ubignss_init_after_gps_power_on)
<LI> libubignsscore.o(.text.gsproc)
</UL>
<P><STRONG><a name="[24]"></a>flat852</STRONG> (Thumb, 20 bytes, Stack size unknown bytes, libubignsscore.o(.text.flat852))
<BR>[Address Reference Count : 4]<UL><LI> libubignsscore.o(.text.dro1p)
<LI> libubignsscore.o(.text.ofn82)
<LI> libubignsscore.o(.text.mzt3)
<LI> libubignsscore.o(.text.ubignss_init_after_gps_power_on)
</UL>
<P><STRONG><a name="[4a]"></a>reset_all_time_fileds</STRONG> (Thumb, 40 bytes, Stack size unknown bytes, libubignsscore.o(.text.reset_all_time_fileds))
<BR>[Address Reference Count : 1]<UL><LI> libubignsscore.o(.text.ubignss_init_after_gps_power_on)
</UL>
<P><STRONG><a name="[3d]"></a>merf2</STRONG> (Thumb, 20 bytes, Stack size unknown bytes, libubignsscore.o(.text.merf2))
<BR>[Address Reference Count : 1]<UL><LI> libubignsscore.o(.text.ubignss_fix)
</UL>
<P><STRONG><a name="[22]"></a>cnd44</STRONG> (Thumb, 20 bytes, Stack size unknown bytes, libubignsscore.o(.text.cnd44))
<BR>[Address Reference Count : 4]<UL><LI> libubignsscore.o(.text.ofn82)
<LI> libubignsscore.o(.text.d666)
<LI> libubignsscore.o(.text.ubignss_fix)
<LI> libubignsscore.o(.text.jt568z)
</UL>
<P><STRONG><a name="[3e]"></a>ofn82</STRONG> (Thumb, 424 bytes, Stack size unknown bytes, libubignsscore.o(.text.ofn82))
<BR>[Address Reference Count : 1]<UL><LI> libubignsscore.o(.text.ubignss_fix)
</UL>
<P><STRONG><a name="[40]"></a>mzt3</STRONG> (Thumb, 132 bytes, Stack size unknown bytes, libubignsscore.o(.text.mzt3))
<BR>[Address Reference Count : 1]<UL><LI> libubignsscore.o(.text.ubignss_fix)
</UL>
<P><STRONG><a name="[41]"></a>d666</STRONG> (Thumb, 80 bytes, Stack size unknown bytes, libubignsscore.o(.text.d666))
<BR>[Address Reference Count : 1]<UL><LI> libubignsscore.o(.text.ubignss_fix)
</UL>
<P><STRONG><a name="[42]"></a>soup4</STRONG> (Thumb, 760 bytes, Stack size unknown bytes, libubignsscore.o(.text.soup4))
<BR>[Address Reference Count : 1]<UL><LI> libubignsscore.o(.text.ubignss_fix)
</UL>
<P><STRONG><a name="[44]"></a>k55f</STRONG> (Thumb, 648 bytes, Stack size unknown bytes, libubignsscore.o(.text.k55f))
<BR>[Address Reference Count : 1]<UL><LI> libubignsscore.o(.text.ubignss_fix)
</UL>
<P><STRONG><a name="[45]"></a>dlgn3</STRONG> (Thumb, 160 bytes, Stack size unknown bytes, libubignsscore.o(.text.dlgn3))
<BR>[Address Reference Count : 1]<UL><LI> libubignsscore.o(.text.ubignss_fix)
</UL>
<P><STRONG><a name="[46]"></a>gfm41</STRONG> (Thumb, 52 bytes, Stack size unknown bytes, libubignsscore.o(.text.gfm41))
<BR>[Address Reference Count : 1]<UL><LI> libubignsscore.o(.text.ubignss_fix)
</UL>
<P><STRONG><a name="[33]"></a>truq3</STRONG> (Thumb, 252 bytes, Stack size unknown bytes, libubignsscore.o(.text.truq3))
<BR>[Address Reference Count : 1]<UL><LI> libubignsscore.o(.text.ofn82)
</UL>
<P><STRONG><a name="[34]"></a>dro1p</STRONG> (Thumb, 40 bytes, Stack size unknown bytes, libubignsscore.o(.text.dro1p))
<BR>[Address Reference Count : 1]<UL><LI> libubignsscore.o(.text.ofn82)
</UL>
<P><STRONG><a name="[3a]"></a>vnv5</STRONG> (Thumb, 20 bytes, Stack size unknown bytes, libubignsscore.o(.text.vnv5))
<BR>[Address Reference Count : 1]<UL><LI> libubignsscore.o(.text.treis)
</UL>
<P><STRONG><a name="[21]"></a>pib40</STRONG> (Thumb, 504 bytes, Stack size unknown bytes, libubignsscore.o(.text.pib40))
<BR>[Address Reference Count : 1]<UL><LI> libubignsscore.o(.text.cd830)
</UL>
<P><STRONG><a name="[2e]"></a>zo6o</STRONG> (Thumb, 1000 bytes, Stack size unknown bytes, libubignsscore.o(.text.zo6o))
<BR>[Address Reference Count : 1]<UL><LI> libubignsscore.o(.text.mzt3)
</UL>
<P><STRONG><a name="[2f]"></a>gsproc</STRONG> (Thumb, 148 bytes, Stack size unknown bytes, libubignsscore.o(.text.gsproc))
<BR>[Address Reference Count : 1]<UL><LI> libubignsscore.o(.text.mzt3)
</UL>
<P><STRONG><a name="[30]"></a>gstpss</STRONG> (Thumb, 104 bytes, Stack size unknown bytes, libubignsscore.o(.text.gstpss))
<BR>[Address Reference Count : 1]<UL><LI> libubignsscore.o(.text.mzt3)
</UL>
<P><STRONG><a name="[4b]"></a>del8</STRONG> (Thumb, 724 bytes, Stack size unknown bytes, libubignsscore.o(.text.del8))
<BR>[Address Reference Count : 1]<UL><LI> libubignsscore.o(.text.zo6o)
</UL>
<P><STRONG><a name="[4c]"></a>zerr12</STRONG> (Thumb, 436 bytes, Stack size unknown bytes, libubignsscore.o(.text.zerr12))
<BR>[Address Reference Count : 1]<UL><LI> libubignsscore.o(.text.zo6o)
</UL>
<P><STRONG><a name="[4d]"></a>re788</STRONG> (Thumb, 400 bytes, Stack size unknown bytes, libubignsscore.o(.text.re788))
<BR>[Address Reference Count : 1]<UL><LI> libubignsscore.o(.text.zo6o)
</UL>
<P><STRONG><a name="[4e]"></a>aalm</STRONG> (Thumb, 208 bytes, Stack size unknown bytes, libubignsscore.o(.text.aalm))
<BR>[Address Reference Count : 1]<UL><LI> libubignsscore.o(.text.zo6o)
</UL>
<P><STRONG><a name="[4f]"></a>jt568z</STRONG> (Thumb, 48 bytes, Stack size unknown bytes, libubignsscore.o(.text.jt568z))
<BR>[Address Reference Count : 1]<UL><LI> libubignsscore.o(.text.zo6o)
</UL>
<P><STRONG><a name="[25]"></a>glek4</STRONG> (Thumb, 56 bytes, Stack size unknown bytes, libubignsscore.o(.text.glek4))
<BR>[Address Reference Count : 1]<UL><LI> libubignsscore.o(.text.fgh22)
</UL>
<P><STRONG><a name="[26]"></a>hhg3</STRONG> (Thumb, 580 bytes, Stack size unknown bytes, libubignsscore.o(.text.hhg3))
<BR>[Address Reference Count : 1]<UL><LI> libubignsscore.o(.text.fgh22)
</UL>
<P><STRONG><a name="[29]"></a>uret10</STRONG> (Thumb, 1712 bytes, Stack size unknown bytes, libubignsscore.o(.text.uret10))
<BR>[Address Reference Count : 1]<UL><LI> libubignsscore.o(.text.hhg3)
</UL>
<P><STRONG><a name="[2a]"></a>ro7fg</STRONG> (Thumb, 284 bytes, Stack size unknown bytes, libubignsscore.o(.text.ro7fg))
<BR>[Address Reference Count : 1]<UL><LI> libubignsscore.o(.text.hhg3)
</UL>
<P><STRONG><a name="[2b]"></a>rll4e</STRONG> (Thumb, 3016 bytes, Stack size unknown bytes, libubignsscore.o(.text.rll4e))
<BR>[Address Reference Count : 1]<UL><LI> libubignsscore.o(.text.hhg3)
</UL>
<P><STRONG><a name="[2c]"></a>bpdj</STRONG> (Thumb, 180 bytes, Stack size unknown bytes, libubignsscore.o(.text.bpdj))
<BR>[Address Reference Count : 1]<UL><LI> libubignsscore.o(.text.hhg3)
</UL>
<P><STRONG><a name="[2d]"></a>ljf85</STRONG> (Thumb, 120 bytes, Stack size unknown bytes, libubignsscore.o(.text.ljf85))
<BR>[Address Reference Count : 1]<UL><LI> libubignsscore.o(.text.hhg3)
</UL>
<P><STRONG><a name="[27]"></a>vpano</STRONG> (Thumb, 104 bytes, Stack size unknown bytes, libubignsscore.o(.text.vpano))
<BR>[Address Reference Count : 2]<UL><LI> libubignsscore.o(.text.ro7fg)
<LI> libubignsscore.o(.text.ghkdf)
</UL>
<P><STRONG><a name="[36]"></a>ghkdf</STRONG> (Thumb, 124 bytes, Stack size unknown bytes, libubignsscore.o(.text.ghkdf))
<BR>[Address Reference Count : 1]<UL><LI> libubignsscore.o(.text.rll4e)
</UL>
<P><STRONG><a name="[37]"></a>cfg2</STRONG> (Thumb, 216 bytes, Stack size unknown bytes, libubignsscore.o(.text.cfg2))
<BR>[Address Reference Count : 1]<UL><LI> libubignsscore.o(.text.rll4e)
</UL>
<P><STRONG><a name="[d5]"></a>SIGFOX_DECODE_dewhitening</STRONG> (Thumb, 242 bytes, Stack size 20 bytes, sigfox_decode.o(.text))
<BR><BR>[Stack]<UL><LI>Max Depth = 20<LI>Call Chain = SIGFOX_DECODE_dewhitening
</UL>
<BR>[Called By]<UL><LI><a href="#[d0]">&gt;&gt;</a>&nbsp;&nbsp;&nbsp;SIGFOX_DECODE_decode_frame
</UL>
<P>
<H3>
Undefined Global Symbols
</H3><HR></body></html>
